Component: ARM Compiler 5.06 update 7 (build 960) Tool: armlink [4d3601]

==============================================================================

Section Cross References

    startup_stm32f103xb.o(RESET) refers to startup_stm32f103xb.o(STACK) for __initial_sp
    startup_stm32f103xb.o(RESET) refers to startup_stm32f103xb.o(.text) for Reset_Handler
    startup_stm32f103xb.o(RESET) refers to stm32f1xx_it.o(i.NMI_Handler) for NMI_Handler
    startup_stm32f103xb.o(RESET) refers to stm32f1xx_it.o(i.HardFault_Handler) for HardFault_Handler
    startup_stm32f103xb.o(RESET) refers to stm32f1xx_it.o(i.MemManage_Handler) for MemManage_Handler
    startup_stm32f103xb.o(RESET) refers to stm32f1xx_it.o(i.BusFault_Handler) for BusFault_Handler
    startup_stm32f103xb.o(RESET) refers to stm32f1xx_it.o(i.UsageFault_Handler) for UsageFault_Handler
    startup_stm32f103xb.o(RESET) refers to port.o(.emb_text) for SVC_Handler
    startup_stm32f103xb.o(RESET) refers to stm32f1xx_it.o(i.DebugMon_Handler) for DebugMon_Handler
    startup_stm32f103xb.o(RESET) refers to cmsis_os2.o(i.SysTick_Handler) for SysTick_Handler
    startup_stm32f103xb.o(RESET) refers to stm32f1xx_it.o(i.DMA1_Channel6_IRQHandler) for DMA1_Channel6_IRQHandler
    startup_stm32f103xb.o(RESET) refers to stm32f1xx_it.o(i.DMA1_Channel7_IRQHandler) for DMA1_Channel7_IRQHandler
    startup_stm32f103xb.o(RESET) refers to stm32f1xx_it.o(i.TIM4_IRQHandler) for TIM4_IRQHandler
    startup_stm32f103xb.o(RESET) refers to stm32f1xx_it.o(i.USART2_IRQHandler) for USART2_IRQHandler
    startup_stm32f103xb.o(.text) refers to system_stm32f1xx.o(i.SystemInit) for SystemInit
    startup_stm32f103xb.o(.text) refers to entry.o(.ARM.Collect$$$$00000000) for __main
    main.o(i.HAL_TIM_PeriodElapsedCallback) refers to stm32f1xx_hal.o(i.HAL_IncTick) for HAL_IncTick
    main.o(i.SystemClock_Config) refers to memseta.o(.text) for __aeabi_memclr4
    main.o(i.SystemClock_Config) refers to stm32f1xx_hal_rcc.o(i.HAL_RCC_OscConfig) for HAL_RCC_OscConfig
    main.o(i.SystemClock_Config) refers to main.o(i.Error_Handler) for Error_Handler
    main.o(i.SystemClock_Config) refers to stm32f1xx_hal_rcc.o(i.HAL_RCC_ClockConfig) for HAL_RCC_ClockConfig
    main.o(i.SystemClock_Config) refers to stm32f1xx_hal_rcc_ex.o(i.HAL_RCCEx_PeriphCLKConfig) for HAL_RCCEx_PeriphCLKConfig
    main.o(i.main) refers to stm32f1xx_hal.o(i.HAL_Init) for HAL_Init
    main.o(i.main) refers to main.o(i.SystemClock_Config) for SystemClock_Config
    main.o(i.main) refers to gpio.o(i.MX_GPIO_Init) for MX_GPIO_Init
    main.o(i.main) refers to dma.o(i.MX_DMA_Init) for MX_DMA_Init
    main.o(i.main) refers to usart.o(i.MX_USART1_UART_Init) for MX_USART1_UART_Init
    main.o(i.main) refers to tim.o(i.MX_TIM3_Init) for MX_TIM3_Init
    main.o(i.main) refers to adc.o(i.MX_ADC1_Init) for MX_ADC1_Init
    main.o(i.main) refers to i2c.o(i.MX_I2C1_Init) for MX_I2C1_Init
    main.o(i.main) refers to usart.o(i.MX_USART2_UART_Init) for MX_USART2_UART_Init
    main.o(i.main) refers to app_data.o(i.app_data_init) for app_data_init
    main.o(i.main) refers to cmsis_os2.o(i.osKernelInitialize) for osKernelInitialize
    main.o(i.main) refers to freertos.o(i.MX_FREERTOS_Init) for MX_FREERTOS_Init
    main.o(i.main) refers to cmsis_os2.o(i.osKernelStart) for osKernelStart
    gpio.o(i.MX_GPIO_Init) refers to stm32f1xx_hal_gpio.o(i.HAL_GPIO_WritePin) for HAL_GPIO_WritePin
    gpio.o(i.MX_GPIO_Init) refers to stm32f1xx_hal_gpio.o(i.HAL_GPIO_Init) for HAL_GPIO_Init
    freertos.o(i.MX_FREERTOS_Init) refers to cmsis_os2.o(i.osThreadNew) for osThreadNew
    freertos.o(i.MX_FREERTOS_Init) refers to freertos.o(.constdata) for sensorTask_attributes
    freertos.o(i.MX_FREERTOS_Init) refers to app_task_sensor.o(i.sensorTaskStart) for sensorTaskStart
    freertos.o(i.MX_FREERTOS_Init) refers to freertos.o(.data) for sensorTaskHandle
    freertos.o(i.MX_FREERTOS_Init) refers to app_task_ui.o(i.uiTaskStart) for uiTaskStart
    freertos.o(i.MX_FREERTOS_Init) refers to app_task_net.o(i.netTaskStart) for netTaskStart
    freertos.o(i.MX_FREERTOS_Init) refers to app_task_ctrl.o(i.ctrlTaskStart) for ctrlTaskStart
    freertos.o(i.sensorTaskStart) refers to cmsis_os2.o(i.osDelay) for osDelay
    freertos.o(.constdata) refers to freertos.o(.conststring) for .conststring
    adc.o(i.HAL_ADC_MspDeInit) refers to stm32f1xx_hal_gpio.o(i.HAL_GPIO_DeInit) for HAL_GPIO_DeInit
    adc.o(i.HAL_ADC_MspInit) refers to stm32f1xx_hal_gpio.o(i.HAL_GPIO_Init) for HAL_GPIO_Init
    adc.o(i.MX_ADC1_Init) refers to stm32f1xx_hal_adc.o(i.HAL_ADC_Init) for HAL_ADC_Init
    adc.o(i.MX_ADC1_Init) refers to main.o(i.Error_Handler) for Error_Handler
    adc.o(i.MX_ADC1_Init) refers to stm32f1xx_hal_adc.o(i.HAL_ADC_ConfigChannel) for HAL_ADC_ConfigChannel
    adc.o(i.MX_ADC1_Init) refers to adc.o(.bss) for hadc1
    dma.o(i.MX_DMA_Init) refers to stm32f1xx_hal_cortex.o(i.HAL_NVIC_SetPriority) for HAL_NVIC_SetPriority
[...]
    __asm___6_port_c_39a90d8d__prvStartFirstTask 0x08000129   Thumb Code    28  port.o(.emb_text)
    PendSV_Handler                           0x08000149   Thumb Code    72  port.o(.emb_text)
    vPortGetIPSR                             0x08000195   Thumb Code     6  port.o(.emb_text)
    Reset_Handler                            0x0800019d   Thumb Code     8  startup_stm32f103xb.o(.text)
    ADC1_2_IRQHandler                        0x080001b7   Thumb Code     0  startup_stm32f103xb.o(.text)
    CAN1_RX1_IRQHandler                      0x080001b7   Thumb Code     0  startup_stm32f103xb.o(.text)
    CAN1_SCE_IRQHandler                      0x080001b7   Thumb Code     0  startup_stm32f103xb.o(.text)
    DMA1_Channel1_IRQHandler                 0x080001b7   Thumb Code     0  startup_stm32f103xb.o(.text)
    DMA1_Channel2_IRQHandler                 0x080001b7   Thumb Code     0  startup_stm32f103xb.o(.text)
    DMA1_Channel3_IRQHandler                 0x080001b7   Thumb Code     0  startup_stm32f103xb.o(.text)
    DMA1_Channel4_IRQHandler                 0x080001b7   Thumb Code     0  startup_stm32f103xb.o(.text)
    DMA1_Channel5_IRQHandler                 0x080001b7   Thumb Code     0  startup_stm32f103xb.o(.text)
    EXTI0_IRQHandler                         0x080001b7   Thumb Code     0  startup_stm32f103xb.o(.text)
    EXTI15_10_IRQHandler                     0x080001b7   Thumb Code     0  startup_stm32f103xb.o(.text)
    EXTI1_IRQHandler                         0x080001b7   Thumb Code     0  startup_stm32f103xb.o(.text)
    EXTI2_IRQHandler                         0x080001b7   Thumb Code     0  startup_stm32f103xb.o(.text)
    EXTI3_IRQHandler                         0x080001b7   Thumb Code     0  startup_stm32f103xb.o(.text)
    EXTI4_IRQHandler                         0x080001b7   Thumb Code     0  startup_stm32f103xb.o(.text)
    EXTI9_5_IRQHandler                       0x080001b7   Thumb Code     0  startup_stm32f103xb.o(.text)
    FLASH_IRQHandler                         0x080001b7   Thumb Code     0  startup_stm32f103xb.o(.text)
    I2C1_ER_IRQHandler                       0x080001b7   Thumb Code     0  startup_stm32f103xb.o(.text)
    I2C1_EV_IRQHandler                       0x080001b7   Thumb Code     0  startup_stm32f103xb.o(.text)
    I2C2_ER_IRQHandler                       0x080001b7   Thumb Code     0  startup_stm32f103xb.o(.text)
    I2C2_EV_IRQHandler                       0x080001b7   Thumb Code     0  startup_stm32f103xb.o(.text)
    PVD_IRQHandler                           0x080001b7   Thumb Code     0  startup_stm32f103xb.o(.text)
    RCC_IRQHandler                           0x080001b7   Thumb Code     0  startup_stm32f103xb.o(.text)
    RTC_Alarm_IRQHandler                     0x080001b7   Thumb Code     0  startup_stm32f103xb.o(.text)
    RTC_IRQHandler                           0x080001b7   Thumb Code     0  startup_stm32f103xb.o(.text)
    SPI1_IRQHandler                          0x080001b7   Thumb Code     0  startup_stm32f103xb.o(.text)
    SPI2_IRQHandler                          0x080001b7   Thumb Code     0  startup_stm32f103xb.o(.text)
    TAMPER_IRQHandler                        0x080001b7   Thumb Code     0  startup_stm32f103xb.o(.text)
    TIM1_BRK_IRQHandler                      0x080001b7   Thumb Code     0  startup_stm32f103xb.o(.text)
    TIM1_CC_IRQHandler                       0x080001b7   Thumb Code     0  startup_stm32f103xb.o(.text)
    TIM1_TRG_COM_IRQHandler                  0x080001b7   Thumb Code     0  startup_stm32f103xb.o(.text)
    TIM1_UP_IRQHandler                       0x080001b7   Thumb Code     0  startup_stm32f103xb.o(.text)
    TIM2_IRQHandler                          0x080001b7   Thumb Code     0  startup_stm32f103xb.o(.text)
    TIM3_IRQHandler                          0x080001b7   Thumb Code     0  startup_stm32f103xb.o(.text)
    USART1_IRQHandler                        0x080001b7   Thumb Code     0  startup_stm32f103xb.o(.text)
    USART3_IRQHandler                        0x080001b7   Thumb Code     0  startup_stm32f103xb.o(.text)
    USBWakeUp_IRQHandler                     0x080001b7   Thumb Code     0  startup_stm32f103xb.o(.text)
    USB_HP_CAN1_TX_IRQHandler                0x080001b7   Thumb Code     0  startup_stm32f103xb.o(.text)
    USB_LP_CAN1_RX0_IRQHandler               0x080001b7   Thumb Code     0  startup_stm32f103xb.o(.text)
    WWDG_IRQHandler                          0x080001b7   Thumb Code     0  startup_stm32f103xb.o(.text)
    __aeabi_llsr                             0x080001c1   Thumb Code    32  llushr.o(.text)
    _ll_ushift_r                             0x080001c1   Thumb Code     0  llushr.o(.text)
    __aeabi_memcpy                           0x080001e1   Thumb Code    36  memcpya.o(.text)
    __aeabi_memcpy4                          0x080001e1   Thumb Code     0  memcpya.o(.text)
    __aeabi_memcpy8                          0x080001e1   Thumb Code     0  memcpya.o(.text)
    __aeabi_memset                           0x08000205   Thumb Code    14  memseta.o(.text)
    __aeabi_memset4                          0x08000205   Thumb Code     0  memseta.o(.text)
    __aeabi_memset8                          0x08000205   Thumb Code     0  memseta.o(.text)
    __aeabi_memclr                           0x08000213   Thumb Code     4  memseta.o(.text)
    __aeabi_memclr4                          0x08000213   Thumb Code     0  memseta.o(.text)
    __aeabi_memclr8                          0x08000213   Thumb Code     0  memseta.o(.text)
    memset                                   0x08000217   Thumb Code    18  memseta.o(.text)
    strstr                                   0x08000229   Thumb Code    36  strstr.o(.text)
    strlen                                   0x0800024d   Thumb Code    14  strlen.o(.text)
    strcmp                                   0x0800025b   Thumb Code    28  strcmp.o(.text)
    __aeabi_dadd                             0x08000277   Thumb Code   322  dadd.o(.text)
    __aeabi_dsub                             0x080003b9   Thumb Code     6  dadd.o(.text)
    __aeabi_drsub                            0x080003bf   Thumb Code     6  dadd.o(.text)
    __aeabi_dmul                             0x080003c5   Thumb Code   228  dmul.o(.text)
    __aeabi_ddiv                             0x080004a9   Thumb Code   222  ddiv.o(.text)
    __aeabi_cdrcmple                         0x08000589   Thumb Code    48  cdrcmple.o(.text)
    __aeabi_uidiv                            0x080005b9   Thumb Code     0  uidiv.o(.text)
    __aeabi_uidivmod                         0x080005b9   Thumb Code    44  uidiv.o(.text)
    __aeabi_uldivmod                         0x080005e5   Thumb Code    98  uldiv.o(.text)
    __aeabi_llsl                             0x08000647   Thumb Code    30  llshl.o(.text)
    _ll_shift_l                              0x08000647   Thumb Code     0  llshl.o(.text)
    __aeabi_lasr                             0x08000665   Thumb Code    36  llsshr.o(.text)
    _ll_sshift_r                             0x08000665   Thumb Code     0  llsshr.o(.text)
    __I$use$fp                               0x08000689   Thumb Code     0  iusefp.o(.text)
    _double_round                            0x08000689   Thumb Code    30  depilogue.o(.text)
    _double_epilogue                         0x080006a7   Thumb Code   156  depilogue.o(.text)
    __aeabi_d2ulz                            0x08000743   Thumb Code    48  dfixul.o(.text)
    __scatterload                            0x08000775   Thumb Code    28  init.o(.text)
    __scatterload_rt2                        0x08000775   Thumb Code     0  init.o(.text)
    __decompress                             0x08000799   Thumb Code     0  __dczerorl.o(.text)
    __decompress0                            0x08000799   Thumb Code    58  __dczerorl.o(.text)
    ADC_ConversionStop_Disable               0x080007d3   Thumb Code    92  stm32f1xx_hal_adc.o(i.ADC_ConversionStop_Disable)
    ADC_Enable                               0x08000831   Thumb Code   134  stm32f1xx_hal_adc.o(i.ADC_Enable)
    BusFault_Handler                         0x080008c1   Thumb Code     4  stm32f1xx_it.o(i.BusFault_Handler)
    DMA1_Channel6_IRQHandler                 0x080008c5   Thumb Code    10  stm32f1xx_it.o(i.DMA1_Channel6_IRQHandler)
    DMA1_Channel7_IRQHandler                 0x080008d5   Thumb Code    10  stm32f1xx_it.o(i.DMA1_Channel7_IRQHandler)
    DebugMon_Handler                         0x08000911   Thumb Code     2  stm32f1xx_it.o(i.DebugMon_Handler)
    ESP8266_Init                             0x08000915   Thumb Code   124  drv_esp8266.o(i.ESP8266_Init)
    ESP8266_RxClear                          0x080009c5   Thumb Code    16  drv_esp8266.o(i.ESP8266_RxClear)
    ESP8266_RxDmaPoll                        0x080009d9   Thumb Code   106  drv_esp8266.o(i.ESP8266_RxDmaPoll)
    ESP8266_RxPop                            0x08000a51   Thumb Code    64  drv_esp8266.o(i.ESP8266_RxPop)
    ESP8266_SendCmdWait                      0x08000a9d   Thumb Code   412  drv_esp8266.o(i.ESP8266_SendCmdWait)
    ESP8266_SendRawLen                       0x08000cb1   Thumb Code    38  drv_esp8266.o(i.ESP8266_SendRawLen)
    ESP8266_SendRawStr                       0x08000cdd   Thumb Code    42  drv_esp8266.o(i.ESP8266_SendRawStr)
    ESP8266_WaitResp                         0x08000d0d   Thumb Code   356  drv_esp8266.o(i.ESP8266_WaitResp)
    Error_Handler                            0x08000ee1   Thumb Code     6  main.o(i.Error_Handler)
    HAL_ADCEx_Calibration_Start              0x08000ee9   Thumb Code   278  stm32f1xx_hal_adc_ex.o(i.HAL_ADCEx_Calibration_Start)
    HAL_ADC_ConfigChannel                    0x08001005   Thumb Code   338  stm32f1xx_hal_adc.o(i.HAL_ADC_ConfigChannel)
    HAL_ADC_GetValue                         0x08001165   Thumb Code     8  stm32f1xx_hal_adc.o(i.HAL_ADC_GetValue)
    HAL_ADC_Init                             0x0800116d   Thumb Code   314  stm32f1xx_hal_adc.o(i.HAL_ADC_Init)
    HAL_ADC_MspInit                          0x080012b1   Thumb Code   140  adc.o(i.HAL_ADC_MspInit)
    HAL_ADC_PollForConversion                0x0800134d   Thumb Code   366  stm32f1xx_hal_adc.o(i.HAL_ADC_PollForConversion)
    HAL_ADC_Start                            0x080014cd   Thumb Code   294  stm32f1xx_hal_adc.o(i.HAL_ADC_Start)
    HAL_ADC_Stop                             0x080015fd   Thumb Code    64  stm32f1xx_hal_adc.o(i.HAL_ADC_Stop)
    HAL_DMA_Abort                            0x0800163d   Thumb Code    86  stm32f1xx_hal_dma.o(i.HAL_DMA_Abort)
    HAL_DMA_Abort_IT                         0x08001695   Thumb Code   172  stm32f1xx_hal_dma.o(i.HAL_DMA_Abort_IT)
    HAL_DMA_IRQHandler                       0x08001745   Thumb Code   408  stm32f1xx_hal_dma.o(i.HAL_DMA_IRQHandler)
    HAL_DMA_Init                             0x080018e1   Thumb Code   100  stm32f1xx_hal_dma.o(i.HAL_DMA_Init)
    HAL_DMA_Start_IT                         0x08001949   Thumb Code   156  stm32f1xx_hal_dma.o(i.HAL_DMA_Start_IT)
    HAL_Delay                                0x080019e5   Thumb Code    36  stm32f1xx_hal.o(i.HAL_Delay)
    HAL_GPIO_Init                            0x08001a0d   Thumb Code   766  stm32f1xx_hal_gpio.o(i.HAL_GPIO_Init)
    HAL_GPIO_ReadPin                         0x08001d2d   Thumb Code    16  stm32f1xx_hal_gpio.o(i.HAL_GPIO_ReadPin)
    HAL_GPIO_WritePin                        0x08001d3d   Thumb Code    12  stm32f1xx_hal_gpio.o(i.HAL_GPIO_WritePin)
    HAL_GetTick                              0x08001d49   Thumb Code     6  stm32f1xx_hal.o(i.HAL_GetTick)
    HAL_I2C_GetState                         0x08001d55   Thumb Code     8  stm32f1xx_hal_i2c.o(i.HAL_I2C_GetState)
    HAL_I2C_Init                             0x08001d5d   Thumb Code   446  stm32f1xx_hal_i2c.o(i.HAL_I2C_Init)
    HAL_I2C_Master_Receive                   0x08001f2d   Thumb Code   858  stm32f1xx_hal_i2c.o(i.HAL_I2C_Master_Receive)
    HAL_I2C_Master_Transmit                  0x08002299   Thumb Code   360  stm32f1xx_hal_i2c.o(i.HAL_I2C_Master_Transmit)
    HAL_I2C_MspInit                          0x08002409   Thumb Code   104  i2c.o(i.HAL_I2C_MspInit)
    HAL_IncTick                              0x0800247d   Thumb Code    16  stm32f1xx_hal.o(i.HAL_IncTick)
    HAL_Init                                 0x08002495   Thumb Code    34  stm32f1xx_hal.o(i.HAL_Init)
    HAL_InitTick                             0x080024bd   Thumb Code   158  stm32f1xx_hal_timebase_tim.o(i.HAL_InitTick)
    HAL_MspInit                              0x08002571   Thumb Code    86  stm32f1xx_hal_msp.o(i.HAL_MspInit)
    HAL_NVIC_EnableIRQ                       0x080025d1   Thumb Code    32  stm32f1xx_hal_cortex.o(i.HAL_NVIC_EnableIRQ)
    HAL_NVIC_SetPriority                     0x080025f1   Thumb Code   124  stm32f1xx_hal_cortex.o(i.HAL_NVIC_SetPriority)
    HAL_NVIC_SetPriorityGrouping             0x0800266d   Thumb Code    32  stm32f1xx_hal_cortex.o(i.HAL_NVIC_SetPriorityGrouping)
    HAL_RCCEx_GetPeriphCLKFreq               0x08002695   Thumb Code   232  stm32f1xx_hal_rcc_ex.o(i.HAL_RCCEx_GetPeriphCLKFreq)
    HAL_RCCEx_PeriphCLKConfig                0x08002791   Thumb Code   290  stm32f1xx_hal_rcc_ex.o(i.HAL_RCCEx_PeriphCLKConfig)
    HAL_RCC_ClockConfig                      0x080028c1   Thumb Code   376  stm32f1xx_hal_rcc.o(i.HAL_RCC_ClockConfig)
    HAL_RCC_GetClockConfig                   0x08002a4d   Thumb Code    58  stm32f1xx_hal_rcc.o(i.HAL_RCC_GetClockConfig)
    HAL_RCC_GetHCLKFreq                      0x08002a91   Thumb Code     6  stm32f1xx_hal_rcc.o(i.HAL_RCC_GetHCLKFreq)
    HAL_RCC_GetPCLK1Freq                     0x08002a9d   Thumb Code    22  stm32f1xx_hal_rcc.o(i.HAL_RCC_GetPCLK1Freq)
    HAL_RCC_GetPCLK2Freq                     0x08002abd   Thumb Code    22  stm32f1xx_hal_rcc.o(i.HAL_RCC_GetPCLK2Freq)
    HAL_RCC_GetSysClockFreq                  0x08002add   Thumb Code    92  stm32f1xx_hal_rcc.o(i.HAL_RCC_GetSysClockFreq)
    HAL_RCC_OscConfig                        0x08002b4d   Thumb Code  1114  stm32f1xx_hal_rcc.o(i.HAL_RCC_OscConfig)
    HAL_TIMEx_BreakCallback                  0x08002fb1   Thumb Code     2  stm32f1xx_hal_tim_ex.o(i.HAL_TIMEx_BreakCallback)
    HAL_TIMEx_CommutCallback                 0x08002fb3   Thumb Code     2  stm32f1xx_hal_tim_ex.o(i.HAL_TIMEx_CommutCallback)
    HAL_TIMEx_MasterConfigSynchronization    0x08002fb5   Thumb Code   118  stm32f1xx_hal_tim_ex.o(i.HAL_TIMEx_MasterConfigSynchronization)
    HAL_TIM_Base_Init                        0x08003039   Thumb Code   102  stm32f1xx_hal_tim.o(i.HAL_TIM_Base_Init)
    HAL_TIM_Base_MspInit                     0x0800309f   Thumb Code     2  stm32f1xx_hal_tim.o(i.HAL_TIM_Base_MspInit)
    HAL_TIM_Base_Start_IT                    0x080030a1   Thumb Code   106  stm32f1xx_hal_tim.o(i.HAL_TIM_Base_Start_IT)
    HAL_TIM_IC_CaptureCallback               0x08003119   Thumb Code     2  stm32f1xx_hal_tim.o(i.HAL_TIM_IC_CaptureCallback)
    HAL_TIM_IRQHandler                       0x0800311b   Thumb Code   364  stm32f1xx_hal_tim.o(i.HAL_TIM_IRQHandler)
    HAL_TIM_MspPostInit                      0x08003289   Thumb Code    74  tim.o(i.HAL_TIM_MspPostInit)
    HAL_TIM_OC_DelayElapsedCallback          0x080032e1   Thumb Code     2  stm32f1xx_hal_tim.o(i.HAL_TIM_OC_DelayElapsedCallback)
    HAL_TIM_PWM_ConfigChannel                0x080032e3   Thumb Code   260  stm32f1xx_hal_tim.o(i.HAL_TIM_PWM_ConfigChannel)
    HAL_TIM_PWM_Init                         0x080033e7   Thumb Code   102  stm32f1xx_hal_tim.o(i.HAL_TIM_PWM_Init)
    HAL_TIM_PWM_MspInit                      0x0800344d   Thumb Code    40  tim.o(i.HAL_TIM_PWM_MspInit)
    HAL_TIM_PWM_PulseFinishedCallback        0x0800347d   Thumb Code     2  stm32f1xx_hal_tim.o(i.HAL_TIM_PWM_PulseFinishedCallback)
    HAL_TIM_PWM_Start                        0x08003481   Thumb Code   198  stm32f1xx_hal_tim.o(i.HAL_TIM_PWM_Start)
    HAL_TIM_PeriodElapsedCallback            0x08003555   Thumb Code    18  main.o(i.HAL_TIM_PeriodElapsedCallback)
    HAL_TIM_TriggerCallback                  0x0800356d   Thumb Code     2  stm32f1xx_hal_tim.o(i.HAL_TIM_TriggerCallback)
    HAL_UARTEx_RxEventCallback               0x0800356f   Thumb Code     2  stm32f1xx_hal_uart.o(i.HAL_UARTEx_RxEventCallback)
    HAL_UART_ErrorCallback                   0x08003571   Thumb Code     2  stm32f1xx_hal_uart.o(i.HAL_UART_ErrorCallback)
    HAL_UART_IRQHandler                      0x08003575   Thumb Code   736  stm32f1xx_hal_uart.o(i.HAL_UART_IRQHandler)
    HAL_UART_Init                            0x08003859   Thumb Code   118  stm32f1xx_hal_uart.o(i.HAL_UART_Init)
    HAL_UART_MspInit                         0x080038d1   Thumb Code   346  usart.o(i.HAL_UART_MspInit)
    HAL_UART_Receive_DMA                     0x08003a49   Thumb Code    44  stm32f1xx_hal_uart.o(i.HAL_UART_Receive_DMA)
    HAL_UART_RxCpltCallback                  0x08003a75   Thumb Code     2  stm32f1xx_hal_uart.o(i.HAL_UART_RxCpltCallback)
    HAL_UART_RxHalfCpltCallback              0x08003a77   Thumb Code     2  stm32f1xx_hal_uart.o(i.HAL_UART_RxHalfCpltCallback)
    HAL_UART_Transmit                        0x08003a79   Thumb Code   190  stm32f1xx_hal_uart.o(i.HAL_UART_Transmit)
    HAL_UART_TxCpltCallback                  0x08003b37   Thumb Code     2  stm32f1xx_hal_uart.o(i.HAL_UART_TxCpltCallback)
    HardFault_Handler                        0x08003b39   Thumb Code     4  stm32f1xx_it.o(i.HardFault_Handler)
    MX_ADC1_Init                             0x08004085   Thumb Code    80  adc.o(i.MX_ADC1_Init)
    MX_DMA_Init                              0x080040dd   Thumb Code    64  dma.o(i.MX_DMA_Init)
    MX_FREERTOS_Init                         0x08004121   Thumb Code    60  freertos.o(i.MX_FREERTOS_Init)
    MX_GPIO_Init                             0x0800418d   Thumb Code   220  gpio.o(i.MX_GPIO_Init)
    MX_I2C1_Init                             0x08004275   Thumb Code    48  i2c.o(i.MX_I2C1_Init)
    MX_TIM3_Init                             0x080042b1   Thumb Code   114  tim.o(i.MX_TIM3_Init)
    MX_USART1_UART_Init                      0x0800432d   Thumb Code    46  usart.o(i.MX_USART1_UART_Init)
    MX_USART2_UART_Init                      0x08004365   Thumb Code    46  usart.o(i.MX_USART2_UART_Init)
    MemManage_Handler                        0x0800439d   Thumb Code     4  stm32f1xx_it.o(i.MemManage_Handler)
    NMI_Handler                              0x080043a1   Thumb Code     4  stm32f1xx_it.o(i.NMI_Handler)
    OLED_Clear                               0x080043a5   Thumb Code    36  drv_oled.o(i.OLED_Clear)
    OLED_ClearArea                           0x080043cd   Thumb Code   140  drv_oled.o(i.OLED_ClearArea)
    OLED_GPIO_Init                           0x0800445d   Thumb Code    52  drv_oled.o(i.OLED_GPIO_Init)
    OLED_I2C_SendByte                        0x08004491   Thumb Code    62  drv_oled.o(i.OLED_I2C_SendByte)
    OLED_I2C_Start                           0x080044cf   Thumb Code    28  drv_oled.o(i.OLED_I2C_Start)
    OLED_I2C_Stop                            0x080044eb   Thumb Code    22  drv_oled.o(i.OLED_I2C_Stop)
    OLED_Init                                0x08004501   Thumb Code   154  drv_oled.o(i.OLED_Init)
    OLED_Printf                              0x0800459b   Thumb Code    50  drv_oled.o(i.OLED_Printf)
    OLED_SetCursor                           0x080045cd   Thumb Code    34  drv_oled.o(i.OLED_SetCursor)
    OLED_ShowChar                            0x080045f1   Thumb Code    74  drv_oled.o(i.OLED_ShowChar)
    OLED_ShowImage                           0x08004645   Thumb Code   248  drv_oled.o(i.OLED_ShowImage)
    OLED_ShowString                          0x08004741   Thumb Code   262  drv_oled.o(i.OLED_ShowString)
    OLED_Update                              0x08004851   Thumb Code    36  drv_oled.o(i.OLED_Update)
    OLED_W_SCL                               0x08004879   Thumb Code    18  drv_oled.o(i.OLED_W_SCL)
    OLED_W_SDA                               0x08004891   Thumb Code    18  drv_oled.o(i.OLED_W_SDA)
    OLED_WriteCommand                        0x080048a9   Thumb Code    32  drv_oled.o(i.OLED_WriteCommand)
    OLED_WriteData                           0x080048c9   Thumb Code    46  drv_oled.o(i.OLED_WriteData)
    SysTick_Handler                          0x08004921   Thumb Code    22  cmsis_os2.o(i.SysTick_Handler)
    SystemClock_Config                       0x08004937   Thumb Code   132  main.o(i.SystemClock_Config)
    SystemInit                               0x080049bb   Thumb Code     2  system_stm32f1xx.o(i.SystemInit)
    TIM4_IRQHandler                          0x080049bd   Thumb Code    10  stm32f1xx_it.o(i.TIM4_IRQHandler)
    TIM_Base_SetConfig                       0x080049cd   Thumb Code   120  stm32f1xx_hal_tim.o(i.TIM_Base_SetConfig)
    TIM_CCxChannelCmd                        0x08004a51   Thumb Code    34  stm32f1xx_hal_tim.o(i.TIM_CCxChannelCmd)
    TIM_OC2_SetConfig                        0x08004ad5   Thumb Code   100  stm32f1xx_hal_tim.o(i.TIM_OC2_SetConfig)
    UART_Start_Receive_DMA                   0x08004fd5   Thumb Code   186  stm32f1xx_hal_uart.o(i.UART_Start_Receive_DMA)
    USART2_IRQHandler                        0x08005189   Thumb Code    10  stm32f1xx_it.o(i.USART2_IRQHandler)
    UsageFault_Handler                       0x08005199   Thumb Code     4  stm32f1xx_it.o(i.UsageFault_Handler)
    __0snprintf                              0x0800519d   Thumb Code    48  printfa.o(i.__0snprintf)
    __1snprintf                              0x0800519d   Thumb Code     0  printfa.o(i.__0snprintf)
    __2snprintf                              0x0800519d   Thumb Code     0  printfa.o(i.__0snprintf)
    __c89snprintf                            0x0800519d   Thumb Code     0  printfa.o(i.__0snprintf)
    snprintf                                 0x0800519d   Thumb Code     0  printfa.o(i.__0snprintf)
    __0vsprintf                              0x080051d1   Thumb Code    30  printfa.o(i.__0vsprintf)
    __1vsprintf                              0x080051d1   Thumb Code     0  printfa.o(i.__0vsprintf)
    __2vsprintf                              0x080051d1   Thumb Code     0  printfa.o(i.__0vsprintf)
    __c89vsprintf                            0x080051d1   Thumb Code     0  printfa.o(i.__0vsprintf)
    vsprintf                                 0x080051d1   Thumb Code     0  printfa.o(i.__0vsprintf)
    __scatterload_copy                       0x08005233   Thumb Code    14  handlers.o(i.__scatterload_copy)
    __scatterload_null                       0x08005241   Thumb Code     2  handlers.o(i.__scatterload_null)
    __scatterload_zeroinit                   0x08005243   Thumb Code    14  handlers.o(i.__scatterload_zeroinit)
    app_ctrl_request_buzz_ack                0x08006241   Thumb Code     8  app_task_ctrl.o(i.app_ctrl_request_buzz_ack)
    app_data_get_snapshot                    0x08006249   Thumb Code    30  app_data.o(i.app_data_get_snapshot)
    app_data_init                            0x0800626d   Thumb Code    28  app_data.o(i.app_data_init)
    app_data_set_alarm                       0x080062ad   Thumb Code    38  app_data.o(i.app_data_set_alarm)
    app_data_set_env                         0x080062d9   Thumb Code    40  app_data.o(i.app_data_set_env)
    app_data_set_net                         0x08006305   Thumb Code    44  app_data.o(i.app_data_set_net)
    app_data_set_ui_mode                     0x08006335   Thumb Code    28  app_data.o(i.app_data_set_ui_mode)
    app_data_set_uptime                      0x08006355   Thumb Code    26  app_data.o(i.app_data_set_uptime)
    bsp_buzz_init                            0x080067c9   Thumb Code    56  bsp_buzz.o(i.bsp_buzz_init)
    bsp_buzz_set_mode                        0x08006815   Thumb Code    46  bsp_buzz.o(i.bsp_buzz_set_mode)
    bsp_buzz_step_10ms                       0x08006851   Thumb Code   152  bsp_buzz.o(i.bsp_buzz_step_10ms)
    bsp_key_init                             0x080068f9   Thumb Code    42  bsp_key.o(i.bsp_key_init)
    bsp_key_scan_10ms                        0x08006939   Thumb Code   102  bsp_key.o(i.bsp_key_scan_10ms)
    bsp_key_trg_get                          0x080069b5   Thumb Code    12  bsp_key.o(i.bsp_key_trg_get)
    bsp_led_init                             0x080069c5   Thumb Code    54  bsp_led.o(i.bsp_led_init)
    bsp_led_set_alarm                        0x08006a11   Thumb Code    46  bsp_led.o(i.bsp_led_set_alarm)
    bsp_led_set_net_ok                       0x08006a4d   Thumb Code    36  bsp_led.o(i.bsp_led_set_net_ok)
    bsp_led_step_10ms                        0x08006a79   Thumb Code    12  bsp_led.o(i.bsp_led_step_10ms)
    bsp_led_toggle                           0x08006a85   Thumb Code    46  bsp_led.o(i.bsp_led_toggle)
    bsp_log_init                             0x08006ab9   Thumb Code     6  bsp_log.o(i.bsp_log_init)
    ctrlTaskStart                            0x08006ac5   Thumb Code   170  app_task_ctrl.o(i.ctrlTaskStart)
    drv_bh1750_get                           0x08006d65   Thumb Code    16  drv_bh1750.o(i.drv_bh1750_get)
    drv_bh1750_init                          0x08006d79   Thumb Code    82  drv_bh1750.o(i.drv_bh1750_init)
    drv_bh1750_sample                        0x08006de5   Thumb Code   170  drv_bh1750.o(i.drv_bh1750_sample)
    drv_rain_get                             0x08006ea1   Thumb Code    16  drv_rain_adc.o(i.drv_rain_get)
    drv_rain_init                            0x08006eb5   Thumb Code    54  drv_rain_adc.o(i.drv_rain_init)
    drv_rain_sample                          0x08006efd   Thumb Code   238  drv_rain_adc.o(i.drv_rain_sample)
    drv_sht30_get                            0x08006ffd   Thumb Code    16  drv_sht30.o(i.drv_sht30_get)
    drv_sht30_init                           0x08007011   Thumb Code    54  drv_sht30.o(i.drv_sht30_init)
    drv_sht30_sample                         0x08007061   Thumb Code   248  drv_sht30.o(i.drv_sht30_sample)
    drv_soil_get_pct                         0x08007169   Thumb Code    16  drv_soil_adc.o(i.drv_soil_get_pct)
    drv_soil_get_raw                         0x08007181   Thumb Code    16  drv_soil_adc.o(i.drv_soil_get_raw)
    drv_soil_init                            0x08007199   Thumb Code    46  drv_soil_adc.o(i.drv_soil_init)
    drv_soil_sample                          0x080071dd   Thumb Code   126  drv_soil_adc.o(i.drv_soil_sample)
    main                                     0x080073ad   Thumb Code    56  main.o(i.main)
    netTaskStart                             0x08007431   Thumb Code   204  app_task_net.o(i.netTaskStart)
    osDelay                                  0x08007509   Thumb Code    30  cmsis_os2.o(i.osDelay)
    osDelayUntil                             0x08007527   Thumb Code    52  cmsis_os2.o(i.osDelayUntil)
    osKernelGetTickCount                     0x0800755b   Thumb Code    26  cmsis_os2.o(i.osKernelGetTickCount)
    osKernelInitialize                       0x08007575   Thumb Code    38  cmsis_os2.o(i.osKernelInitialize)
    osKernelStart                            0x080075a1   Thumb Code    82  cmsis_os2.o(i.osKernelStart)
    osMutexAcquire                           0x08007601   Thumb Code    98  cmsis_os2.o(i.osMutexAcquire)
    osMutexNew                               0x08007663   Thumb Code   178  cmsis_os2.o(i.osMutexNew)
    osMutexRelease                           0x08007715   Thumb Code    78  cmsis_os2.o(i.osMutexRelease)
    osThreadNew                              0x08007763   Thumb Code   184  cmsis_os2.o(i.osThreadNew)
    pvPortMalloc                             0x08008275   Thumb Code   316  heap_4.o(i.pvPortMalloc)
    pvTaskIncrementMutexHeldCount            0x080083c9   Thumb Code    26  tasks.o(i.pvTaskIncrementMutexHeldCount)
    pxPortInitialiseStack                    0x080083e9   Thumb Code    30  port.o(i.pxPortInitialiseStack)
    sensorTaskStart                          0x0800840d   Thumb Code   228  app_task_sensor.o(i.sensorTaskStart)
    svc_alarm_ack_toggle                     0x080084f1   Thumb Code     8  svc_alarm.o(i.svc_alarm_ack_toggle)
    svc_alarm_init                           0x080084fd   Thumb Code    36  svc_alarm.o(i.svc_alarm_init)
    svc_alarm_process                        0x08008541   Thumb Code   328  svc_alarm.o(i.svc_alarm_process)
    svc_net_ensure_up                        0x080086a9   Thumb Code    44  svc_net.o(i.svc_net_ensure_up)
    svc_net_init                             0x080086d5   Thumb Code    20  svc_net.o(i.svc_net_init)
    svc_net_publish_snapshot                 0x080086f9   Thumb Code   176  svc_net.o(i.svc_net_publish_snapshot)
    svc_ui_force_refresh                     0x080087e9   Thumb Code     8  svc_ui.o(i.svc_ui_force_refresh)
    svc_ui_init                              0x080087f5   Thumb Code    34  svc_ui.o(i.svc_ui_init)
    svc_ui_render                            0x08008829   Thumb Code    76  svc_ui.o(i.svc_ui_render)
    uiTaskStart                              0x08008879   Thumb Code   122  app_task_ui.o(i.uiTaskStart)
    uxListRemove                             0x080088f3   Thumb Code    40  list.o(i.uxListRemove)
    vApplicationGetIdleTaskMemory            0x0800891d   Thumb Code    14  cmsis_os2.o(i.vApplicationGetIdleTaskMemory)
    vApplicationGetTimerTaskMemory           0x08008935   Thumb Code    16  cmsis_os2.o(i.vApplicationGetTimerTaskMemory)
    vApplicationMallocFailedHook             0x0800894d   Thumb Code     2  freertos.o(i.vApplicationMallocFailedHook)
    vApplicationStackOverflowHook            0x0800894f   Thumb Code     2  freertos.o(i.vApplicationStackOverflowHook)
    vListInitialise                          0x08008951   Thumb Code    26  list.o(i.vListInitialise)
    vListInitialiseItem                      0x0800896b   Thumb Code     6  list.o(i.vListInitialiseItem)
    vListInsert                              0x08008971   Thumb Code    52  list.o(i.vListInsert)
    vListInsertEnd                           0x080089a5   Thumb Code    24  list.o(i.vListInsertEnd)
    vPortEnterCritical                       0x080089bd   Thumb Code    76  port.o(i.vPortEnterCritical)
    vPortExitCritical                        0x08008a11   Thumb Code    56  port.o(i.vPortExitCritical)
    vPortFree                                0x08008a4d   Thumb Code   150  heap_4.o(i.vPortFree)
    vPortSetupTimerInterrupt                 0x08008af1   Thumb Code    36  port.o(i.vPortSetupTimerInterrupt)
    vPortValidateInterruptPriority           0x08008b19   Thumb Code   106  port.o(i.vPortValidateInterruptPriority)
    vQueueAddToRegistry                      0x08008b91   Thumb Code    38  queue.o(i.vQueueAddToRegistry)
    vQueueWaitForMessageRestricted           0x08008bbd   Thumb Code    74  queue.o(i.vQueueWaitForMessageRestricted)
    vTaskDelay                               0x08008c09   Thumb Code    82  tasks.o(i.vTaskDelay)
    vTaskDelayUntil                          0x08008c65   Thumb Code   200  tasks.o(i.vTaskDelayUntil)
    vTaskInternalSetTimeOutState             0x08008d39   Thumb Code    14  tasks.o(i.vTaskInternalSetTimeOutState)
    vTaskMissedYield                         0x08008d51   Thumb Code     8  tasks.o(i.vTaskMissedYield)
    vTaskPlaceOnEventList                    0x08008d5d   Thumb Code    52  tasks.o(i.vTaskPlaceOnEventList)
    vTaskPlaceOnEventListRestricted          0x08008d95   Thumb Code    60  tasks.o(i.vTaskPlaceOnEventListRestricted)
    vTaskPriorityDisinheritAfterTimeout      0x08008dd5   Thumb Code   194  tasks.o(i.vTaskPriorityDisinheritAfterTimeout)
    vTaskStartScheduler                      0x08008ea5   Thumb Code   156  tasks.o(i.vTaskStartScheduler)
    vTaskSuspendAll                          0x08008f5d   Thumb Code    12  tasks.o(i.vTaskSuspendAll)
    vTaskSwitchContext                       0x08008f6d   Thumb Code   178  tasks.o(i.vTaskSwitchContext)
    xPortStartScheduler                      0x08009071   Thumb Code   228  port.o(i.xPortStartScheduler)
    xPortSysTickHandler                      0x08009169   Thumb Code    46  port.o(i.xPortSysTickHandler)
    xQueueCreateMutex                        0x0800919d   Thumb Code    34  queue.o(i.xQueueCreateMutex)
    xQueueCreateMutexStatic                  0x080091bf   Thumb Code    42  queue.o(i.xQueueCreateMutexStatic)
    xQueueGenericCreate                      0x080091e9   Thumb Code    90  queue.o(i.xQueueGenericCreate)
    xQueueGenericCreateStatic                0x08009243   Thumb Code   224  queue.o(i.xQueueGenericCreateStatic)
    xQueueGenericReset                       0x08009325   Thumb Code   146  queue.o(i.xQueueGenericReset)
    xQueueGenericSend                        0x080093bd   Thumb Code   420  queue.o(i.xQueueGenericSend)
    xQueueGenericSendFromISR                 0x08009565   Thumb Code   252  queue.o(i.xQueueGenericSendFromISR)
    xQueueGiveMutexRecursive                 0x08009661   Thumb Code    72  queue.o(i.xQueueGiveMutexRecursive)
    xQueueReceive                            0x080096a9   Thumb Code   356  queue.o(i.xQueueReceive)
    xQueueSemaphoreTake                      0x08009811   Thumb Code   434  queue.o(i.xQueueSemaphoreTake)
    xQueueTakeMutexRecursive                 0x080099c9   Thumb Code    78  queue.o(i.xQueueTakeMutexRecursive)
    xTaskCheckForTimeOut                     0x08009a19   Thumb Code   132  tasks.o(i.xTaskCheckForTimeOut)
    xTaskCreate                              0x08009aa5   Thumb Code   100  tasks.o(i.xTaskCreate)
    xTaskCreateStatic                        0x08009b09   Thumb Code   186  tasks.o(i.xTaskCreateStatic)
    xTaskGetCurrentTaskHandle                0x08009bc5   Thumb Code     6  tasks.o(i.xTaskGetCurrentTaskHandle)
    xTaskGetSchedulerState                   0x08009bd1   Thumb Code    24  tasks.o(i.xTaskGetSchedulerState)
    xTaskGetTickCount                        0x08009bf1   Thumb Code     6  tasks.o(i.xTaskGetTickCount)
    xTaskGetTickCountFromISR                 0x08009bfd   Thumb Code    16  tasks.o(i.xTaskGetTickCountFromISR)
    xTaskIncrementTick                       0x08009c11   Thumb Code   280  tasks.o(i.xTaskIncrementTick)
    xTaskPriorityDisinherit                  0x08009d55   Thumb Code   152  tasks.o(i.xTaskPriorityDisinherit)
    xTaskPriorityInherit                     0x08009df9   Thumb Code   150  tasks.o(i.xTaskPriorityInherit)
    xTaskRemoveFromEventList                 0x08009e9d   Thumb Code   126  tasks.o(i.xTaskRemoveFromEventList)
    xTaskResumeAll                           0x08009f35   Thumb Code   222  tasks.o(i.xTaskResumeAll)
    xTimerCreateTimerTask                    0x0800a039   Thumb Code   100  timers.o(i.xTimerCreateTimerTask)
    xTimerGenericCommand                     0x0800a0b1   Thumb Code   128  timers.o(i.xTimerGenericCommand)
    sensorTask_attributes                    0x0800a134   Data          36  freertos.o(.constdata)
    uiTask_attributes                        0x0800a158   Data          36  freertos.o(.constdata)
    netTask_attributes                       0x0800a17c   Data          36  freertos.o(.constdata)
    ctrlTask_attributes                      0x0800a1a0   Data          36  freertos.o(.constdata)
    AHBPrescTable                            0x0800a1e8   Data          16  system_stm32f1xx.o(.constdata)
    APBPrescTable                            0x0800a1f8   Data           8  system_stm32f1xx.o(.constdata)
    OLED_F8x16                               0x0800a200   Data        1520  drv_oled_data.o(.constdata)
    OLED_F6x8                                0x0800a7f0   Data         570  drv_oled_data.o(.constdata)
    OLED_CF16x16                             0x0800aa2a   Data        3045  drv_oled_data.o(.constdata)
    Diode                                    0x0800b60f   Data          32  drv_oled_data.o(.constdata)
    Region$$Table$$Base                      0x0800b80c   Number         0  anon$$obj.o(Region$$Table)
    Region$$Table$$Limit                     0x0800b82c   Number         0  anon$$obj.o(Region$$Table)
    sensorTaskHandle                         0x20000000   Data           4  freertos.o(.data)
    uiTaskHandle                             0x20000004   Data           4  freertos.o(.data)
    netTaskHandle                            0x20000008   Data           4  freertos.o(.data)
    ctrlTaskHandle                           0x2000000c   Data           4  freertos.o(.data)
    uwTick                                   0x20000010   Data           4  stm32f1xx_hal.o(.data)
    uwTickPrio                               0x20000014   Data           4  stm32f1xx_hal.o(.data)
    uwTickFreq                               0x20000018   Data           1  stm32f1xx_hal.o(.data)
    SystemCoreClock                          0x2000001c   Data           4  system_stm32f1xx.o(.data)
    pxCurrentTCB                             0x20000020   Data           4  tasks.o(.data)
    hadc1                                    0x20000134   Data          48  adc.o(.bss)
    hi2c1                                    0x20000164   Data          84  i2c.o(.bss)
    htim3                                    0x200001b8   Data          72  tim.o(.bss)
    huart1                                   0x20000200   Data          72  usart.o(.bss)
    huart2                                   0x20000248   Data          72  usart.o(.bss)
    hdma_usart2_rx                           0x20000290   Data          68  usart.o(.bss)
    hdma_usart2_tx                           0x200002d4   Data          68  usart.o(.bss)
    htim4                                    0x20000318   Data          72  stm32f1xx_hal_timebase_tim.o(.bss)
    xQueueRegistry                           0x20000360   Data          64  queue.o(.bss)
    OLED_DisplayBuf                          0x2000408c   Data        1024  drv_oled.o(.bss)
    __initial_sp                             0x200048b0   Data           0  startup_stm32f103xb.o(STACK)



==============================================================================

Memory Map of the image

  Image Entry point : 0x080000ed

  Load Region LR_IROM1 (Base: 0x08000000, Size: 0x0000b960, Max: 0x00010000, ABSOLUTE, COMPRESSED[0x0000b844])

    Execution Region ER_IROM1 (Exec base: 0x08000000, Load base: 0x08000000, Size: 0x0000b82c, Max: 0x00010000, ABSOLUTE)

    Exec Addr    Load Addr    Size         Type   Attr      Idx    E Section Name        Object

    0x08000000   0x08000000   0x000000ec   Data   RO            3    RESET               startup_stm32f103xb.o
    0x080000ec   0x080000ec   0x00000000   Code   RO         6990  * .ARM.Collect$$$$00000000  mc_w.l(entry.o)
    0x080000ec   0x080000ec   0x00000004   Code   RO         7321    .ARM.Collect$$$$00000001  mc_w.l(entry2.o)
    0x080000f0   0x080000f0   0x00000004   Code   RO         7324    .ARM.Collect$$$$00000004  mc_w.l(entry5.o)
    0x080000f4   0x080000f4   0x00000000   Code   RO         7326    .ARM.Collect$$$$00000008  mc_w.l(entry7b.o)
    0x080000f4   0x080000f4   0x00000000   Code   RO         7328    .ARM.Collect$$$$0000000A  mc_w.l(entry8b.o)
    0x080000f4   0x080000f4   0x00000008   Code   RO         7329    .ARM.Collect$$$$0000000B  mc_w.l(entry9a.o)
    0x080000fc   0x080000fc   0x00000004   Code   RO         7336    .ARM.Collect$$$$0000000E  mc_w.l(entry12b.o)
    0x08000100   0x08000100   0x00000000   Code   RO         7331    .ARM.Collect$$$$0000000F  mc_w.l(entry10a.o)
    0x08000100   0x08000100   0x00000000   Code   RO         7333    .ARM.Collect$$$$00000011  mc_w.l(entry11a.o)
    0x08000100   0x08000100   0x00000004   Code   RO         7322    .ARM.Collect$$$$00002712  mc_w.l(entry2.o)
    0x08000104   0x08000104   0x00000096   Code   RO         5561    .emb_text           port.o
    0x0800019a   0x0800019a   0x00000002   PAD
    0x0800019c   0x0800019c   0x00000024   Code   RO            4    .text               startup_stm32f103xb.o
    0x080001c0   0x080001c0   0x00000020   Code   RO         6993    .text               mc_w.l(llushr.o)
    0x080001e0   0x080001e0   0x00000024   Code   RO         6995    .text               mc_w.l(memcpya.o)
    0x08000204   0x08000204   0x00000024   Code   RO         6999    .text               mc_w.l(memseta.o)
    0x08000228   0x08000228   0x00000024   Code   RO         7001    .text               mc_w.l(strstr.o)
    0x0800024c   0x0800024c   0x0000000e   Code   RO         7003    .text               mc_w.l(strlen.o)
    0x0800025a   0x0800025a   0x0000001c   Code   RO         7005    .text               mc_w.l(strcmp.o)
    0x08000276   0x08000276   0x0000014e   Code   RO         7272    .text               mf_w.l(dadd.o)
    0x080003c4   0x080003c4   0x000000e4   Code   RO         7274    .text               mf_w.l(dmul.o)
    0x080004a8   0x080004a8   0x000000de   Code   RO         7276    .text               mf_w.l(ddiv.o)
    0x08000586   0x08000586   0x00000002   PAD
    0x08000588   0x08000588   0x00000030   Code   RO         7290    .text               mf_w.l(cdrcmple.o)
    0x080005b8   0x080005b8   0x0000002c   Code   RO         7340    .text               mc_w.l(uidiv.o)
    0x080005e4   0x080005e4   0x00000062   Code   RO         7342    .text               mc_w.l(uldiv.o)
    0x08000646   0x08000646   0x0000001e   Code   RO         7344    .text               mc_w.l(llshl.o)
    0x08000664   0x08000664   0x00000024   Code   RO         7346    .text               mc_w.l(llsshr.o)
    0x08000688   0x08000688   0x00000000   Code   RO         7355    .text               mc_w.l(iusefp.o)
    0x08000688   0x08000688   0x000000ba   Code   RO         7358    .text               mf_w.l(depilogue.o)
    0x08000742   0x08000742   0x00000030   Code   RO         7362    .text               mf_w.l(dfixul.o)
    0x08000772   0x08000772   0x00000002   PAD
    0x08000774   0x08000774   0x00000024   Code   RO         7368    .text               mc_w.l(init.o)
    0x08000798   0x08000798   0x0000003a   Code   RO         7382    .text               mc_w.l(__dczerorl.o)
    0x080007d2   0x080007d2   0x0000005c   Code   RO         1661    i.ADC_ConversionStop_Disable  stm32f1xx_hal_adc.o
    0x0800082e   0x0800082e   0x00000002   PAD
    0x08000830   0x08000830   0x00000090   Code   RO         1665    i.ADC_Enable        stm32f1xx_hal_adc.o
    0x080008c0   0x080008c0   0x00000004   Code   RO          496    i.BusFault_Handler  stm32f1xx_it.o
    0x080008c4   0x080008c4   0x00000010   Code   RO          497    i.DMA1_Channel6_IRQHandler  stm32f1xx_it.o
    0x080008d4   0x080008d4   0x00000010   Code   RO          498    i.DMA1_Channel7_IRQHandler  stm32f1xx_it.o
    0x080008e4   0x080008e4   0x0000002c   Code   RO         2322    i.DMA_SetConfig     stm32f1xx_hal_dma.o
    0x08000910   0x08000910   0x00000002   Code   RO          499    i.DebugMon_Handler  stm32f1xx_it.o
    0x08000912   0x08000912   0x00000002   PAD
    0x08000914   0x08000914   0x000000b0   Code   RO         5947    i.ESP8266_Init      drv_esp8266.o
    0x080009c4   0x080009c4   0x00000014   Code   RO         5948    i.ESP8266_RxClear   drv_esp8266.o
    0x080009d8   0x080009d8   0x00000078   Code   RO         5949    i.ESP8266_RxDmaPoll  drv_esp8266.o
    0x08000a50   0x08000a50   0x0000004c   Code   RO         5950    i.ESP8266_RxPop     drv_esp8266.o
    0x08000a9c   0x08000a9c   0x00000214   Code   RO         5951    i.ESP8266_SendCmdWait  drv_esp8266.o
    0x08000cb0   0x08000cb0   0x0000002c   Code   RO         5952    i.ESP8266_SendRawLen  drv_esp8266.o
    0x08000cdc   0x08000cdc   0x00000030   Code   RO         5953    i.ESP8266_SendRawStr  drv_esp8266.o
    0x08000d0c   0x08000d0c   0x000001d4   Code   RO         5954    i.ESP8266_WaitResp  drv_esp8266.o
    0x08000ee0   0x08000ee0   0x00000006   Code   RO           13    i.Error_Handler     main.o
    0x08000ee6   0x08000ee6   0x00000002   PAD
    0x08000ee8   0x08000ee8   0x0000011c   Code   RO         1841    i.HAL_ADCEx_Calibration_Start  stm32f1xx_hal_adc_ex.o
    0x08001004   0x08001004   0x00000160   Code   RO         1667    i.HAL_ADC_ConfigChannel  stm32f1xx_hal_adc.o
    0x08001164   0x08001164   0x00000008   Code   RO         1674    i.HAL_ADC_GetValue  stm32f1xx_hal_adc.o
    0x0800116c   0x0800116c   0x00000144   Code   RO         1676    i.HAL_ADC_Init      stm32f1xx_hal_adc.o
    0x080012b0   0x080012b0   0x0000009c   Code   RO          293    i.HAL_ADC_MspInit   adc.o
    0x0800134c   0x0800134c   0x00000180   Code   RO         1680    i.HAL_ADC_PollForConversion  stm32f1xx_hal_adc.o
    0x080014cc   0x080014cc   0x00000130   Code   RO         1682    i.HAL_ADC_Start     stm32f1xx_hal_adc.o
    0x080015fc   0x080015fc   0x00000040   Code   RO         1685    i.HAL_ADC_Stop      stm32f1xx_hal_adc.o
    0x0800163c   0x0800163c   0x00000056   Code   RO         2323    i.HAL_DMA_Abort     stm32f1xx_hal_dma.o
    0x08001692   0x08001692   0x00000002   PAD
    0x08001694   0x08001694   0x000000b0   Code   RO         2324    i.HAL_DMA_Abort_IT  stm32f1xx_hal_dma.o
    0x08001744   0x08001744   0x0000019c   Code   RO         2328    i.HAL_DMA_IRQHandler  stm32f1xx_hal_dma.o
    0x080018e0   0x080018e0   0x00000068   Code   RO         2329    i.HAL_DMA_Init      stm32f1xx_hal_dma.o
    0x08001948   0x08001948   0x0000009c   Code   RO         2333    i.HAL_DMA_Start_IT  stm32f1xx_hal_dma.o
    0x080019e4   0x080019e4   0x00000028   Code   RO         1944    i.HAL_Delay         stm32f1xx_hal.o
    0x08001a0c   0x08001a0c   0x00000320   Code   RO         2259    i.HAL_GPIO_Init     stm32f1xx_hal_gpio.o
    0x08001d2c   0x08001d2c   0x00000010   Code   RO         2261    i.HAL_GPIO_ReadPin  stm32f1xx_hal_gpio.o
    0x08001d3c   0x08001d3c   0x0000000c   Code   RO         2263    i.HAL_GPIO_WritePin  stm32f1xx_hal_gpio.o
    0x08001d48   0x08001d48   0x0000000c   Code   RO         1948    i.HAL_GetTick       stm32f1xx_hal.o
    0x08001d54   0x08001d54   0x00000008   Code   RO         2955    i.HAL_I2C_GetState  stm32f1xx_hal_i2c.o
    0x08001d5c   0x08001d5c   0x000001d0   Code   RO         2956    i.HAL_I2C_Init      stm32f1xx_hal_i2c.o
    0x08001f2c   0x08001f2c   0x0000036c   Code   RO         2962    i.HAL_I2C_Master_Receive  stm32f1xx_hal_i2c.o
    0x08002298   0x08002298   0x00000170   Code   RO         2969    i.HAL_I2C_Master_Transmit  stm32f1xx_hal_i2c.o
    0x08002408   0x08002408   0x00000074   Code   RO          359    i.HAL_I2C_MspInit   i2c.o
    0x0800247c   0x0800247c   0x00000018   Code   RO         1954    i.HAL_IncTick       stm32f1xx_hal.o
    0x08002494   0x08002494   0x00000028   Code   RO         1955    i.HAL_Init          stm32f1xx_hal.o
    0x080024bc   0x080024bc   0x000000b4   Code   RO          602    i.HAL_InitTick      stm32f1xx_hal_timebase_tim.o
    0x08002570   0x08002570   0x00000060   Code   RO          578    i.HAL_MspInit       stm32f1xx_hal_msp.o
    0x080025d0   0x080025d0   0x00000020   Code   RO         2419    i.HAL_NVIC_EnableIRQ  stm32f1xx_hal_cortex.o
    0x080025f0   0x080025f0   0x0000007c   Code   RO         2425    i.HAL_NVIC_SetPriority  stm32f1xx_hal_cortex.o
    0x0800266c   0x0800266c   0x00000028   Code   RO         2426    i.HAL_NVIC_SetPriorityGrouping  stm32f1xx_hal_cortex.o
    0x08002694   0x08002694   0x000000fc   Code   RO         2220    i.HAL_RCCEx_GetPeriphCLKFreq  stm32f1xx_hal_rcc_ex.o
    0x08002790   0x08002790   0x00000130   Code   RO         2221    i.HAL_RCCEx_PeriphCLKConfig  stm32f1xx_hal_rcc_ex.o
    0x080028c0   0x080028c0   0x0000018c   Code   RO         2112    i.HAL_RCC_ClockConfig  stm32f1xx_hal_rcc.o
    0x08002a4c   0x08002a4c   0x00000044   Code   RO         2116    i.HAL_RCC_GetClockConfig  stm32f1xx_hal_rcc.o
    0x08002a90   0x08002a90   0x0000000c   Code   RO         2117    i.HAL_RCC_GetHCLKFreq  stm32f1xx_hal_rcc.o
    0x08002a9c   0x08002a9c   0x00000020   Code   RO         2119    i.HAL_RCC_GetPCLK1Freq  stm32f1xx_hal_rcc.o
    0x08002abc   0x08002abc   0x00000020   Code   RO         2120    i.HAL_RCC_GetPCLK2Freq  stm32f1xx_hal_rcc.o
    0x08002adc   0x08002adc   0x00000070   Code   RO         2121    i.HAL_RCC_GetSysClockFreq  stm32f1xx_hal_rcc.o
    0x08002b4c   0x08002b4c   0x00000464   Code   RO         2124    i.HAL_RCC_OscConfig  stm32f1xx_hal_rcc.o
    0x08002fb0   0x08002fb0   0x00000002   Code   RO         1394    i.HAL_TIMEx_BreakCallback  stm32f1xx_hal_tim_ex.o
    0x08002fb2   0x08002fb2   0x00000002   Code   RO         1395    i.HAL_TIMEx_CommutCallback  stm32f1xx_hal_tim_ex.o
    0x08002fb4   0x08002fb4   0x00000084   Code   RO         1413    i.HAL_TIMEx_MasterConfigSynchronization  stm32f1xx_hal_tim_ex.o
    0x08003038   0x08003038   0x00000066   Code   RO          679    i.HAL_TIM_Base_Init  stm32f1xx_hal_tim.o
    0x0800309e   0x0800309e   0x00000002   Code   RO          681    i.HAL_TIM_Base_MspInit  stm32f1xx_hal_tim.o
    0x080030a0   0x080030a0   0x00000078   Code   RO          684    i.HAL_TIM_Base_Start_IT  stm32f1xx_hal_tim.o
    0x08003118   0x08003118   0x00000002   Code   RO          713    i.HAL_TIM_IC_CaptureCallback  stm32f1xx_hal_tim.o
    0x0800311a   0x0800311a   0x0000016c   Code   RO          727    i.HAL_TIM_IRQHandler  stm32f1xx_hal_tim.o
    0x08003286   0x08003286   0x00000002   PAD
    0x08003288   0x08003288   0x00000058   Code   RO          400    i.HAL_TIM_MspPostInit  tim.o
    0x080032e0   0x080032e0   0x00000002   Code   RO          730    i.HAL_TIM_OC_DelayElapsedCallback  stm32f1xx_hal_tim.o
    0x080032e2   0x080032e2   0x00000104   Code   RO          751    i.HAL_TIM_PWM_ConfigChannel  stm32f1xx_hal_tim.o
    0x080033e6   0x080033e6   0x00000066   Code   RO          754    i.HAL_TIM_PWM_Init  stm32f1xx_hal_tim.o
    0x0800344c   0x0800344c   0x00000030   Code   RO          402    i.HAL_TIM_PWM_MspInit  tim.o
    0x0800347c   0x0800347c   0x00000002   Code   RO          757    i.HAL_TIM_PWM_PulseFinishedCallback  stm32f1xx_hal_tim.o
    0x0800347e   0x0800347e   0x00000002   PAD
    0x08003480   0x08003480   0x000000d4   Code   RO          759    i.HAL_TIM_PWM_Start  stm32f1xx_hal_tim.o
    0x08003554   0x08003554   0x00000018   Code   RO           14    i.HAL_TIM_PeriodElapsedCallback  main.o
    0x0800356c   0x0800356c   0x00000002   Code   RO          770    i.HAL_TIM_TriggerCallback  stm32f1xx_hal_tim.o
    0x0800356e   0x0800356e   0x00000002   Code   RO         3434    i.HAL_UARTEx_RxEventCallback  stm32f1xx_hal_uart.o
    0x08003570   0x08003570   0x00000002   Code   RO         3448    i.HAL_UART_ErrorCallback  stm32f1xx_hal_uart.o
    0x08003572   0x08003572   0x00000002   PAD
    0x08003574   0x08003574   0x000002e4   Code   RO         3451    i.HAL_UART_IRQHandler  stm32f1xx_hal_uart.o
    0x08003858   0x08003858   0x00000076   Code   RO         3452    i.HAL_UART_Init     stm32f1xx_hal_uart.o
    0x080038ce   0x080038ce   0x00000002   PAD
    0x080038d0   0x080038d0   0x00000178   Code   RO          449    i.HAL_UART_MspInit  usart.o
    0x08003a48   0x08003a48   0x0000002c   Code   RO         3456    i.HAL_UART_Receive_DMA  stm32f1xx_hal_uart.o
    0x08003a74   0x08003a74   0x00000002   Code   RO         3458    i.HAL_UART_RxCpltCallback  stm32f1xx_hal_uart.o
    0x08003a76   0x08003a76   0x00000002   Code   RO         3459    i.HAL_UART_RxHalfCpltCallback  stm32f1xx_hal_uart.o
    0x08003a78   0x08003a78   0x000000be   Code   RO         3460    i.HAL_UART_Transmit  stm32f1xx_hal_uart.o
    0x08003b36   0x08003b36   0x00000002   Code   RO         3463    i.HAL_UART_TxCpltCallback  stm32f1xx_hal_uart.o
    0x08003b38   0x08003b38   0x00000004   Code   RO          500    i.HardFault_Handler  stm32f1xx_it.o
    0x08003b3c   0x08003b3c   0x0000003e   Code   RO         3000    i.I2C_IsAcknowledgeFailed  stm32f1xx_hal_i2c.o
    0x08003b7a   0x08003b7a   0x00000002   PAD
    0x08003b7c   0x08003b7c   0x00000138   Code   RO         3003    i.I2C_MasterRequestRead  stm32f1xx_hal_i2c.o
    0x08003cb4   0x08003cb4   0x000000c0   Code   RO         3004    i.I2C_MasterRequestWrite  stm32f1xx_hal_i2c.o
    0x08003d74   0x08003d74   0x00000066   Code   RO         3020    i.I2C_WaitOnBTFFlagUntilTimeout  stm32f1xx_hal_i2c.o
    0x08003dda   0x08003dda   0x000000be   Code   RO         3021    i.I2C_WaitOnFlagUntilTimeout  stm32f1xx_hal_i2c.o
    0x08003e98   0x08003e98   0x000000fa   Code   RO         3022    i.I2C_WaitOnMasterAddressFlagUntilTimeout  stm32f1xx_hal_i2c.o
    0x08003f92   0x08003f92   0x0000008a   Code   RO         3023    i.I2C_WaitOnRXNEFlagUntilTimeout  stm32f1xx_hal_i2c.o
    0x0800401c   0x0800401c   0x00000066   Code   RO         3026    i.I2C_WaitOnTXEFlagUntilTimeout  stm32f1xx_hal_i2c.o
    0x08004082   0x08004082   0x00000002   PAD
    0x08004084   0x08004084   0x00000058   Code   RO          294    i.MX_ADC1_Init      adc.o
    0x080040dc   0x080040dc   0x00000044   Code   RO          334    i.MX_DMA_Init       dma.o
    0x08004120   0x08004120   0x0000006c   Code   RO          237    i.MX_FREERTOS_Init  freertos.o
    0x0800418c   0x0800418c   0x000000e8   Code   RO          213    i.MX_GPIO_Init      gpio.o
    0x08004274   0x08004274   0x0000003c   Code   RO          360    i.MX_I2C1_Init      i2c.o
    0x080042b0   0x080042b0   0x0000007c   Code   RO          403    i.MX_TIM3_Init      tim.o
    0x0800432c   0x0800432c   0x00000038   Code   RO          450    i.MX_USART1_UART_Init  usart.o
    0x08004364   0x08004364   0x00000038   Code   RO          451    i.MX_USART2_UART_Init  usart.o
    0x0800439c   0x0800439c   0x00000004   Code   RO          501    i.MemManage_Handler  stm32f1xx_it.o
    0x080043a0   0x080043a0   0x00000004   Code   RO          502    i.NMI_Handler       stm32f1xx_it.o
    0x080043a4   0x080043a4   0x00000028   Code   RO         6078    i.OLED_Clear        drv_oled.o
    0x080043cc   0x080043cc   0x00000090   Code   RO         6079    i.OLED_ClearArea    drv_oled.o
    0x0800445c   0x0800445c   0x00000034   Code   RO         6087    i.OLED_GPIO_Init    drv_oled.o
    0x08004490   0x08004490   0x0000003e   Code   RO         6089    i.OLED_I2C_SendByte  drv_oled.o
    0x080044ce   0x080044ce   0x0000001c   Code   RO         6090    i.OLED_I2C_Start    drv_oled.o
    0x080044ea   0x080044ea   0x00000016   Code   RO         6091    i.OLED_I2C_Stop     drv_oled.o
    0x08004500   0x08004500   0x0000009a   Code   RO         6092    i.OLED_Init         drv_oled.o
    0x0800459a   0x0800459a   0x00000032   Code   RO         6095    i.OLED_Printf       drv_oled.o
    0x080045cc   0x080045cc   0x00000022   Code   RO         6098    i.OLED_SetCursor    drv_oled.o
    0x080045ee   0x080045ee   0x00000002   PAD
    0x080045f0   0x080045f0   0x00000054   Code   RO         6100    i.OLED_ShowChar     drv_oled.o
    0x08004644   0x08004644   0x000000fc   Code   RO         6103    i.OLED_ShowImage    drv_oled.o
    0x08004740   0x08004740   0x00000110   Code   RO         6106    i.OLED_ShowString   drv_oled.o
    0x08004850   0x08004850   0x00000028   Code   RO         6107    i.OLED_Update       drv_oled.o
    0x08004878   0x08004878   0x00000018   Code   RO         6109    i.OLED_W_SCL        drv_oled.o
    0x08004890   0x08004890   0x00000018   Code   RO         6110    i.OLED_W_SDA        drv_oled.o
    0x080048a8   0x080048a8   0x00000020   Code   RO         6111    i.OLED_WriteCommand  drv_oled.o
    0x080048c8   0x080048c8   0x0000002e   Code   RO         6112    i.OLED_WriteData    drv_oled.o
    0x080048f6   0x080048f6   0x00000002   PAD
    0x080048f8   0x080048f8   0x00000028   Code   RO         2125    i.RCC_Delay         stm32f1xx_hal_rcc.o
    0x08004920   0x08004920   0x00000016   Code   RO         4976    i.SysTick_Handler   cmsis_os2.o
    0x08004936   0x08004936   0x00000084   Code   RO           15    i.SystemClock_Config  main.o
    0x080049ba   0x080049ba   0x00000002   Code   RO         3796    i.SystemInit        system_stm32f1xx.o
    0x080049bc   0x080049bc   0x00000010   Code   RO          503    i.TIM4_IRQHandler   stm32f1xx_it.o
    0x080049cc   0x080049cc   0x00000084   Code   RO          772    i.TIM_Base_SetConfig  stm32f1xx_hal_tim.o
    0x08004a50   0x08004a50   0x00000022   Code   RO          773    i.TIM_CCxChannelCmd  stm32f1xx_hal_tim.o
    0x08004a72   0x08004a72   0x00000002   PAD
    0x08004a74   0x08004a74   0x00000060   Code   RO          785    i.TIM_OC1_SetConfig  stm32f1xx_hal_tim.o
    0x08004ad4   0x08004ad4   0x00000068   Code   RO          786    i.TIM_OC2_SetConfig  stm32f1xx_hal_tim.o
    0x08004b3c   0x08004b3c   0x00000068   Code   RO          787    i.TIM_OC3_SetConfig  stm32f1xx_hal_tim.o
    0x08004ba4   0x08004ba4   0x00000048   Code   RO          788    i.TIM_OC4_SetConfig  stm32f1xx_hal_tim.o
    0x08004bec   0x08004bec   0x00000014   Code   RO         3465    i.UART_DMAAbortOnError  stm32f1xx_hal_uart.o
    0x08004c00   0x08004c00   0x00000050   Code   RO         3466    i.UART_DMAError     stm32f1xx_hal_uart.o
    0x08004c50   0x08004c50   0x000000b4   Code   RO         3467    i.UART_DMAReceiveCplt  stm32f1xx_hal_uart.o
    0x08004d04   0x08004d04   0x00000024   Code   RO         3469    i.UART_DMARxHalfCplt  stm32f1xx_hal_uart.o
    0x08004d28   0x08004d28   0x0000006c   Code   RO         3475    i.UART_EndRxTransfer  stm32f1xx_hal_uart.o
    0x08004d94   0x08004d94   0x00000020   Code   RO         3476    i.UART_EndTransmit_IT  stm32f1xx_hal_uart.o
    0x08004db4   0x08004db4   0x00000026   Code   RO         3477    i.UART_EndTxTransfer  stm32f1xx_hal_uart.o
    0x08004dda   0x08004dda   0x000000fc   Code   RO         3478    i.UART_Receive_IT   stm32f1xx_hal_uart.o
    0x08004ed6   0x08004ed6   0x00000002   PAD
    0x08004ed8   0x08004ed8   0x000000fc   Code   RO         3479    i.UART_SetConfig    stm32f1xx_hal_uart.o
    0x08004fd4   0x08004fd4   0x000000c8   Code   RO         3480    i.UART_Start_Receive_DMA  stm32f1xx_hal_uart.o
    0x0800509c   0x0800509c   0x00000060   Code   RO         3482    i.UART_Transmit_IT  stm32f1xx_hal_uart.o
    0x080050fc   0x080050fc   0x0000008c   Code   RO         3483    i.UART_WaitOnFlagUntilTimeout  stm32f1xx_hal_uart.o
    0x08005188   0x08005188   0x00000010   Code   RO          504    i.USART2_IRQHandler  stm32f1xx_it.o
    0x08005198   0x08005198   0x00000004   Code   RO          505    i.UsageFault_Handler  stm32f1xx_it.o
    0x0800519c   0x0800519c   0x00000034   Code   RO         7243    i.__0snprintf       mc_w.l(printfa.o)
    0x080051d0   0x080051d0   0x00000024   Code   RO         7248    i.__0vsprintf       mc_w.l(printfa.o)
    0x080051f4   0x080051f4   0x00000010   Code   RO         2432    i.__NVIC_GetPriorityGrouping  stm32f1xx_hal_cortex.o
    0x08005204   0x08005204   0x00000028   Code   RO         2433    i.__NVIC_SetPriority  stm32f1xx_hal_cortex.o
    0x0800522c   0x0800522c   0x00000006   Code   RO         4978    i.__get_IPSR        cmsis_os2.o
    0x08005232   0x08005232   0x0000000e   Code   RO         7376    i.__scatterload_copy  mc_w.l(handlers.o)
    0x08005240   0x08005240   0x00000002   Code   RO         7377    i.__scatterload_null  mc_w.l(handlers.o)
    0x08005242   0x08005242   0x0000000e   Code   RO         7378    i.__scatterload_zeroinit  mc_w.l(handlers.o)
    0x08005250   0x08005250   0x00000050   Code   RO         6857    i._alarm_step_10ms  bsp_led.o
    0x080052a0   0x080052a0   0x000000e0   Code   RO         6748    i._buzz_apply       bsp_buzz.o
    0x08005380   0x08005380   0x00000030   Code   RO         6487    i._cfg_channel      drv_soil_adc.o
    0x080053b0   0x080053b0   0x00000016   Code   RO         6345    i._clamp_u8         drv_rain_adc.o
    0x080053c6   0x080053c6   0x00000016   Code   RO         6488    i._clamp_u8         drv_soil_adc.o
    0x080053dc   0x080053dc   0x0000003a   Code   RO         6411    i._crc8_sht3x       drv_sht30.o
    0x08005416   0x08005416   0x00000002   PAD
    0x08005418   0x08005418   0x00000030   Code   RO         5955    i._dbg_line         drv_esp8266.o
    0x08005448   0x08005448   0x00000028   Code   RO         5956    i._dbg_str          drv_esp8266.o
    0x08005470   0x08005470   0x0000002c   Code   RO         5957    i._dbg_tx           drv_esp8266.o
    0x0800549c   0x0800549c   0x00000034   Code   RO         5958    i._dma_pos_now      drv_esp8266.o
    0x080054d0   0x080054d0   0x00000184   Code   RO         7249    i._fp_digits        mc_w.l(printfa.o)
    0x08005654   0x08005654   0x0000003c   Code   RO         6749    i._get_pat          bsp_buzz.o
    0x08005690   0x08005690   0x00000022   Code   RO         5959    i._hit              drv_esp8266.o
    0x080056b2   0x080056b2   0x00000002   PAD
    0x080056b4   0x080056b4   0x00000024   Code   RO         6858    i._hw_write         bsp_led.o
    0x080056d8   0x080056d8   0x00000028   Code   RO         5880    i._i2c_rd2          drv_bh1750.o
    0x08005700   0x08005700   0x00000028   Code   RO         6412    i._i2c_rd6          drv_sht30.o
    0x08005728   0x08005728   0x00000028   Code   RO         5881    i._i2c_wr           drv_bh1750.o
    0x08005750   0x08005750   0x00000034   Code   RO         6413    i._i2c_wr2          drv_sht30.o
    0x08005784   0x08005784   0x00000088   Code   RO         5960    i._is_error_text    drv_esp8266.o
    0x0800580c   0x0800580c   0x0000003c   Code   RO         5961    i._maybe_echo       drv_esp8266.o
    0x08005848   0x08005848   0x0000003c   Code   RO         6859    i._net_step_10ms    bsp_led.o
    0x08005884   0x08005884   0x000006b4   Code   RO         7250    i._printf_core      mc_w.l(printfa.o)
    0x08005f38   0x08005f38   0x00000024   Code   RO         7251    i._printf_post_padding  mc_w.l(printfa.o)
    0x08005f5c   0x08005f5c   0x0000002e   Code   RO         7252    i._printf_pre_padding  mc_w.l(printfa.o)
    0x08005f8a   0x08005f8a   0x0000001e   Code   RO         6414    i._raw_to_hum_x10   drv_sht30.o
    0x08005fa8   0x08005fa8   0x00000010   Code   RO         5882    i._raw_to_lux       drv_bh1750.o
    0x08005fb8   0x08005fb8   0x0000003e   Code   RO         6346    i._raw_to_pct       drv_rain_adc.o
    0x08005ff6   0x08005ff6   0x00000008   Code   RO         6803    i._raw_to_press     bsp_key.o
    0x08005ffe   0x08005ffe   0x0000001a   Code   RO         6415    i._raw_to_temp_x10  drv_sht30.o
    0x08006018   0x08006018   0x0000004e   Code   RO         6489    i._read_avg_5       drv_soil_adc.o
    0x08006066   0x08006066   0x00000002   PAD
    0x08006068   0x08006068   0x00000050   Code   RO         6490    i._read_once_u12    drv_soil_adc.o
    0x080060b8   0x080060b8   0x00000048   Code   RO         6804    i._read_raw_pack    bsp_key.o
    0x08006100   0x08006100   0x00000014   Code   RO         5962    i._rx_ring_clear_only  drv_esp8266.o
    0x08006114   0x08006114   0x0000004c   Code   RO         5963    i._rx_ring_push     drv_esp8266.o
    0x08006160   0x08006160   0x0000001a   Code   RO         5964    i._rx_ring_push_buf  drv_esp8266.o
    0x0800617a   0x0800617a   0x00000002   PAD
    0x0800617c   0x0800617c   0x00000038   Code   RO         6347    i._select_channel_in9  drv_rain_adc.o
    0x080061b4   0x080061b4   0x00000016   Code   RO         7253    i._snputc           mc_w.l(printfa.o)
    0x080061ca   0x080061ca   0x0000000a   Code   RO         7254    i._sputc            mc_w.l(printfa.o)
    0x080061d4   0x080061d4   0x00000044   Code   RO         6677    i.alarm_word        svc_ui.o
    0x08006218   0x08006218   0x0000000e   Code   RO         6678    i.app_abs_i         svc_ui.o
    0x08006226   0x08006226   0x00000002   PAD
    0x08006228   0x08006228   0x00000018   Code   RO         5705    i.app_ctrl_init_once  app_task_ctrl.o
    0x08006240   0x08006240   0x00000008   Code   RO         5706    i.app_ctrl_request_buzz_ack  app_task_ctrl.o
    0x08006248   0x08006248   0x00000024   Code   RO         5638    i.app_data_get_snapshot  app_data.o
    0x0800626c   0x0800626c   0x00000024   Code   RO         5639    i.app_data_init     app_data.o
    0x08006290   0x08006290   0x0000001c   Code   RO         5640    i.app_data_lock     app_data.o
    0x080062ac   0x080062ac   0x0000002c   Code   RO         5641    i.app_data_set_alarm  app_data.o
    0x080062d8   0x080062d8   0x0000002c   Code   RO         5642    i.app_data_set_env  app_data.o
    0x08006304   0x08006304   0x00000030   Code   RO         5643    i.app_data_set_net  app_data.o
    0x08006334   0x08006334   0x00000020   Code   RO         5644    i.app_data_set_ui_mode  app_data.o
    0x08006354   0x08006354   0x00000020   Code   RO         5645    i.app_data_set_uptime  app_data.o
    0x08006374   0x08006374   0x00000018   Code   RO         5646    i.app_data_unlock   app_data.o
    0x0800638c   0x0800638c   0x000001a8   Code   RO         6606    i.app_mqtt_connect_full  svc_net.o
    0x08006534   0x08006534   0x00000100   Code   RO         6607    i.app_net_ensure_up  svc_net.o
    0x08006634   0x08006634   0x00000028   Code   RO         5798    i.app_sensor_init_once  app_task_sensor.o
    0x0800665c   0x0800665c   0x0000000c   Code   RO         5842    i.app_ui_mode_next  app_task_ui.o
    0x08006668   0x08006668   0x00000118   Code   RO         6608    i.app_wifi_ensure   svc_net.o
    0x08006780   0x08006780   0x00000046   Code   RO         6609    i.at_send_wait_retry  svc_net.o
    0x080067c6   0x080067c6   0x00000002   PAD
    0x080067c8   0x080067c8   0x0000004c   Code   RO         6750    i.bsp_buzz_init     bsp_buzz.o
    0x08006814   0x08006814   0x0000003c   Code   RO         6752    i.bsp_buzz_set_mode  bsp_buzz.o
    0x08006850   0x08006850   0x000000a8   Code   RO         6753    i.bsp_buzz_step_10ms  bsp_buzz.o
    0x080068f8   0x080068f8   0x00000040   Code   RO         6806    i.bsp_key_init      bsp_key.o
    0x08006938   0x08006938   0x0000007c   Code   RO         6807    i.bsp_key_scan_10ms  bsp_key.o
    0x080069b4   0x080069b4   0x00000010   Code   RO         6808    i.bsp_key_trg_get   bsp_key.o
    0x080069c4   0x080069c4   0x0000004c   Code   RO         6860    i.bsp_led_init      bsp_led.o
    0x08006a10   0x08006a10   0x0000003c   Code   RO         6863    i.bsp_led_set_alarm  bsp_led.o
    0x08006a4c   0x08006a4c   0x0000002c   Code   RO         6864    i.bsp_led_set_net_ok  bsp_led.o
    0x08006a78   0x08006a78   0x0000000c   Code   RO         6865    i.bsp_led_step_10ms  bsp_led.o
    0x08006a84   0x08006a84   0x00000034   Code   RO         6866    i.bsp_led_toggle    bsp_led.o
    0x08006ab8   0x08006ab8   0x0000000c   Code   RO         6936    i.bsp_log_init      bsp_log.o
    0x08006ac4   0x08006ac4   0x000000aa   Code   RO         5707    i.ctrlTaskStart     app_task_ctrl.o
    0x08006b6e   0x08006b6e   0x00000002   PAD
    0x08006b70   0x08006b70   0x00000084   Code   RO         6679    i.draw_info         svc_ui.o
    0x08006bf4   0x08006bf4   0x000000a0   Code   RO         6680    i.draw_monitor      svc_ui.o
    0x08006c94   0x08006c94   0x000000b4   Code   RO         6681    i.draw_status       svc_ui.o
    0x08006d48   0x08006d48   0x0000001c   Code   RO         6682    i.draw_title        svc_ui.o
    0x08006d64   0x08006d64   0x00000014   Code   RO         5884    i.drv_bh1750_get    drv_bh1750.o
    0x08006d78   0x08006d78   0x0000006c   Code   RO         5885    i.drv_bh1750_init   drv_bh1750.o
    0x08006de4   0x08006de4   0x000000bc   Code   RO         5886    i.drv_bh1750_sample  drv_bh1750.o
    0x08006ea0   0x08006ea0   0x00000014   Code   RO         6348    i.drv_rain_get      drv_rain_adc.o
    0x08006eb4   0x08006eb4   0x00000048   Code   RO         6349    i.drv_rain_init     drv_rain_adc.o
    0x08006efc   0x08006efc   0x00000100   Code   RO         6351    i.drv_rain_sample   drv_rain_adc.o
    0x08006ffc   0x08006ffc   0x00000014   Code   RO         6417    i.drv_sht30_get     drv_sht30.o
    0x08007010   0x08007010   0x00000050   Code   RO         6418    i.drv_sht30_init    drv_sht30.o
    0x08007060   0x08007060   0x00000108   Code   RO         6419    i.drv_sht30_sample  drv_sht30.o
    0x08007168   0x08007168   0x00000018   Code   RO         6491    i.drv_soil_get_pct  drv_soil_adc.o
    0x08007180   0x08007180   0x00000018   Code   RO         6492    i.drv_soil_get_raw  drv_soil_adc.o
    0x08007198   0x08007198   0x00000044   Code   RO         6494    i.drv_soil_init     drv_soil_adc.o
    0x080071dc   0x080071dc   0x00000098   Code   RO         6495    i.drv_soil_sample   drv_soil_adc.o
    0x08007274   0x08007274   0x000000ac   Code   RO         6610    i.esp_mqtt_pubraw_json  svc_net.o
    0x08007320   0x08007320   0x00000064   Code   RO         6611    i.fmt_x10           svc_net.o
    0x08007384   0x08007384   0x00000014   Code   RO         6558    i.hyst_high_on_low_off  svc_alarm.o
    0x08007398   0x08007398   0x00000014   Code   RO         6559    i.hyst_low_on_high_off  svc_alarm.o
    0x080073ac   0x080073ac   0x00000038   Code   RO           16    i.main              main.o
    0x080073e4   0x080073e4   0x0000004c   Code   RO         6612    i.mqtt_wait_state   svc_net.o
    0x08007430   0x08007430   0x000000d8   Code   RO         5761    i.netTaskStart      app_task_net.o
    0x08007508   0x08007508   0x0000001e   Code   RO         4979    i.osDelay           cmsis_os2.o
    0x08007526   0x08007526   0x00000034   Code   RO         4980    i.osDelayUntil      cmsis_os2.o
    0x0800755a   0x0800755a   0x0000001a   Code   RO         4991    i.osKernelGetTickCount  cmsis_os2.o
    0x08007574   0x08007574   0x0000002c   Code   RO         4993    i.osKernelInitialize  cmsis_os2.o
    0x080075a0   0x080075a0   0x00000060   Code   RO         4996    i.osKernelStart     cmsis_os2.o
    0x08007600   0x08007600   0x00000062   Code   RO         5016    i.osMutexAcquire    cmsis_os2.o
    0x08007662   0x08007662   0x000000b2   Code   RO         5019    i.osMutexNew        cmsis_os2.o
    0x08007714   0x08007714   0x0000004e   Code   RO         5020    i.osMutexRelease    cmsis_os2.o
    0x08007762   0x08007762   0x000000b8   Code   RO         5038    i.osThreadNew       cmsis_os2.o
    0x0800781a   0x0800781a   0x00000002   PAD
    0x0800781c   0x0800781c   0x0000007c   Code   RO         4413    i.prvAddCurrentTaskToDelayedList  tasks.o
    0x08007898   0x08007898   0x000000b8   Code   RO         4414    i.prvAddNewTaskToReadyList  tasks.o
    0x08007950   0x08007950   0x00000074   Code   RO         4789    i.prvCheckForValidListAndQueue  timers.o
    0x080079c4   0x080079c4   0x00000048   Code   RO         4415    i.prvCheckTasksWaitingTermination  tasks.o
    0x08007a0c   0x08007a0c   0x0000002a   Code   RO         4000    i.prvCopyDataFromQueue  queue.o
    0x08007a36   0x08007a36   0x0000007e   Code   RO         4001    i.prvCopyDataToQueue  queue.o
    0x08007ab4   0x08007ab4   0x00000050   Code   RO         4416    i.prvDeleteTCB      tasks.o
    0x08007b04   0x08007b04   0x00000014   Code   RO         4002    i.prvGetDisinheritPriorityAfterTimeout  queue.o
    0x08007b18   0x08007b18   0x00000028   Code   RO         4790    i.prvGetNextExpireTime  timers.o
    0x08007b40   0x08007b40   0x0000007c   Code   RO         5506    i.prvHeapInit       heap_4.o
    0x08007bbc   0x08007bbc   0x00000028   Code   RO         4417    i.prvIdleTask       tasks.o
    0x08007be4   0x08007be4   0x0000001e   Code   RO         4003    i.prvInitialiseMutex  queue.o
    0x08007c02   0x08007c02   0x0000002a   Code   RO         4004    i.prvInitialiseNewQueue  queue.o
    0x08007c2c   0x08007c2c   0x000000be   Code   RO         4418    i.prvInitialiseNewTask  tasks.o
    0x08007cea   0x08007cea   0x00000002   PAD
    0x08007cec   0x08007cec   0x00000068   Code   RO         4419    i.prvInitialiseTaskLists  tasks.o
    0x08007d54   0x08007d54   0x00000068   Code   RO         5507    i.prvInsertBlockIntoFreeList  heap_4.o
    0x08007dbc   0x08007dbc   0x00000058   Code   RO         4792    i.prvInsertTimerInActiveList  timers.o
    0x08007e14   0x08007e14   0x0000001a   Code   RO         4005    i.prvIsQueueEmpty   queue.o
    0x08007e2e   0x08007e2e   0x0000001e   Code   RO         4006    i.prvIsQueueFull    queue.o
    0x08007e4c   0x08007e4c   0x00000074   Code   RO         4793    i.prvProcessExpiredTimer  timers.o
    0x08007ec0   0x08007ec0   0x00000164   Code   RO         4794    i.prvProcessReceivedCommands  timers.o
    0x08008024   0x08008024   0x00000074   Code   RO         4795    i.prvProcessTimerOrBlockTask  timers.o
    0x08008098   0x08008098   0x00000034   Code   RO         4421    i.prvResetNextTaskUnblockTime  tasks.o
    0x080080cc   0x080080cc   0x0000002c   Code   RO         4796    i.prvSampleTimeNow  timers.o
    0x080080f8   0x080080f8   0x000000a4   Code   RO         4797    i.prvSwitchTimerLists  timers.o
    0x0800819c   0x0800819c   0x00000040   Code   RO         5562    i.prvTaskExitError  port.o
    0x080081dc   0x080081dc   0x0000001a   Code   RO         4798    i.prvTimerTask      timers.o
    0x080081f6   0x080081f6   0x0000007e   Code   RO         4007    i.prvUnlockQueue    queue.o
    0x08008274   0x08008274   0x00000154   Code   RO         5508    i.pvPortMalloc      heap_4.o
    0x080083c8   0x080083c8   0x00000020   Code   RO         4424    i.pvTaskIncrementMutexHeldCount  tasks.o
    0x080083e8   0x080083e8   0x00000024   Code   RO         5563    i.pxPortInitialiseStack  port.o
    0x0800840c   0x0800840c   0x000000e4   Code   RO         5799    i.sensorTaskStart   app_task_sensor.o
    0x080084f0   0x080084f0   0x0000000c   Code   RO         6560    i.svc_alarm_ack_toggle  svc_alarm.o
    0x080084fc   0x080084fc   0x00000044   Code   RO         6561    i.svc_alarm_init    svc_alarm.o
    0x08008540   0x08008540   0x00000168   Code   RO         6562    i.svc_alarm_process  svc_alarm.o
    0x080086a8   0x080086a8   0x0000002c   Code   RO         6613    i.svc_net_ensure_up  svc_net.o
    0x080086d4   0x080086d4   0x00000024   Code   RO         6614    i.svc_net_init      svc_net.o
    0x080086f8   0x080086f8   0x000000f0   Code   RO         6615    i.svc_net_publish_snapshot  svc_net.o
    0x080087e8   0x080087e8   0x0000000c   Code   RO         6683    i.svc_ui_force_refresh  svc_ui.o
    0x080087f4   0x080087f4   0x00000034   Code   RO         6684    i.svc_ui_init       svc_ui.o
    0x08008828   0x08008828   0x00000050   Code   RO         6685    i.svc_ui_render     svc_ui.o
    0x08008878   0x08008878   0x0000007a   Code   RO         5843    i.uiTaskStart       app_task_ui.o
    0x080088f2   0x080088f2   0x00000028   Code   RO         3960    i.uxListRemove      list.o
    0x0800891a   0x0800891a   0x00000002   PAD
    0x0800891c   0x0800891c   0x00000018   Code   RO         5050    i.vApplicationGetIdleTaskMemory  cmsis_os2.o
    0x08008934   0x08008934   0x00000018   Code   RO         5051    i.vApplicationGetTimerTaskMemory  cmsis_os2.o
    0x0800894c   0x0800894c   0x00000002   Code   RO          239    i.vApplicationMallocFailedHook  freertos.o
    0x0800894e   0x0800894e   0x00000002   Code   RO          240    i.vApplicationStackOverflowHook  freertos.o
    0x08008950   0x08008950   0x0000001a   Code   RO         3961    i.vListInitialise   list.o
    0x0800896a   0x0800896a   0x00000006   Code   RO         3962    i.vListInitialiseItem  list.o
    0x08008970   0x08008970   0x00000034   Code   RO         3963    i.vListInsert       list.o
    0x080089a4   0x080089a4   0x00000018   Code   RO         3964    i.vListInsertEnd    list.o
    0x080089bc   0x080089bc   0x00000054   Code   RO         5565    i.vPortEnterCritical  port.o
    0x08008a10   0x08008a10   0x0000003c   Code   RO         5566    i.vPortExitCritical  port.o
    0x08008a4c   0x08008a4c   0x000000a4   Code   RO         5509    i.vPortFree         heap_4.o
    0x08008af0   0x08008af0   0x00000028   Code   RO         5567    i.vPortSetupTimerInterrupt  port.o
    0x08008b18   0x08008b18   0x00000078   Code   RO         5568    i.vPortValidateInterruptPriority  port.o
    0x08008b90   0x08008b90   0x0000002c   Code   RO         4013    i.vQueueAddToRegistry  queue.o
    0x08008bbc   0x08008bbc   0x0000004a   Code   RO         4017    i.vQueueWaitForMessageRestricted  queue.o
    0x08008c06   0x08008c06   0x00000002   PAD
    0x08008c08   0x08008c08   0x0000005c   Code   RO         4434    i.vTaskDelay        tasks.o
    0x08008c64   0x08008c64   0x000000d4   Code   RO         4435    i.vTaskDelayUntil   tasks.o
    0x08008d38   0x08008d38   0x00000018   Code   RO         4439    i.vTaskInternalSetTimeOutState  tasks.o
    0x08008d50   0x08008d50   0x0000000c   Code   RO         4440    i.vTaskMissedYield  tasks.o
    0x08008d5c   0x08008d5c   0x00000038   Code   RO         4442    i.vTaskPlaceOnEventList  tasks.o
    0x08008d94   0x08008d94   0x00000040   Code   RO         4443    i.vTaskPlaceOnEventListRestricted  tasks.o
    0x08008dd4   0x08008dd4   0x000000d0   Code   RO         4445    i.vTaskPriorityDisinheritAfterTimeout  tasks.o
    0x08008ea4   0x08008ea4   0x000000b8   Code   RO         4451    i.vTaskStartScheduler  tasks.o
    0x08008f5c   0x08008f5c   0x00000010   Code   RO         4453    i.vTaskSuspendAll   tasks.o
    0x08008f6c   0x08008f6c   0x000000c8   Code   RO         4454    i.vTaskSwitchContext  tasks.o
    0x08009034   0x08009034   0x0000003c   Code   RO         6686    i.x10_to_str        svc_ui.o
    0x08009070   0x08009070   0x000000f8   Code   RO         5569    i.xPortStartScheduler  port.o
    0x08009168   0x08009168   0x00000034   Code   RO         5570    i.xPortSysTickHandler  port.o
    0x0800919c   0x0800919c   0x00000022   Code   RO         4020    i.xQueueCreateMutex  queue.o
    0x080091be   0x080091be   0x0000002a   Code   RO         4021    i.xQueueCreateMutexStatic  queue.o
    0x080091e8   0x080091e8   0x0000005a   Code   RO         4022    i.xQueueGenericCreate  queue.o
    0x08009242   0x08009242   0x000000e0   Code   RO         4023    i.xQueueGenericCreateStatic  queue.o
    0x08009322   0x08009322   0x00000002   PAD
    0x08009324   0x08009324   0x00000098   Code   RO         4024    i.xQueueGenericReset  queue.o
    0x080093bc   0x080093bc   0x000001a8   Code   RO         4025    i.xQueueGenericSend  queue.o
    0x08009564   0x08009564   0x000000fc   Code   RO         4026    i.xQueueGenericSendFromISR  queue.o
    0x08009660   0x08009660   0x00000048   Code   RO         4030    i.xQueueGiveMutexRecursive  queue.o
    0x080096a8   0x080096a8   0x00000168   Code   RO         4035    i.xQueueReceive     queue.o
    0x08009810   0x08009810   0x000001b8   Code   RO         4037    i.xQueueSemaphoreTake  queue.o
    0x080099c8   0x080099c8   0x0000004e   Code   RO         4038    i.xQueueTakeMutexRecursive  queue.o
    0x08009a16   0x08009a16   0x00000002   PAD
    0x08009a18   0x08009a18   0x0000008c   Code   RO         4456    i.xTaskCheckForTimeOut  tasks.o
    0x08009aa4   0x08009aa4   0x00000064   Code   RO         4457    i.xTaskCreate       tasks.o
    0x08009b08   0x08009b08   0x000000ba   Code   RO         4458    i.xTaskCreateStatic  tasks.o
    0x08009bc2   0x08009bc2   0x00000002   PAD
    0x08009bc4   0x08009bc4   0x0000000c   Code   RO         4461    i.xTaskGetCurrentTaskHandle  tasks.o
    0x08009bd0   0x08009bd0   0x00000020   Code   RO         4462    i.xTaskGetSchedulerState  tasks.o
    0x08009bf0   0x08009bf0   0x0000000c   Code   RO         4463    i.xTaskGetTickCount  tasks.o
    0x08009bfc   0x08009bfc   0x00000014   Code   RO         4464    i.xTaskGetTickCountFromISR  tasks.o
    0x08009c10   0x08009c10   0x00000144   Code   RO         4465    i.xTaskIncrementTick  tasks.o
    0x08009d54   0x08009d54   0x000000a4   Code   RO         4468    i.xTaskPriorityDisinherit  tasks.o
    0x08009df8   0x08009df8   0x000000a4   Code   RO         4469    i.xTaskPriorityInherit  tasks.o
    0x08009e9c   0x08009e9c   0x00000098   Code   RO         4470    i.xTaskRemoveFromEventList  tasks.o
    0x08009f34   0x08009f34   0x00000104   Code   RO         4471    i.xTaskResumeAll    tasks.o
    0x0800a038   0x0800a038   0x00000078   Code   RO         4807    i.xTimerCreateTimerTask  timers.o
    0x0800a0b0   0x0800a0b0   0x00000084   Code   RO         4808    i.xTimerGenericCommand  timers.o
    0x0800a134   0x0800a134   0x00000090   Data   RO          241    .constdata          freertos.o
    0x0800a1c4   0x0800a1c4   0x00000012   Data   RO         2126    .constdata          stm32f1xx_hal_rcc.o
    0x0800a1d6   0x0800a1d6   0x00000012   Data   RO         2222    .constdata          stm32f1xx_hal_rcc_ex.o
    0x0800a1e8   0x0800a1e8   0x00000018   Data   RO         3797    .constdata          system_stm32f1xx.o
    0x0800a200   0x0800a200   0x0000142f   Data   RO         6330    .constdata          drv_oled_data.o
    0x0800b62f   0x0800b62f   0x00000001   PAD
    0x0800b630   0x0800b630   0x0000000c   Data   RO         6496    .constdata          drv_soil_adc.o
    0x0800b63c   0x0800b63c   0x00000048   Data   RO         6754    .constdata          bsp_buzz.o
    0x0800b684   0x0800b684   0x00000018   Data   RO         6867    .constdata          bsp_led.o
    0x0800b69c   0x0800b69c   0x00000028   Data   RO          242    .conststring        freertos.o
    0x0800b6c4   0x0800b6c4   0x00000146   Data   RO         6616    .conststring        svc_net.o
    0x0800b80a   0x0800b80a   0x00000002   PAD
    0x0800b80c   0x0800b80c   0x00000020   Data   RO         7374    Region$$Table       anon$$obj.o


    Execution Region RW_IRAM1 (Exec base: 0x20000000, Load base: 0x0800b82c, Size: 0x000048b0, Max: 0x00005000, ABSOLUTE, COMPRESSED[0x00000018])

    Exec Addr    Load Addr    Size         Type   Attr      Idx    E Section Name        Object

    0x20000000   COMPRESSED   0x00000010   Data   RW          243    .data               freertos.o
    0x20000010   COMPRESSED   0x00000009   Data   RW         1962    .data               stm32f1xx_hal.o
    0x20000019   COMPRESSED   0x00000003   PAD
    0x2000001c   COMPRESSED   0x00000004   Data   RW         3798    .data               system_stm32f1xx.o
    0x20000020   COMPRESSED   0x0000003c   Data   RW         4474    .data               tasks.o
    0x2000005c   COMPRESSED   0x00000014   Data   RW         4816    .data               timers.o
    0x20000070   COMPRESSED   0x00000004   Data   RW         5055    .data               cmsis_os2.o
    0x20000074   COMPRESSED   0x00000020   Data   RW         5515    .data               heap_4.o
    0x20000094   COMPRESSED   0x0000000c   Data   RW         5571    .data               port.o
    0x200000a0   COMPRESSED   0x00000004   Data   RW         5648    .data               app_data.o
    0x200000a4   COMPRESSED   0x00000001   Data   RW         5762    .data               app_task_net.o
    0x200000a5   COMPRESSED   0x00000003   PAD
    0x200000a8   COMPRESSED   0x0000000c   Data   RW         5889    .data               drv_bh1750.o
    0x200000b4   COMPRESSED   0x0000000e   Data   RW         5966    .data               drv_esp8266.o
    0x200000c2   COMPRESSED   0x00000002   PAD
    0x200000c4   COMPRESSED   0x0000000d   Data   RW         6354    .data               drv_rain_adc.o
    0x200000d1   COMPRESSED   0x00000003   PAD
    0x200000d4   COMPRESSED   0x0000000c   Data   RW         6422    .data               drv_sht30.o
    0x200000e0   COMPRESSED   0x0000000e   Data   RW         6497    .data               drv_soil_adc.o
    0x200000ee   COMPRESSED   0x00000002   PAD
    0x200000f0   COMPRESSED   0x0000000d   Data   RW         6563    .data               svc_alarm.o
    0x200000fd   COMPRESSED   0x00000003   PAD
    0x20000100   COMPRESSED   0x00000010   Data   RW         6617    .data               svc_net.o
    0x20000110   COMPRESSED   0x00000001   Data   RW         6687    .data               svc_ui.o
    0x20000111   COMPRESSED   0x00000003   PAD
    0x20000114   COMPRESSED   0x0000000c   Data   RW         6755    .data               bsp_buzz.o
    0x20000120   COMPRESSED   0x00000005   Data   RW         6809    .data               bsp_key.o
    0x20000125   COMPRESSED   0x00000001   PAD
    0x20000126   COMPRESSED   0x00000007   Data   RW         6868    .data               bsp_led.o
    0x2000012d   COMPRESSED   0x00000003   PAD
    0x20000130   COMPRESSED   0x00000004   Data   RW         6940    .data               bsp_log.o
    0x20000134        -       0x00000030   Zero   RW          295    .bss                adc.o
    0x20000164        -       0x00000054   Zero   RW          361    .bss                i2c.o
    0x200001b8        -       0x00000048   Zero   RW          404    .bss                tim.o
    0x20000200        -       0x00000118   Zero   RW          452    .bss                usart.o
    0x20000318        -       0x00000048   Zero   RW          605    .bss                stm32f1xx_hal_timebase_tim.o
    0x20000360        -       0x00000040   Zero   RW         4039    .bss                queue.o
    0x200003a0        -       0x000004c4   Zero   RW         4473    .bss                tasks.o
    0x20000864        -       0x00000118   Zero   RW         4815    .bss                timers.o
    0x2000097c        -       0x000006b8   Zero   RW         5054    .bss                cmsis_os2.o
    0x20001034        -       0x00002000   Zero   RW         5514    .bss                heap_4.o
    0x20003034        -       0x00000040   Zero   RW         5647    .bss                app_data.o
    0x20003074        -       0x00000018   Zero   RW         5888    .bss                drv_bh1750.o
    0x2000308c        -       0x00001000   Zero   RW         5965    .bss                drv_esp8266.o
    0x2000408c        -       0x00000400   Zero   RW         6114    .bss                drv_oled.o
    0x2000448c        -       0x0000000c   Zero   RW         6353    .bss                drv_rain_adc.o
    0x20004498        -       0x00000016   Zero   RW         6421    .bss                drv_sht30.o
    0x200044ae   COMPRESSED   0x00000002   PAD
    0x200044b0        -       0x00000400   Zero   RW            1    STACK               startup_stm32f103xb.o


==============================================================================

Image component sizes


      Code (inc. data)   RO Data    RW Data    ZI Data      Debug   Object Name

       244         24          0          0         48       1757   adc.o
       324         50          0          4         64       5164   app_data.o
       202          4          0          0          0       2732   app_task_ctrl.o
       216         12          0          1          0        803   app_task_net.o
       268          8          0          0          0       3374   app_task_sensor.o
       134          0          0          0          0       1170   app_task_ui.o
       588         74         72         12          0       3937   bsp_buzz.o
       284         52          0          5          0       2841   bsp_key.o
       420         80         24          7          0       4893   bsp_led.o
        12          6          0          4          0       1083   bsp_log.o
       862         38          0          4       1720      48096   cmsis_os2.o
        68          4          0          0          0        778   dma.o
       412         64          0         12         24       4247   drv_bh1750.o
      2020        424          0         14       4096      13252   drv_esp8266.o
      1360         48          0          0       1024      11689   drv_oled.o
         0          0       5167          0          0       1186   drv_oled_data.o
       488         44          0         13         12       4353   drv_rain_adc.o
       570         64          0         12         22       5648   drv_sht30.o
       496         74         12         14          0       5696   drv_soil_adc.o
         0          0          0          0          0      19608   event_groups.o
       112         48        184         16          0       2602   freertos.o
       232         12          0          0          0       1007   gpio.o
       732         72          0         32       8192       4855   heap_4.o
       176         24          0          0         84       1657   i2c.o
       148          0          0          0          0       3494   list.o
       218          6          0          0          0     473044   main.o
       854         78          0         12          0      11073   port.o
      2728         26          0          0         64      24208   queue.o
        36          8        236          0       1024        816   startup_stm32f103xb.o
       116         24          0          9          0       5346   stm32f1xx_hal.o
      1672         62          0          0          0       7199   stm32f1xx_hal_adc.o
       284          6          0          0          0       1490   stm32f1xx_hal_adc_ex.o
       252         22          0          0          0      28750   stm32f1xx_hal_cortex.o
       978         12          0          0          0       4958   stm32f1xx_hal_dma.o
       828         34          0          0          0       3367   stm32f1xx_hal_gpio.o
      3064         54          0          0          0      12097   stm32f1xx_hal_i2c.o
        96         10          0          0          0        922   stm32f1xx_hal_msp.o
      1816        108         18          0          0       6705   stm32f1xx_hal_rcc.o
       556         34         18          0          0       2413   stm32f1xx_hal_rcc_ex.o
      1712         60          0          0          0      12377   stm32f1xx_hal_tim.o
       136         14          0          0          0       2481   stm32f1xx_hal_tim_ex.o
       180         22          0          0         72       1503   stm32f1xx_hal_timebase_tim.o
      2536         22          0          0          0      16218   stm32f1xx_hal_uart.o
        86         24          0          0          0       4625   stm32f1xx_it.o
         0          0          0          0          0       9512   stream_buffer.o
       480         68          0         13          0       3916   svc_alarm.o
      1698        632        326         16          0       8022   svc_net.o
       786        246          0          1          0       6141   svc_ui.o
         2          0         24          4          0       1155   system_stm32f1xx.o
      3512        402          0         60       1220      32104   tasks.o
       260         32          0          0         72       2303   tim.o
      1318        124          0         20        280      32883   timers.o
       488         50          0          0        280       2545   usart.o

    ----------------------------------------------------------------------
     37118       3406       6116        308      18300     874095   Object Totals
         0          0         32          0          0          0   (incl. Generated)
        58          0          3         23          2          0   (incl. Padding)

    ----------------------------------------------------------------------

      Code (inc. data)   RO Data    RW Data    ZI Data      Debug   Library Member Name

        58          0          0          0          0          0   __dczerorl.o
         0          0          0          0          0          0   entry.o
         0          0          0          0          0          0   entry10a.o
         0          0          0          0          0          0   entry11a.o
         4          0          0          0          0          0   entry12b.o
         8          4          0          0          0          0   entry2.o
         4          0          0          0          0          0   entry5.o
         0          0          0          0          0          0   entry7b.o
         0          0          0          0          0          0   entry8b.o
         8          4          0          0          0          0   entry9a.o
        30          0          0          0          0          0   handlers.o
        36          8          0          0          0         68   init.o
         0          0          0          0          0          0   iusefp.o
        30          0          0          0          0         68   llshl.o
        36          0          0          0          0         68   llsshr.o
        32          0          0          0          0         68   llushr.o
        36          0          0          0          0         68   memcpya.o
        36          0          0          0          0        108   memseta.o
      2306         90          0          0          0        684   printfa.o
        28          0          0          0          0         76   strcmp.o
        14          0          0          0          0         68   strlen.o
        36          0          0          0          0         80   strstr.o
        44          0          0          0          0         80   uidiv.o
        98          0          0          0          0         92   uldiv.o
        48          0          0          0          0         68   cdrcmple.o
       334          0          0          0          0        148   dadd.o
       222          0          0          0          0        100   ddiv.o
       186          0          0          0          0        176   depilogue.o
        48          0          0          0          0         68   dfixul.o
       228          0          0          0          0         96   dmul.o

    ----------------------------------------------------------------------
      3914        106          0          0          0       2184   Library Totals
         4          0          0          0          0          0   (incl. Padding)

    ----------------------------------------------------------------------

      Code (inc. data)   RO Data    RW Data    ZI Data      Debug   Library Name

      2844        106          0          0          0       1528   mc_w.l
      1066          0          0          0          0        656   mf_w.l

    ----------------------------------------------------------------------
      3914        106          0          0          0       2184   Library Totals

    ----------------------------------------------------------------------

==============================================================================


      Code (inc. data)   RO Data    RW Data    ZI Data      Debug   

     41032       3512       6116        308      18300     857895   Grand Totals
     41032       3512       6116         24      18300     857895   ELF Image Totals (compressed)
     41032       3512       6116         24          0          0   ROM Totals

==============================================================================

    Total RO  Size (Code + RO Data)                47148 (  46.04kB)
    Total RW  Size (RW Data + ZI Data)             18608 (  18.17kB)
    Total ROM Size (Code + RO Data + RW Data)      47172 (  46.07kB)

==============================================================================

