<html>
<body>
<pre>
<h1>µVision Build Log</h1>
<h2>Tool Versions:</h2>
IDE-Version: ¦ÌVision V5.24.2.0
Copyright (C) 2017 ARM Ltd and ARM Germany GmbH. All rights reserved.
License Information: 1 2811332972@qq.com, 11, LIC=----
 
Tool Versions:
Toolchain:       MDK-ARM Plus  Version: 5.36.0.0
Toolchain Path:  C:\Keil_v5\ARM\ARMCC\Bin
C Compiler:      Armcc.exe V5.06 update 7 (build 960)
Assembler:       Armasm.exe V5.06 update 7 (build 960)
Linker/Locator:  ArmLink.exe V5.06 update 7 (build 960)
Library Manager: ArmAr.exe V5.06 update 7 (build 960)
Hex Converter:   FromElf.exe V5.06 update 7 (build 960)
CPU DLL:         SARMCM3.DLL V5.36.0.0
Dialog DLL:      DCM.DLL V1.17.3.0
Target DLL:      STLink\ST-LINKIII-KEIL_SWO.dll V3.0.9.0
Dialog DLL:      TCM.DLL V1.53.0.0
 
<h2>Project:</h2>
E:\EmbeddedDevRepos\00-Formal\STM32_SmartAgri_2026\code\SmartAgri\MDK-ARM\SmartAgri.uvprojx
Project File Date:  03/21/2026

<h2>Output:</h2>
*** Using Compiler 'V5.06 update 7 (build 960)', folder: 'C:\Keil_v5\ARM\ARMCC\Bin'
Rebuild target 'SmartAgri'
assembling startup_stm32f103xb.s...
compiling croutine.c...
compiling stm32f1xx_hal_gpio.c...
compiling stm32f1xx_hal_msp.c...
compiling list.c...
compiling event_groups.c...
compiling queue.c...
compiling stream_buffer.c...
compiling heap_4.c...
compiling timers.c...
compiling tasks.c...
compiling app_data.c...
compiling port.c...
compiling stm32f1xx_hal_rcc.c...
compiling stm32f1xx_hal_exti.c...
compiling stm32f1xx_it.c...
compiling stm32f1xx_hal_pwr.c...
compiling freertos.c...
compiling stm32f1xx_hal_gpio_ex.c...
compiling tim.c...
compiling adc.c...
compiling stm32f1xx_hal.c...
compiling main.c...
compiling gpio.c...
compiling stm32f1xx_hal_uart.c...
compiling dma.c...
compiling usart.c...
compiling stm32f1xx_hal_dma.c...
compiling i2c.c...
compiling stm32f1xx_hal_cortex.c...
compiling stm32f1xx_hal_tim_ex.c...
compiling stm32f1xx_hal_rcc_ex.c...
compiling drv_oled_data.c...
compiling stm32f1xx_hal_flash.c...
compiling stm32f1xx_hal_timebase_tim.c...
compiling system_stm32f1xx.c...
compiling stm32f1xx_hal_adc_ex.c...
compiling stm32f1xx_hal_i2c.c...
compiling stm32f1xx_hal_flash_ex.c...
compiling stm32f1xx_hal_adc.c...
compiling svc_ui.c...
compiling stm32f1xx_hal_tim.c...
compiling cmsis_os2.c...
compiling app_task_ctrl.c...
compiling app_task_net.c...
compiling app_task_sensor.c...
compiling app_task_ui.c...
compiling drv_bh1750.c...
compiling drv_esp8266.c...
compiling drv_oled.c...
compiling drv_rain_adc.c...
compiling drv_sht30.c...
compiling drv_soil_adc.c...
compiling svc_alarm.c...
compiling svc_net.c...
compiling bsp_buzz.c...
compiling bsp_key.c...
compiling bsp_led.c...
compiling bsp_log.c...
linking...
Program Size: Code=40888 RO-data=6116 RW-data=304 ZI-data=18304  
FromELF: creating hex file...
"SmartAgri\SmartAgri.axf" - 0 Error(s), 0 Warning(s).

<h2>Software Packages used:</h2>

Package Vendor: ARM
                http://www.keil.com/pack/ARM.CMSIS.5.0.1.pack
                ARM.CMSIS.5.0.1
                CMSIS (Cortex Microcontroller Software Interface Standard)
   * Component: CORE Version: 5.0.1

Package Vendor: Keil
                https://www.keil.com/pack/Keil.STM32F1xx_DFP.2.4.1.pack
                Keil.STM32F1xx_DFP.2.4.1
                STMicroelectronics STM32F1 Series Device Support, Drivers and Examples

<h2>Collection of Component include folders:</h2>
  .\RTE\_SmartAgri
  C:\Keil_v5\ARM\PACK\ARM\CMSIS\5.0.1\CMSIS\Include
  C:\Keil_v5\ARM\PACK\Keil\STM32F1xx_DFP\2.4.1\Device\Include

<h2>Collection of Component Files used:</h2>

   * Component: ARM::CMSIS:CORE:5.0.1
Build Time Elapsed:  00:00:04
</pre>
</body>
</html>
