Component: ARM Compiler 5.06 update 7 (build 960) Tool: armlink [4d3601]

==============================================================================

Section Cross References

    startup_stm32f103xb.o(RESET) refers to startup_stm32f103xb.o(STACK) for __initial_sp
    startup_stm32f103xb.o(RESET) refers to startup_stm32f103xb.o(.text) for Reset_Handler
    startup_stm32f103xb.o(RESET) refers to stm32f1xx_it.o(i.NMI_Handler) for NMI_Handler
    startup_stm32f103xb.o(RESET) refers to stm32f1xx_it.o(i.HardFault_Handler) for HardFault_Handler
    startup_stm32f103xb.o(RESET) refers to stm32f1xx_it.o(i.MemManage_Handler) for MemManage_Handler
    startup_stm32f103xb.o(RESET) refers to stm32f1xx_it.o(i.BusFault_Handler) for BusFault_Handler
    startup_stm32f103xb.o(RESET) refers to stm32f1xx_it.o(i.UsageFault_Handler) for UsageFault_Handler
    startup_stm32f103xb.o(RESET) refers to port.o(.emb_text) for SVC_Handler
    startup_stm32f103xb.o(RESET) refers to stm32f1xx_it.o(i.DebugMon_Handler) for DebugMon_Handler
    startup_stm32f103xb.o(RESET) refers to cmsis_os2.o(i.SysTick_Handler) for SysTick_Handler
    startup_stm32f103xb.o(RESET) refers to stm32f1xx_it.o(i.DMA1_Channel6_IRQHandler) for DMA1_Channel6_IRQHandler
    startup_stm32f103xb.o(RESET) refers to stm32f1xx_it.o(i.DMA1_Channel7_IRQHandler) for DMA1_Channel7_IRQHandler
    startup_stm32f103xb.o(RESET) refers to stm32f1xx_it.o(i.TIM4_IRQHandler) for TIM4_IRQHandler
    startup_stm32f103xb.o(RESET) refers to stm32f1xx_it.o(i.USART2_IRQHandler) for USART2_IRQHandler
    startup_stm32f103xb.o(.text) refers to system_stm32f1xx.o(i.SystemInit) for SystemInit
    startup_stm32f103xb.o(.text) refers to entry.o(.ARM.Collect$$$$00000000) for __main
    main.o(i.HAL_TIM_PeriodElapsedCallback) refers to stm32f1xx_hal.o(i.HAL_IncTick) for HAL_IncTick
    main.o(i.SystemClock_Config) refers to memseta.o(.text) for __aeabi_memclr4
    main.o(i.SystemClock_Config) refers to stm32f1xx_hal_rcc.o(i.HAL_RCC_OscConfig) for HAL_RCC_OscConfig
    main.o(i.SystemClock_Config) refers to main.o(i.Error_Handler) for Error_Handler
    main.o(i.SystemClock_Config) refers to stm32f1xx_hal_rcc.o(i.HAL_RCC_ClockConfig) for HAL_RCC_ClockConfig
    main.o(i.SystemClock_Config) refers to stm32f1xx_hal_rcc_ex.o(i.HAL_RCCEx_PeriphCLKConfig) for HAL_RCCEx_PeriphCLKConfig
    main.o(i.main) refers to stm32f1xx_hal.o(i.HAL_Init) for HAL_Init
    main.o(i.main) refers to main.o(i.SystemClock_Config) for SystemClock_Config
    main.o(i.main) refers to gpio.o(i.MX_GPIO_Init) for MX_GPIO_Init
    main.o(i.main) refers to dma.o(i.MX_DMA_Init) for MX_DMA_Init
    main.o(i.main) refers to usart.o(i.MX_USART1_UART_Init) for MX_USART1_UART_Init
    main.o(i.main) refers to tim.o(i.MX_TIM3_Init) for MX_TIM3_Init
    main.o(i.main) refers to adc.o(i.MX_ADC1_Init) for MX_ADC1_Init
    main.o(i.main) refers to i2c.o(i.MX_I2C1_Init) for MX_I2C1_Init
    main.o(i.main) refers to usart.o(i.MX_USART2_UART_Init) for MX_USART2_UART_Init
    main.o(i.main) refers to app_data.o(i.app_data_init) for app_data_init
    main.o(i.main) refers to cmsis_os2.o(i.osKernelInitialize) for osKernelInitialize
    main.o(i.main) refers to freertos.o(i.MX_FREERTOS_Init) for MX_FREERTOS_Init
    main.o(i.main) refers to cmsis_os2.o(i.osKernelStart) for osKernelStart
    gpio.o(i.MX_GPIO_Init) refers to stm32f1xx_hal_gpio.o(i.HAL_GPIO_WritePin) for HAL_GPIO_WritePin
    gpio.o(i.MX_GPIO_Init) refers to stm32f1xx_hal_gpio.o(i.HAL_GPIO_Init) for HAL_GPIO_Init
    freertos.o(i.MX_FREERTOS_Init) refers to cmsis_os2.o(i.osThreadNew) for osThreadNew
    freertos.o(i.MX_FREERTOS_Init) refers to freertos.o(.constdata) for sensorTask_attributes
    freertos.o(i.MX_FREERTOS_Init) refers to app_task_sensor.o(i.sensorTaskStart) for sensorTaskStart
    freertos.o(i.MX_FREERTOS_Init) refers to freertos.o(.data) for sensorTaskHandle
    freertos.o(i.MX_FREERTOS_Init) refers to app_task_ui.o(i.uiTaskStart) for uiTaskStart
    freertos.o(i.MX_FREERTOS_Init) refers to app_task_net.o(i.netTaskStart) for netTaskStart
    freertos.o(i.MX_FREERTOS_Init) refers to app_task_ctrl.o(i.ctrlTaskStart) for ctrlTaskStart
    freertos.o(i.sensorTaskStart) refers to cmsis_os2.o(i.osDelay) for osDelay
    freertos.o(.constdata) refers to freertos.o(.conststring) for .conststring
    adc.o(i.HAL_ADC_MspDeInit) refers to stm32f1xx_hal_gpio.o(i.HAL_GPIO_DeInit) for HAL_GPIO_DeInit
    adc.o(i.HAL_ADC_MspInit) refers to stm32f1xx_hal_gpio.o(i.HAL_GPIO_Init) for HAL_GPIO_Init
    adc.o(i.MX_ADC1_Init) refers to stm32f1xx_hal_adc.o(i.HAL_ADC_Init) for HAL_ADC_Init
    adc.o(i.MX_ADC1_Init) refers to main.o(i.Error_Handler) for Error_Handler
    adc.o(i.MX_ADC1_Init) refers to stm32f1xx_hal_adc.o(i.HAL_ADC_ConfigChannel) for HAL_ADC_ConfigChannel
    adc.o(i.MX_ADC1_Init) refers to adc.o(.bss) for hadc1
    dma.o(i.MX_DMA_Init) refers to stm32f1xx_hal_cortex.o(i.HAL_NVIC_SetPriority) for HAL_NVIC_SetPriority
[...]
    s_alm_level                              0x200000f8   Data           1  bsp_led.o(.data)
    .bss                                     0x200000fc   Section       48  adc.o(.bss)
    .bss                                     0x2000012c   Section       84  i2c.o(.bss)
    .bss                                     0x20000180   Section       72  tim.o(.bss)
    .bss                                     0x200001c8   Section      280  usart.o(.bss)
    .bss                                     0x200002e0   Section       72  stm32f1xx_hal_timebase_tim.o(.bss)
    .bss                                     0x20000328   Section       64  queue.o(.bss)
    .bss                                     0x20000368   Section     1220  tasks.o(.bss)
    pxReadyTasksLists                        0x20000368   Data        1120  tasks.o(.bss)
    xDelayedTaskList1                        0x200007c8   Data          20  tasks.o(.bss)
    xDelayedTaskList2                        0x200007dc   Data          20  tasks.o(.bss)
    xPendingReadyList                        0x200007f0   Data          20  tasks.o(.bss)
    xTasksWaitingTermination                 0x20000804   Data          20  tasks.o(.bss)
    xSuspendedTaskList                       0x20000818   Data          20  tasks.o(.bss)
    .bss                                     0x2000082c   Section      280  timers.o(.bss)
    xActiveTimerList1                        0x2000082c   Data          20  timers.o(.bss)
    xActiveTimerList2                        0x20000840   Data          20  timers.o(.bss)
    xStaticTimerQueue                        0x20000854   Data          80  timers.o(.bss)
    ucStaticTimerQueueStorage                0x200008a4   Data         160  timers.o(.bss)
    .bss                                     0x20000944   Section     1720  cmsis_os2.o(.bss)
    Idle_TCB                                 0x20000944   Data          92  cmsis_os2.o(.bss)
    Idle_Stack                               0x200009a0   Data         512  cmsis_os2.o(.bss)
    Timer_TCB                                0x20000ba0   Data          92  cmsis_os2.o(.bss)
    Timer_Stack                              0x20000bfc   Data        1024  cmsis_os2.o(.bss)
    .bss                                     0x20000ffc   Section     8192  heap_4.o(.bss)
    ucHeap                                   0x20000ffc   Data        8192  heap_4.o(.bss)
    .bss                                     0x20002ffc   Section       64  app_data.o(.bss)
    g_app_snapshot                           0x20002ffc   Data          64  app_data.o(.bss)
    .bss                                     0x2000303c   Section       24  drv_bh1750.o(.bss)
    s_dat                                    0x2000303c   Data          12  drv_bh1750.o(.bss)
    s_th                                     0x20003048   Data          12  drv_bh1750.o(.bss)
    .bss                                     0x20003054   Section     1024  drv_oled.o(.bss)
    .bss                                     0x20003454   Section       12  drv_rain_adc.o(.bss)
    s_dat                                    0x20003454   Data          12  drv_rain_adc.o(.bss)
    .bss                                     0x20003460   Section       22  drv_sht30.o(.bss)
    s_dat                                    0x20003460   Data          12  drv_sht30.o(.bss)
    s_th                                     0x2000346c   Data          10  drv_sht30.o(.bss)
    STACK                                    0x20003478   Section     1024  startup_stm32f103xb.o(STACK)

    Global Symbols

    Symbol Name                              Value     Ov Type        Size  Object(Section)

    BuildAttributes$$THM_ISAv4$P$D$K$B$S$PE$A:L22UL41UL21$X:L11$S22US41US21$IEEE1$IW$USESV6$~STKCKD$USESV7$~SHL$OTIME$ROPI$IEEEX$EBA8$MICROLIB$REQ8$PRES8$EABIv2 0x00000000   Number         0  anon$$obj.o ABSOLUTE
    __ARM_use_no_argv                        0x00000000   Number         0  main.o ABSOLUTE
    _printf_a                                0x00000000   Number         0  stubs.o ABSOLUTE
    _printf_c                                0x00000000   Number         0  stubs.o ABSOLUTE
    _printf_charcount                        0x00000000   Number         0  stubs.o ABSOLUTE
    _printf_d                                0x00000000   Number         0  stubs.o ABSOLUTE
    _printf_e                                0x00000000   Number         0  stubs.o ABSOLUTE
    _printf_f                                0x00000000   Number         0  stubs.o ABSOLUTE
    _printf_flags                            0x00000000   Number         0  stubs.o ABSOLUTE
    _printf_fp_dec                           0x00000000   Number         0  stubs.o ABSOLUTE
    _printf_fp_hex                           0x00000000   Number         0  stubs.o ABSOLUTE
    _printf_g                                0x00000000   Number         0  stubs.o ABSOLUTE
    _printf_i                                0x00000000   Number         0  stubs.o ABSOLUTE
    _printf_int_dec                          0x00000000   Number         0  stubs.o ABSOLUTE
    _printf_l                                0x00000000   Number         0  stubs.o ABSOLUTE
    _printf_lc                               0x00000000   Number         0  stubs.o ABSOLUTE
    _printf_ll                               0x00000000   Number         0  stubs.o ABSOLUTE
    _printf_lld                              0x00000000   Number         0  stubs.o ABSOLUTE
    _printf_lli                              0x00000000   Number         0  stubs.o ABSOLUTE
    _printf_llo                              0x00000000   Number         0  stubs.o ABSOLUTE
    _printf_llu                              0x00000000   Number         0  stubs.o ABSOLUTE
    _printf_llx                              0x00000000   Number         0  stubs.o ABSOLUTE
    _printf_longlong_dec                     0x00000000   Number         0  stubs.o ABSOLUTE
    _printf_longlong_hex                     0x00000000   Number         0  stubs.o ABSOLUTE
    _printf_longlong_oct                     0x00000000   Number         0  stubs.o ABSOLUTE
    _printf_ls                               0x00000000   Number         0  stubs.o ABSOLUTE
    _printf_mbtowc                           0x00000000   Number         0  stubs.o ABSOLUTE
    _printf_n                                0x00000000   Number         0  stubs.o ABSOLUTE
    _printf_o                                0x00000000   Number         0  stubs.o ABSOLUTE
    _printf_p                                0x00000000   Number         0  stubs.o ABSOLUTE
    _printf_percent                          0x00000000   Number         0  stubs.o ABSOLUTE
    _printf_pre_padding                      0x00000000   Number         0  stubs.o ABSOLUTE
    _printf_return_value                     0x00000000   Number         0  stubs.o ABSOLUTE
    _printf_s                                0x00000000   Number         0  stubs.o ABSOLUTE
    _printf_sizespec                         0x00000000   Number         0  stubs.o ABSOLUTE
    _printf_str                              0x00000000   Number         0  stubs.o ABSOLUTE
    _printf_truncate_signed                  0x00000000   Number         0  stubs.o ABSOLUTE
    _printf_truncate_unsigned                0x00000000   Number         0  stubs.o ABSOLUTE
    _printf_u                                0x00000000   Number         0  stubs.o ABSOLUTE
    _printf_wc                               0x00000000   Number         0  stubs.o ABSOLUTE
    _printf_wctomb                           0x00000000   Number         0  stubs.o ABSOLUTE
    _printf_widthprec                        0x00000000   Number         0  stubs.o ABSOLUTE
    _printf_x                                0x00000000   Number         0  stubs.o ABSOLUTE
    __arm_fini_                               - Undefined Weak Reference
    __cpp_initialize__aeabi_                  - Undefined Weak Reference
    __cxa_finalize                            - Undefined Weak Reference
    __decompress                              - Undefined Weak Reference
    _clock_init                               - Undefined Weak Reference
    _microlib_exit                            - Undefined Weak Reference
    __Vectors_Size                           0x000000ec   Number         0  startup_stm32f103xb.o ABSOLUTE
    __Vectors                                0x08000000   Data           4  startup_stm32f103xb.o(RESET)
    __Vectors_End                            0x080000ec   Data           0  startup_stm32f103xb.o(RESET)
    __main                                   0x080000ed   Thumb Code     0  entry.o(.ARM.Collect$$$$00000000)
    _main_stk                                0x080000ed   Thumb Code     0  entry2.o(.ARM.Collect$$$$00000001)
    _main_scatterload                        0x080000f1   Thumb Code     0  entry5.o(.ARM.Collect$$$$00000004)
    __main_after_scatterload                 0x080000f5   Thumb Code     0  entry5.o(.ARM.Collect$$$$00000004)
    _main_clock                              0x080000f5   Thumb Code     0  entry7b.o(.ARM.Collect$$$$00000008)
    _main_cpp_init                           0x080000f5   Thumb Code     0  entry8b.o(.ARM.Collect$$$$0000000A)
    _main_init                               0x080000f5   Thumb Code     0  entry9a.o(.ARM.Collect$$$$0000000B)
    __rt_lib_shutdown_fini                   0x080000fd   Thumb Code     0  entry12b.o(.ARM.Collect$$$$0000000E)
    __rt_final_cpp                           0x08000101   Thumb Code     0  entry10a.o(.ARM.Collect$$$$0000000F)
    __rt_final_exit                          0x08000101   Thumb Code     0  entry11a.o(.ARM.Collect$$$$00000011)
    SVC_Handler                              0x08000105   Thumb Code    32  port.o(.emb_text)
    __asm___6_port_c_39a90d8d__prvStartFirstTask 0x08000129   Thumb Code    28  port.o(.emb_text)
    PendSV_Handler                           0x08000149   Thumb Code    72  port.o(.emb_text)
    vPortGetIPSR                             0x08000195   Thumb Code     6  port.o(.emb_text)
    Reset_Handler                            0x0800019d   Thumb Code     8  startup_stm32f103xb.o(.text)
    ADC1_2_IRQHandler                        0x080001b7   Thumb Code     0  startup_stm32f103xb.o(.text)
    CAN1_RX1_IRQHandler                      0x080001b7   Thumb Code     0  startup_stm32f103xb.o(.text)
    CAN1_SCE_IRQHandler                      0x080001b7   Thumb Code     0  startup_stm32f103xb.o(.text)
    DMA1_Channel1_IRQHandler                 0x080001b7   Thumb Code     0  startup_stm32f103xb.o(.text)
    DMA1_Channel2_IRQHandler                 0x080001b7   Thumb Code     0  startup_stm32f103xb.o(.text)
    DMA1_Channel3_IRQHandler                 0x080001b7   Thumb Code     0  startup_stm32f103xb.o(.text)
    DMA1_Channel4_IRQHandler                 0x080001b7   Thumb Code     0  startup_stm32f103xb.o(.text)
    DMA1_Channel5_IRQHandler                 0x080001b7   Thumb Code     0  startup_stm32f103xb.o(.text)
    EXTI0_IRQHandler                         0x080001b7   Thumb Code     0  startup_stm32f103xb.o(.text)
    EXTI15_10_IRQHandler                     0x080001b7   Thumb Code     0  startup_stm32f103xb.o(.text)
    EXTI1_IRQHandler                         0x080001b7   Thumb Code     0  startup_stm32f103xb.o(.text)
    EXTI2_IRQHandler                         0x080001b7   Thumb Code     0  startup_stm32f103xb.o(.text)
    EXTI3_IRQHandler                         0x080001b7   Thumb Code     0  startup_stm32f103xb.o(.text)
    EXTI4_IRQHandler                         0x080001b7   Thumb Code     0  startup_stm32f103xb.o(.text)
    EXTI9_5_IRQHandler                       0x080001b7   Thumb Code     0  startup_stm32f103xb.o(.text)
    FLASH_IRQHandler                         0x080001b7   Thumb Code     0  startup_stm32f103xb.o(.text)
    I2C1_ER_IRQHandler                       0x080001b7   Thumb Code     0  startup_stm32f103xb.o(.text)
    I2C1_EV_IRQHandler                       0x080001b7   Thumb Code     0  startup_stm32f103xb.o(.text)
    I2C2_ER_IRQHandler                       0x080001b7   Thumb Code     0  startup_stm32f103xb.o(.text)
    I2C2_EV_IRQHandler                       0x080001b7   Thumb Code     0  startup_stm32f103xb.o(.text)
    PVD_IRQHandler                           0x080001b7   Thumb Code     0  startup_stm32f103xb.o(.text)
    RCC_IRQHandler                           0x080001b7   Thumb Code     0  startup_stm32f103xb.o(.text)
    RTC_Alarm_IRQHandler                     0x080001b7   Thumb Code     0  startup_stm32f103xb.o(.text)
    RTC_IRQHandler                           0x080001b7   Thumb Code     0  startup_stm32f103xb.o(.text)
    SPI1_IRQHandler                          0x080001b7   Thumb Code     0  startup_stm32f103xb.o(.text)
    SPI2_IRQHandler                          0x080001b7   Thumb Code     0  startup_stm32f103xb.o(.text)
    TAMPER_IRQHandler                        0x080001b7   Thumb Code     0  startup_stm32f103xb.o(.text)
    TIM1_BRK_IRQHandler                      0x080001b7   Thumb Code     0  startup_stm32f103xb.o(.text)
    TIM1_CC_IRQHandler                       0x080001b7   Thumb Code     0  startup_stm32f103xb.o(.text)
    TIM1_TRG_COM_IRQHandler                  0x080001b7   Thumb Code     0  startup_stm32f103xb.o(.text)
    TIM1_UP_IRQHandler                       0x080001b7   Thumb Code     0  startup_stm32f103xb.o(.text)
    TIM2_IRQHandler                          0x080001b7   Thumb Code     0  startup_stm32f103xb.o(.text)
    TIM3_IRQHandler                          0x080001b7   Thumb Code     0  startup_stm32f103xb.o(.text)
    USART1_IRQHandler                        0x080001b7   Thumb Code     0  startup_stm32f103xb.o(.text)
    USART3_IRQHandler                        0x080001b7   Thumb Code     0  startup_stm32f103xb.o(.text)
    USBWakeUp_IRQHandler                     0x080001b7   Thumb Code     0  startup_stm32f103xb.o(.text)
    USB_HP_CAN1_TX_IRQHandler                0x080001b7   Thumb Code     0  startup_stm32f103xb.o(.text)
    USB_LP_CAN1_RX0_IRQHandler               0x080001b7   Thumb Code     0  startup_stm32f103xb.o(.text)
    WWDG_IRQHandler                          0x080001b7   Thumb Code     0  startup_stm32f103xb.o(.text)
    __aeabi_llsr                             0x080001c1   Thumb Code    32  llushr.o(.text)
    _ll_ushift_r                             0x080001c1   Thumb Code     0  llushr.o(.text)
    __aeabi_memcpy                           0x080001e1   Thumb Code    36  memcpya.o(.text)
    __aeabi_memcpy4                          0x080001e1   Thumb Code     0  memcpya.o(.text)
    __aeabi_memcpy8                          0x080001e1   Thumb Code     0  memcpya.o(.text)
    __aeabi_memset                           0x08000205   Thumb Code    14  memseta.o(.text)
    __aeabi_memset4                          0x08000205   Thumb Code     0  memseta.o(.text)
    __aeabi_memset8                          0x08000205   Thumb Code     0  memseta.o(.text)
    __aeabi_memclr                           0x08000213   Thumb Code     4  memseta.o(.text)
    __aeabi_memclr4                          0x08000213   Thumb Code     0  memseta.o(.text)
    __aeabi_memclr8                          0x08000213   Thumb Code     0  memseta.o(.text)
    memset                                   0x08000217   Thumb Code    18  memseta.o(.text)
    strcmp                                   0x08000229   Thumb Code    28  strcmp.o(.text)
    __aeabi_dadd                             0x08000245   Thumb Code   322  dadd.o(.text)
    __aeabi_dsub                             0x08000387   Thumb Code     6  dadd.o(.text)
    __aeabi_drsub                            0x0800038d   Thumb Code     6  dadd.o(.text)
    __aeabi_dmul                             0x08000393   Thumb Code   228  dmul.o(.text)
    __aeabi_ddiv                             0x08000477   Thumb Code   222  ddiv.o(.text)
    __aeabi_cdrcmple                         0x08000555   Thumb Code    48  cdrcmple.o(.text)
    __aeabi_uidiv                            0x08000585   Thumb Code     0  uidiv.o(.text)
    __aeabi_uidivmod                         0x08000585   Thumb Code    44  uidiv.o(.text)
    __aeabi_uldivmod                         0x080005b1   Thumb Code    98  uldiv.o(.text)
    __aeabi_llsl                             0x08000613   Thumb Code    30  llshl.o(.text)
    _ll_shift_l                              0x08000613   Thumb Code     0  llshl.o(.text)
    __aeabi_lasr                             0x08000631   Thumb Code    36  llsshr.o(.text)
    _ll_sshift_r                             0x08000631   Thumb Code     0  llsshr.o(.text)
    __I$use$fp                               0x08000655   Thumb Code     0  iusefp.o(.text)
    _double_round                            0x08000655   Thumb Code    30  depilogue.o(.text)
    _double_epilogue                         0x08000673   Thumb Code   156  depilogue.o(.text)
    __aeabi_d2ulz                            0x0800070f   Thumb Code    48  dfixul.o(.text)
    __scatterload                            0x08000741   Thumb Code    28  init.o(.text)
    __scatterload_rt2                        0x08000741   Thumb Code     0  init.o(.text)
    ADC_ConversionStop_Disable               0x08000765   Thumb Code    92  stm32f1xx_hal_adc.o(i.ADC_ConversionStop_Disable)
    ADC_Enable                               0x080007c1   Thumb Code   134  stm32f1xx_hal_adc.o(i.ADC_Enable)
    BusFault_Handler                         0x08000851   Thumb Code     4  stm32f1xx_it.o(i.BusFault_Handler)
    DMA1_Channel6_IRQHandler                 0x08000855   Thumb Code    10  stm32f1xx_it.o(i.DMA1_Channel6_IRQHandler)
    DMA1_Channel7_IRQHandler                 0x08000865   Thumb Code    10  stm32f1xx_it.o(i.DMA1_Channel7_IRQHandler)
    DebugMon_Handler                         0x08000875   Thumb Code     2  stm32f1xx_it.o(i.DebugMon_Handler)
    Error_Handler                            0x08000877   Thumb Code     6  main.o(i.Error_Handler)
    HAL_ADCEx_Calibration_Start              0x0800087d   Thumb Code   278  stm32f1xx_hal_adc_ex.o(i.HAL_ADCEx_Calibration_Start)
    HAL_ADC_ConfigChannel                    0x08000999   Thumb Code   338  stm32f1xx_hal_adc.o(i.HAL_ADC_ConfigChannel)
    HAL_ADC_GetValue                         0x08000af9   Thumb Code     8  stm32f1xx_hal_adc.o(i.HAL_ADC_GetValue)
    HAL_ADC_Init                             0x08000b01   Thumb Code   314  stm32f1xx_hal_adc.o(i.HAL_ADC_Init)
    HAL_ADC_MspInit                          0x08000c45   Thumb Code   140  adc.o(i.HAL_ADC_MspInit)
    HAL_ADC_PollForConversion                0x08000ce1   Thumb Code   366  stm32f1xx_hal_adc.o(i.HAL_ADC_PollForConversion)
    HAL_ADC_Start                            0x08000e61   Thumb Code   294  stm32f1xx_hal_adc.o(i.HAL_ADC_Start)
    HAL_ADC_Stop                             0x08000f91   Thumb Code    64  stm32f1xx_hal_adc.o(i.HAL_ADC_Stop)
    HAL_DMA_Abort                            0x08000fd1   Thumb Code    86  stm32f1xx_hal_dma.o(i.HAL_DMA_Abort)
    HAL_DMA_Abort_IT                         0x08001029   Thumb Code   172  stm32f1xx_hal_dma.o(i.HAL_DMA_Abort_IT)
    HAL_DMA_IRQHandler                       0x080010d9   Thumb Code   408  stm32f1xx_hal_dma.o(i.HAL_DMA_IRQHandler)
    HAL_DMA_Init                             0x08001275   Thumb Code   100  stm32f1xx_hal_dma.o(i.HAL_DMA_Init)
    HAL_Delay                                0x080012dd   Thumb Code    36  stm32f1xx_hal.o(i.HAL_Delay)
    HAL_GPIO_Init                            0x08001305   Thumb Code   766  stm32f1xx_hal_gpio.o(i.HAL_GPIO_Init)
    HAL_GPIO_ReadPin                         0x08001625   Thumb Code    16  stm32f1xx_hal_gpio.o(i.HAL_GPIO_ReadPin)
    HAL_GPIO_WritePin                        0x08001635   Thumb Code    12  stm32f1xx_hal_gpio.o(i.HAL_GPIO_WritePin)
    HAL_GetTick                              0x08001641   Thumb Code     6  stm32f1xx_hal.o(i.HAL_GetTick)
    HAL_I2C_GetState                         0x0800164d   Thumb Code     8  stm32f1xx_hal_i2c.o(i.HAL_I2C_GetState)
    HAL_I2C_Init                             0x08001655   Thumb Code   446  stm32f1xx_hal_i2c.o(i.HAL_I2C_Init)
    HAL_I2C_Master_Receive                   0x08001825   Thumb Code   858  stm32f1xx_hal_i2c.o(i.HAL_I2C_Master_Receive)
    HAL_I2C_Master_Transmit                  0x08001b91   Thumb Code   360  stm32f1xx_hal_i2c.o(i.HAL_I2C_Master_Transmit)
    HAL_I2C_MspInit                          0x08001d01   Thumb Code   104  i2c.o(i.HAL_I2C_MspInit)
    HAL_IncTick                              0x08001d75   Thumb Code    16  stm32f1xx_hal.o(i.HAL_IncTick)
    HAL_Init                                 0x08001d8d   Thumb Code    34  stm32f1xx_hal.o(i.HAL_Init)
    HAL_InitTick                             0x08001db5   Thumb Code   158  stm32f1xx_hal_timebase_tim.o(i.HAL_InitTick)
    HAL_MspInit                              0x08001e69   Thumb Code    86  stm32f1xx_hal_msp.o(i.HAL_MspInit)
    HAL_NVIC_EnableIRQ                       0x08001ec9   Thumb Code    32  stm32f1xx_hal_cortex.o(i.HAL_NVIC_EnableIRQ)
    HAL_NVIC_SetPriority                     0x08001ee9   Thumb Code   124  stm32f1xx_hal_cortex.o(i.HAL_NVIC_SetPriority)
    HAL_NVIC_SetPriorityGrouping             0x08001f65   Thumb Code    32  stm32f1xx_hal_cortex.o(i.HAL_NVIC_SetPriorityGrouping)
    HAL_RCCEx_GetPeriphCLKFreq               0x08001f8d   Thumb Code   232  stm32f1xx_hal_rcc_ex.o(i.HAL_RCCEx_GetPeriphCLKFreq)
    HAL_RCCEx_PeriphCLKConfig                0x08002089   Thumb Code   290  stm32f1xx_hal_rcc_ex.o(i.HAL_RCCEx_PeriphCLKConfig)
    HAL_RCC_ClockConfig                      0x080021b9   Thumb Code   376  stm32f1xx_hal_rcc.o(i.HAL_RCC_ClockConfig)
    HAL_RCC_GetClockConfig                   0x08002345   Thumb Code    58  stm32f1xx_hal_rcc.o(i.HAL_RCC_GetClockConfig)
    HAL_RCC_GetHCLKFreq                      0x08002389   Thumb Code     6  stm32f1xx_hal_rcc.o(i.HAL_RCC_GetHCLKFreq)
    HAL_RCC_GetPCLK1Freq                     0x08002395   Thumb Code    22  stm32f1xx_hal_rcc.o(i.HAL_RCC_GetPCLK1Freq)
    HAL_RCC_GetPCLK2Freq                     0x080023b5   Thumb Code    22  stm32f1xx_hal_rcc.o(i.HAL_RCC_GetPCLK2Freq)
    HAL_RCC_GetSysClockFreq                  0x080023d5   Thumb Code    92  stm32f1xx_hal_rcc.o(i.HAL_RCC_GetSysClockFreq)
    HAL_RCC_OscConfig                        0x08002445   Thumb Code  1114  stm32f1xx_hal_rcc.o(i.HAL_RCC_OscConfig)
    HAL_TIMEx_BreakCallback                  0x080028a9   Thumb Code     2  stm32f1xx_hal_tim_ex.o(i.HAL_TIMEx_BreakCallback)
    HAL_TIMEx_CommutCallback                 0x080028ab   Thumb Code     2  stm32f1xx_hal_tim_ex.o(i.HAL_TIMEx_CommutCallback)
    HAL_TIMEx_MasterConfigSynchronization    0x080028ad   Thumb Code   118  stm32f1xx_hal_tim_ex.o(i.HAL_TIMEx_MasterConfigSynchronization)
    HAL_TIM_Base_Init                        0x08002931   Thumb Code   102  stm32f1xx_hal_tim.o(i.HAL_TIM_Base_Init)
    HAL_TIM_Base_MspInit                     0x08002997   Thumb Code     2  stm32f1xx_hal_tim.o(i.HAL_TIM_Base_MspInit)
    HAL_TIM_Base_Start_IT                    0x08002999   Thumb Code   106  stm32f1xx_hal_tim.o(i.HAL_TIM_Base_Start_IT)
    HAL_TIM_IC_CaptureCallback               0x08002a11   Thumb Code     2  stm32f1xx_hal_tim.o(i.HAL_TIM_IC_CaptureCallback)
    HAL_TIM_IRQHandler                       0x08002a13   Thumb Code   364  stm32f1xx_hal_tim.o(i.HAL_TIM_IRQHandler)
    HAL_TIM_MspPostInit                      0x08002b81   Thumb Code    74  tim.o(i.HAL_TIM_MspPostInit)
    HAL_TIM_OC_DelayElapsedCallback          0x08002bd9   Thumb Code     2  stm32f1xx_hal_tim.o(i.HAL_TIM_OC_DelayElapsedCallback)
    HAL_TIM_PWM_ConfigChannel                0x08002bdb   Thumb Code   260  stm32f1xx_hal_tim.o(i.HAL_TIM_PWM_ConfigChannel)
    HAL_TIM_PWM_Init                         0x08002cdf   Thumb Code   102  stm32f1xx_hal_tim.o(i.HAL_TIM_PWM_Init)
    HAL_TIM_PWM_MspInit                      0x08002d45   Thumb Code    40  tim.o(i.HAL_TIM_PWM_MspInit)
    HAL_TIM_PWM_PulseFinishedCallback        0x08002d75   Thumb Code     2  stm32f1xx_hal_tim.o(i.HAL_TIM_PWM_PulseFinishedCallback)
    HAL_TIM_PWM_Start                        0x08002d79   Thumb Code   198  stm32f1xx_hal_tim.o(i.HAL_TIM_PWM_Start)
    HAL_TIM_PeriodElapsedCallback            0x08002e4d   Thumb Code    18  main.o(i.HAL_TIM_PeriodElapsedCallback)
    HAL_TIM_TriggerCallback                  0x08002e65   Thumb Code     2  stm32f1xx_hal_tim.o(i.HAL_TIM_TriggerCallback)
    HAL_UARTEx_RxEventCallback               0x08002e67   Thumb Code     2  stm32f1xx_hal_uart.o(i.HAL_UARTEx_RxEventCallback)
    HAL_UART_ErrorCallback                   0x08002e69   Thumb Code     2  stm32f1xx_hal_uart.o(i.HAL_UART_ErrorCallback)
    HAL_UART_IRQHandler                      0x08002e6d   Thumb Code   736  stm32f1xx_hal_uart.o(i.HAL_UART_IRQHandler)
    HAL_UART_Init                            0x08003151   Thumb Code   118  stm32f1xx_hal_uart.o(i.HAL_UART_Init)
    HAL_UART_MspInit                         0x080031c9   Thumb Code   346  usart.o(i.HAL_UART_MspInit)
    HAL_UART_RxCpltCallback                  0x08003341   Thumb Code     2  stm32f1xx_hal_uart.o(i.HAL_UART_RxCpltCallback)
    HAL_UART_TxCpltCallback                  0x08003343   Thumb Code     2  stm32f1xx_hal_uart.o(i.HAL_UART_TxCpltCallback)
    HardFault_Handler                        0x08003345   Thumb Code     4  stm32f1xx_it.o(i.HardFault_Handler)
    MX_ADC1_Init                             0x08003891   Thumb Code    80  adc.o(i.MX_ADC1_Init)
    MX_DMA_Init                              0x080038e9   Thumb Code    64  dma.o(i.MX_DMA_Init)
    MX_FREERTOS_Init                         0x0800392d   Thumb Code    60  freertos.o(i.MX_FREERTOS_Init)
    MX_GPIO_Init                             0x08003999   Thumb Code   220  gpio.o(i.MX_GPIO_Init)
    MX_I2C1_Init                             0x08003a81   Thumb Code    48  i2c.o(i.MX_I2C1_Init)
    MX_TIM3_Init                             0x08003abd   Thumb Code   114  tim.o(i.MX_TIM3_Init)
    MX_USART1_UART_Init                      0x08003b39   Thumb Code    46  usart.o(i.MX_USART1_UART_Init)
    MX_USART2_UART_Init                      0x08003b71   Thumb Code    46  usart.o(i.MX_USART2_UART_Init)
    MemManage_Handler                        0x08003ba9   Thumb Code     4  stm32f1xx_it.o(i.MemManage_Handler)
    NMI_Handler                              0x08003bad   Thumb Code     4  stm32f1xx_it.o(i.NMI_Handler)
    OLED_Clear                               0x08003bb1   Thumb Code    36  drv_oled.o(i.OLED_Clear)
    OLED_ClearArea                           0x08003bd9   Thumb Code   140  drv_oled.o(i.OLED_ClearArea)
    OLED_GPIO_Init                           0x08003c69   Thumb Code    52  drv_oled.o(i.OLED_GPIO_Init)
    OLED_I2C_SendByte                        0x08003c9d   Thumb Code    62  drv_oled.o(i.OLED_I2C_SendByte)
    OLED_I2C_Start                           0x08003cdb   Thumb Code    28  drv_oled.o(i.OLED_I2C_Start)
    OLED_I2C_Stop                            0x08003cf7   Thumb Code    22  drv_oled.o(i.OLED_I2C_Stop)
    OLED_Init                                0x08003d0d   Thumb Code   154  drv_oled.o(i.OLED_Init)
    OLED_Printf                              0x08003da7   Thumb Code    50  drv_oled.o(i.OLED_Printf)
    OLED_SetCursor                           0x08003dd9   Thumb Code    34  drv_oled.o(i.OLED_SetCursor)
    OLED_ShowChar                            0x08003dfd   Thumb Code    74  drv_oled.o(i.OLED_ShowChar)
    OLED_ShowImage                           0x08003e51   Thumb Code   248  drv_oled.o(i.OLED_ShowImage)
    OLED_ShowString                          0x08003f4d   Thumb Code   262  drv_oled.o(i.OLED_ShowString)
    OLED_Update                              0x0800405d   Thumb Code    36  drv_oled.o(i.OLED_Update)
    OLED_W_SCL                               0x08004085   Thumb Code    18  drv_oled.o(i.OLED_W_SCL)
    OLED_W_SDA                               0x0800409d   Thumb Code    18  drv_oled.o(i.OLED_W_SDA)
    OLED_WriteCommand                        0x080040b5   Thumb Code    32  drv_oled.o(i.OLED_WriteCommand)
    OLED_WriteData                           0x080040d5   Thumb Code    46  drv_oled.o(i.OLED_WriteData)
    SysTick_Handler                          0x0800412d   Thumb Code    22  cmsis_os2.o(i.SysTick_Handler)
    SystemClock_Config                       0x08004143   Thumb Code   132  main.o(i.SystemClock_Config)
    SystemInit                               0x080041c7   Thumb Code     2  system_stm32f1xx.o(i.SystemInit)
    TIM4_IRQHandler                          0x080041c9   Thumb Code    10  stm32f1xx_it.o(i.TIM4_IRQHandler)
    TIM_Base_SetConfig                       0x080041d9   Thumb Code   120  stm32f1xx_hal_tim.o(i.TIM_Base_SetConfig)
    TIM_CCxChannelCmd                        0x0800425d   Thumb Code    34  stm32f1xx_hal_tim.o(i.TIM_CCxChannelCmd)
    TIM_OC2_SetConfig                        0x080042e1   Thumb Code   100  stm32f1xx_hal_tim.o(i.TIM_OC2_SetConfig)
    USART2_IRQHandler                        0x080046f1   Thumb Code    10  stm32f1xx_it.o(i.USART2_IRQHandler)
    UsageFault_Handler                       0x08004701   Thumb Code     4  stm32f1xx_it.o(i.UsageFault_Handler)
    __0snprintf                              0x08004705   Thumb Code    48  printfa.o(i.__0snprintf)
    __1snprintf                              0x08004705   Thumb Code     0  printfa.o(i.__0snprintf)
    __2snprintf                              0x08004705   Thumb Code     0  printfa.o(i.__0snprintf)
    __c89snprintf                            0x08004705   Thumb Code     0  printfa.o(i.__0snprintf)
    snprintf                                 0x08004705   Thumb Code     0  printfa.o(i.__0snprintf)
    __0vsprintf                              0x08004739   Thumb Code    30  printfa.o(i.__0vsprintf)
    __1vsprintf                              0x08004739   Thumb Code     0  printfa.o(i.__0vsprintf)
    __2vsprintf                              0x08004739   Thumb Code     0  printfa.o(i.__0vsprintf)
    __c89vsprintf                            0x08004739   Thumb Code     0  printfa.o(i.__0vsprintf)
    vsprintf                                 0x08004739   Thumb Code     0  printfa.o(i.__0vsprintf)
    __scatterload_copy                       0x0800479b   Thumb Code    14  handlers.o(i.__scatterload_copy)
    __scatterload_null                       0x080047a9   Thumb Code     2  handlers.o(i.__scatterload_null)
    __scatterload_zeroinit                   0x080047ab   Thumb Code    14  handlers.o(i.__scatterload_zeroinit)
    app_ctrl_request_buzz_ack                0x08005589   Thumb Code     8  app_task_ctrl.o(i.app_ctrl_request_buzz_ack)
    app_data_get_snapshot                    0x08005595   Thumb Code    30  app_data.o(i.app_data_get_snapshot)
    app_data_init                            0x080055b9   Thumb Code    28  app_data.o(i.app_data_init)
    app_data_set_alarm                       0x080055f9   Thumb Code    38  app_data.o(i.app_data_set_alarm)
    app_data_set_env                         0x08005625   Thumb Code    40  app_data.o(i.app_data_set_env)
    app_data_set_net                         0x08005651   Thumb Code    44  app_data.o(i.app_data_set_net)
    app_data_set_ui_mode                     0x08005681   Thumb Code    28  app_data.o(i.app_data_set_ui_mode)
    app_data_set_uptime                      0x080056a1   Thumb Code    26  app_data.o(i.app_data_set_uptime)
    bsp_buzz_init                            0x0800570d   Thumb Code    56  bsp_buzz.o(i.bsp_buzz_init)
    bsp_buzz_set_mode                        0x08005759   Thumb Code    46  bsp_buzz.o(i.bsp_buzz_set_mode)
    bsp_buzz_step_10ms                       0x08005795   Thumb Code   152  bsp_buzz.o(i.bsp_buzz_step_10ms)
    bsp_key_init                             0x0800583d   Thumb Code    42  bsp_key.o(i.bsp_key_init)
    bsp_key_scan_10ms                        0x0800587d   Thumb Code   102  bsp_key.o(i.bsp_key_scan_10ms)
    bsp_key_trg_get                          0x080058f9   Thumb Code    12  bsp_key.o(i.bsp_key_trg_get)
    bsp_led_init                             0x08005909   Thumb Code    54  bsp_led.o(i.bsp_led_init)
    bsp_led_set_alarm                        0x08005955   Thumb Code    46  bsp_led.o(i.bsp_led_set_alarm)
    bsp_led_set_net_ok                       0x08005991   Thumb Code    36  bsp_led.o(i.bsp_led_set_net_ok)
    bsp_led_step_10ms                        0x080059bd   Thumb Code    12  bsp_led.o(i.bsp_led_step_10ms)
    bsp_led_toggle                           0x080059c9   Thumb Code    46  bsp_led.o(i.bsp_led_toggle)
    ctrlTaskStart                            0x080059fd   Thumb Code   434  app_task_ctrl.o(i.ctrlTaskStart)
    drv_bh1750_get                           0x08005d89   Thumb Code    16  drv_bh1750.o(i.drv_bh1750_get)
    drv_bh1750_init                          0x08005d9d   Thumb Code    82  drv_bh1750.o(i.drv_bh1750_init)
    drv_bh1750_sample                        0x08005e09   Thumb Code   170  drv_bh1750.o(i.drv_bh1750_sample)
    drv_rain_get                             0x08005ec5   Thumb Code    16  drv_rain_adc.o(i.drv_rain_get)
    drv_rain_init                            0x08005ed9   Thumb Code    54  drv_rain_adc.o(i.drv_rain_init)
    drv_rain_sample                          0x08005f21   Thumb Code   238  drv_rain_adc.o(i.drv_rain_sample)
    drv_sht30_get                            0x08006021   Thumb Code    16  drv_sht30.o(i.drv_sht30_get)
    drv_sht30_init                           0x08006035   Thumb Code    54  drv_sht30.o(i.drv_sht30_init)
    drv_sht30_sample                         0x08006085   Thumb Code   248  drv_sht30.o(i.drv_sht30_sample)
    drv_soil_get_pct                         0x0800618d   Thumb Code    16  drv_soil_adc.o(i.drv_soil_get_pct)
    drv_soil_get_raw                         0x080061a5   Thumb Code    16  drv_soil_adc.o(i.drv_soil_get_raw)
    drv_soil_init                            0x080061bd   Thumb Code    46  drv_soil_adc.o(i.drv_soil_init)
    drv_soil_sample                          0x08006201   Thumb Code   126  drv_soil_adc.o(i.drv_soil_sample)
    main                                     0x080062c1   Thumb Code    56  main.o(i.main)
    netTaskStart                             0x080062f9   Thumb Code    38  app_task_net.o(i.netTaskStart)
    osDelayUntil                             0x0800631f   Thumb Code    52  cmsis_os2.o(i.osDelayUntil)
    osKernelGetTickCount                     0x08006353   Thumb Code    26  cmsis_os2.o(i.osKernelGetTickCount)
    osKernelInitialize                       0x0800636d   Thumb Code    38  cmsis_os2.o(i.osKernelInitialize)
    osKernelStart                            0x08006399   Thumb Code    82  cmsis_os2.o(i.osKernelStart)
    osMutexAcquire                           0x080063f9   Thumb Code    98  cmsis_os2.o(i.osMutexAcquire)
    osMutexNew                               0x0800645b   Thumb Code   178  cmsis_os2.o(i.osMutexNew)
    osMutexRelease                           0x0800650d   Thumb Code    78  cmsis_os2.o(i.osMutexRelease)
    osThreadNew                              0x0800655b   Thumb Code   184  cmsis_os2.o(i.osThreadNew)
    pvPortMalloc                             0x0800706d   Thumb Code   316  heap_4.o(i.pvPortMalloc)
    pvTaskIncrementMutexHeldCount            0x080071c1   Thumb Code    26  tasks.o(i.pvTaskIncrementMutexHeldCount)
    pxPortInitialiseStack                    0x080071e1   Thumb Code    30  port.o(i.pxPortInitialiseStack)
    sensorTaskStart                          0x08007205   Thumb Code   228  app_task_sensor.o(i.sensorTaskStart)
    svc_ui_force_refresh                     0x080072e9   Thumb Code     8  svc_ui.o(i.svc_ui_force_refresh)
    svc_ui_init                              0x080072f5   Thumb Code    34  svc_ui.o(i.svc_ui_init)
    svc_ui_render                            0x08007329   Thumb Code    76  svc_ui.o(i.svc_ui_render)
    uiTaskStart                              0x08007379   Thumb Code   122  app_task_ui.o(i.uiTaskStart)
    uxListRemove                             0x080073f3   Thumb Code    40  list.o(i.uxListRemove)
    vApplicationGetIdleTaskMemory            0x0800741d   Thumb Code    14  cmsis_os2.o(i.vApplicationGetIdleTaskMemory)
    vApplicationGetTimerTaskMemory           0x08007435   Thumb Code    16  cmsis_os2.o(i.vApplicationGetTimerTaskMemory)
    vApplicationMallocFailedHook             0x0800744d   Thumb Code     2  freertos.o(i.vApplicationMallocFailedHook)
    vApplicationStackOverflowHook            0x0800744f   Thumb Code     2  freertos.o(i.vApplicationStackOverflowHook)
    vListInitialise                          0x08007451   Thumb Code    26  list.o(i.vListInitialise)
    vListInitialiseItem                      0x0800746b   Thumb Code     6  list.o(i.vListInitialiseItem)
    vListInsert                              0x08007471   Thumb Code    52  list.o(i.vListInsert)
    vListInsertEnd                           0x080074a5   Thumb Code    24  list.o(i.vListInsertEnd)
    vPortEnterCritical                       0x080074bd   Thumb Code    76  port.o(i.vPortEnterCritical)
    vPortExitCritical                        0x08007511   Thumb Code    56  port.o(i.vPortExitCritical)
    vPortFree                                0x0800754d   Thumb Code   150  heap_4.o(i.vPortFree)
    vPortSetupTimerInterrupt                 0x080075f1   Thumb Code    36  port.o(i.vPortSetupTimerInterrupt)
    vPortValidateInterruptPriority           0x08007619   Thumb Code   106  port.o(i.vPortValidateInterruptPriority)
    vQueueAddToRegistry                      0x08007691   Thumb Code    38  queue.o(i.vQueueAddToRegistry)
    vQueueWaitForMessageRestricted           0x080076bd   Thumb Code    74  queue.o(i.vQueueWaitForMessageRestricted)
    vTaskDelayUntil                          0x08007709   Thumb Code   200  tasks.o(i.vTaskDelayUntil)
    vTaskInternalSetTimeOutState             0x080077dd   Thumb Code    14  tasks.o(i.vTaskInternalSetTimeOutState)
    vTaskMissedYield                         0x080077f5   Thumb Code     8  tasks.o(i.vTaskMissedYield)
    vTaskPlaceOnEventList                    0x08007801   Thumb Code    52  tasks.o(i.vTaskPlaceOnEventList)
    vTaskPlaceOnEventListRestricted          0x08007839   Thumb Code    60  tasks.o(i.vTaskPlaceOnEventListRestricted)
    vTaskPriorityDisinheritAfterTimeout      0x08007879   Thumb Code   194  tasks.o(i.vTaskPriorityDisinheritAfterTimeout)
    vTaskStartScheduler                      0x08007949   Thumb Code   156  tasks.o(i.vTaskStartScheduler)
    vTaskSuspendAll                          0x08007a01   Thumb Code    12  tasks.o(i.vTaskSuspendAll)
    vTaskSwitchContext                       0x08007a11   Thumb Code   178  tasks.o(i.vTaskSwitchContext)
    xPortStartScheduler                      0x08007b15   Thumb Code   228  port.o(i.xPortStartScheduler)
    xPortSysTickHandler                      0x08007c0d   Thumb Code    46  port.o(i.xPortSysTickHandler)
    xQueueCreateMutex                        0x08007c41   Thumb Code    34  queue.o(i.xQueueCreateMutex)
    xQueueCreateMutexStatic                  0x08007c63   Thumb Code    42  queue.o(i.xQueueCreateMutexStatic)
    xQueueGenericCreate                      0x08007c8d   Thumb Code    90  queue.o(i.xQueueGenericCreate)
    xQueueGenericCreateStatic                0x08007ce7   Thumb Code   224  queue.o(i.xQueueGenericCreateStatic)
    xQueueGenericReset                       0x08007dc9   Thumb Code   146  queue.o(i.xQueueGenericReset)
    xQueueGenericSend                        0x08007e61   Thumb Code   420  queue.o(i.xQueueGenericSend)
    xQueueGenericSendFromISR                 0x08008009   Thumb Code   252  queue.o(i.xQueueGenericSendFromISR)
    xQueueGiveMutexRecursive                 0x08008105   Thumb Code    72  queue.o(i.xQueueGiveMutexRecursive)
    xQueueReceive                            0x0800814d   Thumb Code   356  queue.o(i.xQueueReceive)
    xQueueSemaphoreTake                      0x080082b5   Thumb Code   434  queue.o(i.xQueueSemaphoreTake)
    xQueueTakeMutexRecursive                 0x0800846d   Thumb Code    78  queue.o(i.xQueueTakeMutexRecursive)
    xTaskCheckForTimeOut                     0x080084bd   Thumb Code   132  tasks.o(i.xTaskCheckForTimeOut)
    xTaskCreate                              0x08008549   Thumb Code   100  tasks.o(i.xTaskCreate)
    xTaskCreateStatic                        0x080085ad   Thumb Code   186  tasks.o(i.xTaskCreateStatic)
    xTaskGetCurrentTaskHandle                0x08008669   Thumb Code     6  tasks.o(i.xTaskGetCurrentTaskHandle)
    xTaskGetSchedulerState                   0x08008675   Thumb Code    24  tasks.o(i.xTaskGetSchedulerState)
    xTaskGetTickCount                        0x08008695   Thumb Code     6  tasks.o(i.xTaskGetTickCount)
    xTaskGetTickCountFromISR                 0x080086a1   Thumb Code    16  tasks.o(i.xTaskGetTickCountFromISR)
    xTaskIncrementTick                       0x080086b5   Thumb Code   280  tasks.o(i.xTaskIncrementTick)
    xTaskPriorityDisinherit                  0x080087f9   Thumb Code   152  tasks.o(i.xTaskPriorityDisinherit)
    xTaskPriorityInherit                     0x0800889d   Thumb Code   150  tasks.o(i.xTaskPriorityInherit)
    xTaskRemoveFromEventList                 0x08008941   Thumb Code   126  tasks.o(i.xTaskRemoveFromEventList)
    xTaskResumeAll                           0x080089d9   Thumb Code   222  tasks.o(i.xTaskResumeAll)
    xTimerCreateTimerTask                    0x08008add   Thumb Code   100  timers.o(i.xTimerCreateTimerTask)
    xTimerGenericCommand                     0x08008b55   Thumb Code   128  timers.o(i.xTimerGenericCommand)
    sensorTask_attributes                    0x08008bd8   Data          36  freertos.o(.constdata)
    uiTask_attributes                        0x08008bfc   Data          36  freertos.o(.constdata)
    netTask_attributes                       0x08008c20   Data          36  freertos.o(.constdata)
    ctrlTask_attributes                      0x08008c44   Data          36  freertos.o(.constdata)
    AHBPrescTable                            0x08008c8c   Data          16  system_stm32f1xx.o(.constdata)
    APBPrescTable                            0x08008c9c   Data           8  system_stm32f1xx.o(.constdata)
    OLED_F8x16                               0x08008ca4   Data        1520  drv_oled_data.o(.constdata)
    OLED_F6x8                                0x08009294   Data         570  drv_oled_data.o(.constdata)
    OLED_CF16x16                             0x080094ce   Data        3045  drv_oled_data.o(.constdata)
    Diode                                    0x0800a0b3   Data          32  drv_oled_data.o(.constdata)
    Region$$Table$$Base                      0x0800a168   Number         0  anon$$obj.o(Region$$Table)
    Region$$Table$$Limit                     0x0800a188   Number         0  anon$$obj.o(Region$$Table)
    sensorTaskHandle                         0x20000000   Data           4  freertos.o(.data)
    uiTaskHandle                             0x20000004   Data           4  freertos.o(.data)
    netTaskHandle                            0x20000008   Data           4  freertos.o(.data)
    ctrlTaskHandle                           0x2000000c   Data           4  freertos.o(.data)
    uwTick                                   0x20000010   Data           4  stm32f1xx_hal.o(.data)
    uwTickPrio                               0x20000014   Data           4  stm32f1xx_hal.o(.data)
    uwTickFreq                               0x20000018   Data           1  stm32f1xx_hal.o(.data)
    SystemCoreClock                          0x2000001c   Data           4  system_stm32f1xx.o(.data)
    pxCurrentTCB                             0x20000020   Data           4  tasks.o(.data)
    hadc1                                    0x200000fc   Data          48  adc.o(.bss)
    hi2c1                                    0x2000012c   Data          84  i2c.o(.bss)
    htim3                                    0x20000180   Data          72  tim.o(.bss)
    huart1                                   0x200001c8   Data          72  usart.o(.bss)
    huart2                                   0x20000210   Data          72  usart.o(.bss)
    hdma_usart2_rx                           0x20000258   Data          68  usart.o(.bss)
    hdma_usart2_tx                           0x2000029c   Data          68  usart.o(.bss)
    htim4                                    0x200002e0   Data          72  stm32f1xx_hal_timebase_tim.o(.bss)
    xQueueRegistry                           0x20000328   Data          64  queue.o(.bss)
    OLED_DisplayBuf                          0x20003054   Data        1024  drv_oled.o(.bss)
    __initial_sp                             0x20003878   Data           0  startup_stm32f103xb.o(STACK)



==============================================================================

Memory Map of the image

  Image Entry point : 0x080000ed

  Load Region LR_IROM1 (Base: 0x08000000, Size: 0x0000a284, Max: 0x00010000, ABSOLUTE)

    Execution Region ER_IROM1 (Exec base: 0x08000000, Load base: 0x08000000, Size: 0x0000a188, Max: 0x00010000, ABSOLUTE)

    Exec Addr    Load Addr    Size         Type   Attr      Idx    E Section Name        Object

    0x08000000   0x08000000   0x000000ec   Data   RO            3    RESET               startup_stm32f103xb.o
    0x080000ec   0x080000ec   0x00000000   Code   RO         6864  * .ARM.Collect$$$$00000000  mc_w.l(entry.o)
    0x080000ec   0x080000ec   0x00000004   Code   RO         7195    .ARM.Collect$$$$00000001  mc_w.l(entry2.o)
    0x080000f0   0x080000f0   0x00000004   Code   RO         7198    .ARM.Collect$$$$00000004  mc_w.l(entry5.o)
    0x080000f4   0x080000f4   0x00000000   Code   RO         7200    .ARM.Collect$$$$00000008  mc_w.l(entry7b.o)
    0x080000f4   0x080000f4   0x00000000   Code   RO         7202    .ARM.Collect$$$$0000000A  mc_w.l(entry8b.o)
    0x080000f4   0x080000f4   0x00000008   Code   RO         7203    .ARM.Collect$$$$0000000B  mc_w.l(entry9a.o)
    0x080000fc   0x080000fc   0x00000004   Code   RO         7210    .ARM.Collect$$$$0000000E  mc_w.l(entry12b.o)
    0x08000100   0x08000100   0x00000000   Code   RO         7205    .ARM.Collect$$$$0000000F  mc_w.l(entry10a.o)
    0x08000100   0x08000100   0x00000000   Code   RO         7207    .ARM.Collect$$$$00000011  mc_w.l(entry11a.o)
    0x08000100   0x08000100   0x00000004   Code   RO         7196    .ARM.Collect$$$$00002712  mc_w.l(entry2.o)
    0x08000104   0x08000104   0x00000096   Code   RO         5561    .emb_text           port.o
    0x0800019a   0x0800019a   0x00000002   PAD
    0x0800019c   0x0800019c   0x00000024   Code   RO            4    .text               startup_stm32f103xb.o
    0x080001c0   0x080001c0   0x00000020   Code   RO         6867    .text               mc_w.l(llushr.o)
    0x080001e0   0x080001e0   0x00000024   Code   RO         6869    .text               mc_w.l(memcpya.o)
    0x08000204   0x08000204   0x00000024   Code   RO         6873    .text               mc_w.l(memseta.o)
    0x08000228   0x08000228   0x0000001c   Code   RO         6879    .text               mc_w.l(strcmp.o)
    0x08000244   0x08000244   0x0000014e   Code   RO         7146    .text               mf_w.l(dadd.o)
    0x08000392   0x08000392   0x000000e4   Code   RO         7148    .text               mf_w.l(dmul.o)
    0x08000476   0x08000476   0x000000de   Code   RO         7150    .text               mf_w.l(ddiv.o)
    0x08000554   0x08000554   0x00000030   Code   RO         7164    .text               mf_w.l(cdrcmple.o)
    0x08000584   0x08000584   0x0000002c   Code   RO         7214    .text               mc_w.l(uidiv.o)
    0x080005b0   0x080005b0   0x00000062   Code   RO         7216    .text               mc_w.l(uldiv.o)
    0x08000612   0x08000612   0x0000001e   Code   RO         7218    .text               mc_w.l(llshl.o)
    0x08000630   0x08000630   0x00000024   Code   RO         7220    .text               mc_w.l(llsshr.o)
    0x08000654   0x08000654   0x00000000   Code   RO         7229    .text               mc_w.l(iusefp.o)
    0x08000654   0x08000654   0x000000ba   Code   RO         7232    .text               mf_w.l(depilogue.o)
    0x0800070e   0x0800070e   0x00000030   Code   RO         7236    .text               mf_w.l(dfixul.o)
    0x0800073e   0x0800073e   0x00000002   PAD
    0x08000740   0x08000740   0x00000024   Code   RO         7242    .text               mc_w.l(init.o)
    0x08000764   0x08000764   0x0000005c   Code   RO         1661    i.ADC_ConversionStop_Disable  stm32f1xx_hal_adc.o
    0x080007c0   0x080007c0   0x00000090   Code   RO         1665    i.ADC_Enable        stm32f1xx_hal_adc.o
    0x08000850   0x08000850   0x00000004   Code   RO          496    i.BusFault_Handler  stm32f1xx_it.o
    0x08000854   0x08000854   0x00000010   Code   RO          497    i.DMA1_Channel6_IRQHandler  stm32f1xx_it.o
    0x08000864   0x08000864   0x00000010   Code   RO          498    i.DMA1_Channel7_IRQHandler  stm32f1xx_it.o
    0x08000874   0x08000874   0x00000002   Code   RO          499    i.DebugMon_Handler  stm32f1xx_it.o
    0x08000876   0x08000876   0x00000006   Code   RO           13    i.Error_Handler     main.o
    0x0800087c   0x0800087c   0x0000011c   Code   RO         1841    i.HAL_ADCEx_Calibration_Start  stm32f1xx_hal_adc_ex.o
    0x08000998   0x08000998   0x00000160   Code   RO         1667    i.HAL_ADC_ConfigChannel  stm32f1xx_hal_adc.o
    0x08000af8   0x08000af8   0x00000008   Code   RO         1674    i.HAL_ADC_GetValue  stm32f1xx_hal_adc.o
    0x08000b00   0x08000b00   0x00000144   Code   RO         1676    i.HAL_ADC_Init      stm32f1xx_hal_adc.o
    0x08000c44   0x08000c44   0x0000009c   Code   RO          293    i.HAL_ADC_MspInit   adc.o
    0x08000ce0   0x08000ce0   0x00000180   Code   RO         1680    i.HAL_ADC_PollForConversion  stm32f1xx_hal_adc.o
    0x08000e60   0x08000e60   0x00000130   Code   RO         1682    i.HAL_ADC_Start     stm32f1xx_hal_adc.o
    0x08000f90   0x08000f90   0x00000040   Code   RO         1685    i.HAL_ADC_Stop      stm32f1xx_hal_adc.o
    0x08000fd0   0x08000fd0   0x00000056   Code   RO         2323    i.HAL_DMA_Abort     stm32f1xx_hal_dma.o
    0x08001026   0x08001026   0x00000002   PAD
    0x08001028   0x08001028   0x000000b0   Code   RO         2324    i.HAL_DMA_Abort_IT  stm32f1xx_hal_dma.o
    0x080010d8   0x080010d8   0x0000019c   Code   RO         2328    i.HAL_DMA_IRQHandler  stm32f1xx_hal_dma.o
    0x08001274   0x08001274   0x00000068   Code   RO         2329    i.HAL_DMA_Init      stm32f1xx_hal_dma.o
    0x080012dc   0x080012dc   0x00000028   Code   RO         1944    i.HAL_Delay         stm32f1xx_hal.o
    0x08001304   0x08001304   0x00000320   Code   RO         2259    i.HAL_GPIO_Init     stm32f1xx_hal_gpio.o
    0x08001624   0x08001624   0x00000010   Code   RO         2261    i.HAL_GPIO_ReadPin  stm32f1xx_hal_gpio.o
    0x08001634   0x08001634   0x0000000c   Code   RO         2263    i.HAL_GPIO_WritePin  stm32f1xx_hal_gpio.o
    0x08001640   0x08001640   0x0000000c   Code   RO         1948    i.HAL_GetTick       stm32f1xx_hal.o
    0x0800164c   0x0800164c   0x00000008   Code   RO         2955    i.HAL_I2C_GetState  stm32f1xx_hal_i2c.o
    0x08001654   0x08001654   0x000001d0   Code   RO         2956    i.HAL_I2C_Init      stm32f1xx_hal_i2c.o
    0x08001824   0x08001824   0x0000036c   Code   RO         2962    i.HAL_I2C_Master_Receive  stm32f1xx_hal_i2c.o
    0x08001b90   0x08001b90   0x00000170   Code   RO         2969    i.HAL_I2C_Master_Transmit  stm32f1xx_hal_i2c.o
    0x08001d00   0x08001d00   0x00000074   Code   RO          359    i.HAL_I2C_MspInit   i2c.o
    0x08001d74   0x08001d74   0x00000018   Code   RO         1954    i.HAL_IncTick       stm32f1xx_hal.o
    0x08001d8c   0x08001d8c   0x00000028   Code   RO         1955    i.HAL_Init          stm32f1xx_hal.o
    0x08001db4   0x08001db4   0x000000b4   Code   RO          602    i.HAL_InitTick      stm32f1xx_hal_timebase_tim.o
    0x08001e68   0x08001e68   0x00000060   Code   RO          578    i.HAL_MspInit       stm32f1xx_hal_msp.o
    0x08001ec8   0x08001ec8   0x00000020   Code   RO         2419    i.HAL_NVIC_EnableIRQ  stm32f1xx_hal_cortex.o
    0x08001ee8   0x08001ee8   0x0000007c   Code   RO         2425    i.HAL_NVIC_SetPriority  stm32f1xx_hal_cortex.o
    0x08001f64   0x08001f64   0x00000028   Code   RO         2426    i.HAL_NVIC_SetPriorityGrouping  stm32f1xx_hal_cortex.o
    0x08001f8c   0x08001f8c   0x000000fc   Code   RO         2220    i.HAL_RCCEx_GetPeriphCLKFreq  stm32f1xx_hal_rcc_ex.o
    0x08002088   0x08002088   0x00000130   Code   RO         2221    i.HAL_RCCEx_PeriphCLKConfig  stm32f1xx_hal_rcc_ex.o
    0x080021b8   0x080021b8   0x0000018c   Code   RO         2112    i.HAL_RCC_ClockConfig  stm32f1xx_hal_rcc.o
    0x08002344   0x08002344   0x00000044   Code   RO         2116    i.HAL_RCC_GetClockConfig  stm32f1xx_hal_rcc.o
    0x08002388   0x08002388   0x0000000c   Code   RO         2117    i.HAL_RCC_GetHCLKFreq  stm32f1xx_hal_rcc.o
    0x08002394   0x08002394   0x00000020   Code   RO         2119    i.HAL_RCC_GetPCLK1Freq  stm32f1xx_hal_rcc.o
    0x080023b4   0x080023b4   0x00000020   Code   RO         2120    i.HAL_RCC_GetPCLK2Freq  stm32f1xx_hal_rcc.o
    0x080023d4   0x080023d4   0x00000070   Code   RO         2121    i.HAL_RCC_GetSysClockFreq  stm32f1xx_hal_rcc.o
    0x08002444   0x08002444   0x00000464   Code   RO         2124    i.HAL_RCC_OscConfig  stm32f1xx_hal_rcc.o
    0x080028a8   0x080028a8   0x00000002   Code   RO         1394    i.HAL_TIMEx_BreakCallback  stm32f1xx_hal_tim_ex.o
    0x080028aa   0x080028aa   0x00000002   Code   RO         1395    i.HAL_TIMEx_CommutCallback  stm32f1xx_hal_tim_ex.o
    0x080028ac   0x080028ac   0x00000084   Code   RO         1413    i.HAL_TIMEx_MasterConfigSynchronization  stm32f1xx_hal_tim_ex.o
    0x08002930   0x08002930   0x00000066   Code   RO          679    i.HAL_TIM_Base_Init  stm32f1xx_hal_tim.o
    0x08002996   0x08002996   0x00000002   Code   RO          681    i.HAL_TIM_Base_MspInit  stm32f1xx_hal_tim.o
    0x08002998   0x08002998   0x00000078   Code   RO          684    i.HAL_TIM_Base_Start_IT  stm32f1xx_hal_tim.o
    0x08002a10   0x08002a10   0x00000002   Code   RO          713    i.HAL_TIM_IC_CaptureCallback  stm32f1xx_hal_tim.o
    0x08002a12   0x08002a12   0x0000016c   Code   RO          727    i.HAL_TIM_IRQHandler  stm32f1xx_hal_tim.o
    0x08002b7e   0x08002b7e   0x00000002   PAD
    0x08002b80   0x08002b80   0x00000058   Code   RO          400    i.HAL_TIM_MspPostInit  tim.o
    0x08002bd8   0x08002bd8   0x00000002   Code   RO          730    i.HAL_TIM_OC_DelayElapsedCallback  stm32f1xx_hal_tim.o
    0x08002bda   0x08002bda   0x00000104   Code   RO          751    i.HAL_TIM_PWM_ConfigChannel  stm32f1xx_hal_tim.o
    0x08002cde   0x08002cde   0x00000066   Code   RO          754    i.HAL_TIM_PWM_Init  stm32f1xx_hal_tim.o
    0x08002d44   0x08002d44   0x00000030   Code   RO          402    i.HAL_TIM_PWM_MspInit  tim.o
    0x08002d74   0x08002d74   0x00000002   Code   RO          757    i.HAL_TIM_PWM_PulseFinishedCallback  stm32f1xx_hal_tim.o
    0x08002d76   0x08002d76   0x00000002   PAD
    0x08002d78   0x08002d78   0x000000d4   Code   RO          759    i.HAL_TIM_PWM_Start  stm32f1xx_hal_tim.o
    0x08002e4c   0x08002e4c   0x00000018   Code   RO           14    i.HAL_TIM_PeriodElapsedCallback  main.o
    0x08002e64   0x08002e64   0x00000002   Code   RO          770    i.HAL_TIM_TriggerCallback  stm32f1xx_hal_tim.o
    0x08002e66   0x08002e66   0x00000002   Code   RO         3434    i.HAL_UARTEx_RxEventCallback  stm32f1xx_hal_uart.o
    0x08002e68   0x08002e68   0x00000002   Code   RO         3448    i.HAL_UART_ErrorCallback  stm32f1xx_hal_uart.o
    0x08002e6a   0x08002e6a   0x00000002   PAD
    0x08002e6c   0x08002e6c   0x000002e4   Code   RO         3451    i.HAL_UART_IRQHandler  stm32f1xx_hal_uart.o
    0x08003150   0x08003150   0x00000076   Code   RO         3452    i.HAL_UART_Init     stm32f1xx_hal_uart.o
    0x080031c6   0x080031c6   0x00000002   PAD
    0x080031c8   0x080031c8   0x00000178   Code   RO          449    i.HAL_UART_MspInit  usart.o
    0x08003340   0x08003340   0x00000002   Code   RO         3458    i.HAL_UART_RxCpltCallback  stm32f1xx_hal_uart.o
    0x08003342   0x08003342   0x00000002   Code   RO         3463    i.HAL_UART_TxCpltCallback  stm32f1xx_hal_uart.o
    0x08003344   0x08003344   0x00000004   Code   RO          500    i.HardFault_Handler  stm32f1xx_it.o
    0x08003348   0x08003348   0x0000003e   Code   RO         3000    i.I2C_IsAcknowledgeFailed  stm32f1xx_hal_i2c.o
    0x08003386   0x08003386   0x00000002   PAD
    0x08003388   0x08003388   0x00000138   Code   RO         3003    i.I2C_MasterRequestRead  stm32f1xx_hal_i2c.o
    0x080034c0   0x080034c0   0x000000c0   Code   RO         3004    i.I2C_MasterRequestWrite  stm32f1xx_hal_i2c.o
    0x08003580   0x08003580   0x00000066   Code   RO         3020    i.I2C_WaitOnBTFFlagUntilTimeout  stm32f1xx_hal_i2c.o
    0x080035e6   0x080035e6   0x000000be   Code   RO         3021    i.I2C_WaitOnFlagUntilTimeout  stm32f1xx_hal_i2c.o
    0x080036a4   0x080036a4   0x000000fa   Code   RO         3022    i.I2C_WaitOnMasterAddressFlagUntilTimeout  stm32f1xx_hal_i2c.o
    0x0800379e   0x0800379e   0x0000008a   Code   RO         3023    i.I2C_WaitOnRXNEFlagUntilTimeout  stm32f1xx_hal_i2c.o
    0x08003828   0x08003828   0x00000066   Code   RO         3026    i.I2C_WaitOnTXEFlagUntilTimeout  stm32f1xx_hal_i2c.o
    0x0800388e   0x0800388e   0x00000002   PAD
    0x08003890   0x08003890   0x00000058   Code   RO          294    i.MX_ADC1_Init      adc.o
    0x080038e8   0x080038e8   0x00000044   Code   RO          334    i.MX_DMA_Init       dma.o
    0x0800392c   0x0800392c   0x0000006c   Code   RO          237    i.MX_FREERTOS_Init  freertos.o
    0x08003998   0x08003998   0x000000e8   Code   RO          213    i.MX_GPIO_Init      gpio.o
    0x08003a80   0x08003a80   0x0000003c   Code   RO          360    i.MX_I2C1_Init      i2c.o
    0x08003abc   0x08003abc   0x0000007c   Code   RO          403    i.MX_TIM3_Init      tim.o
    0x08003b38   0x08003b38   0x00000038   Code   RO          450    i.MX_USART1_UART_Init  usart.o
    0x08003b70   0x08003b70   0x00000038   Code   RO          451    i.MX_USART2_UART_Init  usart.o
    0x08003ba8   0x08003ba8   0x00000004   Code   RO          501    i.MemManage_Handler  stm32f1xx_it.o
    0x08003bac   0x08003bac   0x00000004   Code   RO          502    i.NMI_Handler       stm32f1xx_it.o
    0x08003bb0   0x08003bb0   0x00000028   Code   RO         6065    i.OLED_Clear        drv_oled.o
    0x08003bd8   0x08003bd8   0x00000090   Code   RO         6066    i.OLED_ClearArea    drv_oled.o
    0x08003c68   0x08003c68   0x00000034   Code   RO         6074    i.OLED_GPIO_Init    drv_oled.o
    0x08003c9c   0x08003c9c   0x0000003e   Code   RO         6076    i.OLED_I2C_SendByte  drv_oled.o
    0x08003cda   0x08003cda   0x0000001c   Code   RO         6077    i.OLED_I2C_Start    drv_oled.o
    0x08003cf6   0x08003cf6   0x00000016   Code   RO         6078    i.OLED_I2C_Stop     drv_oled.o
    0x08003d0c   0x08003d0c   0x0000009a   Code   RO         6079    i.OLED_Init         drv_oled.o
    0x08003da6   0x08003da6   0x00000032   Code   RO         6082    i.OLED_Printf       drv_oled.o
    0x08003dd8   0x08003dd8   0x00000022   Code   RO         6085    i.OLED_SetCursor    drv_oled.o
    0x08003dfa   0x08003dfa   0x00000002   PAD
    0x08003dfc   0x08003dfc   0x00000054   Code   RO         6087    i.OLED_ShowChar     drv_oled.o
    0x08003e50   0x08003e50   0x000000fc   Code   RO         6090    i.OLED_ShowImage    drv_oled.o
    0x08003f4c   0x08003f4c   0x00000110   Code   RO         6093    i.OLED_ShowString   drv_oled.o
    0x0800405c   0x0800405c   0x00000028   Code   RO         6094    i.OLED_Update       drv_oled.o
    0x08004084   0x08004084   0x00000018   Code   RO         6096    i.OLED_W_SCL        drv_oled.o
    0x0800409c   0x0800409c   0x00000018   Code   RO         6097    i.OLED_W_SDA        drv_oled.o
    0x080040b4   0x080040b4   0x00000020   Code   RO         6098    i.OLED_WriteCommand  drv_oled.o
    0x080040d4   0x080040d4   0x0000002e   Code   RO         6099    i.OLED_WriteData    drv_oled.o
    0x08004102   0x08004102   0x00000002   PAD
    0x08004104   0x08004104   0x00000028   Code   RO         2125    i.RCC_Delay         stm32f1xx_hal_rcc.o
    0x0800412c   0x0800412c   0x00000016   Code   RO         4976    i.SysTick_Handler   cmsis_os2.o
    0x08004142   0x08004142   0x00000084   Code   RO           15    i.SystemClock_Config  main.o
    0x080041c6   0x080041c6   0x00000002   Code   RO         3796    i.SystemInit        system_stm32f1xx.o
    0x080041c8   0x080041c8   0x00000010   Code   RO          503    i.TIM4_IRQHandler   stm32f1xx_it.o
    0x080041d8   0x080041d8   0x00000084   Code   RO          772    i.TIM_Base_SetConfig  stm32f1xx_hal_tim.o
    0x0800425c   0x0800425c   0x00000022   Code   RO          773    i.TIM_CCxChannelCmd  stm32f1xx_hal_tim.o
    0x0800427e   0x0800427e   0x00000002   PAD
    0x08004280   0x08004280   0x00000060   Code   RO          785    i.TIM_OC1_SetConfig  stm32f1xx_hal_tim.o
    0x080042e0   0x080042e0   0x00000068   Code   RO          786    i.TIM_OC2_SetConfig  stm32f1xx_hal_tim.o
    0x08004348   0x08004348   0x00000068   Code   RO          787    i.TIM_OC3_SetConfig  stm32f1xx_hal_tim.o
    0x080043b0   0x080043b0   0x00000048   Code   RO          788    i.TIM_OC4_SetConfig  stm32f1xx_hal_tim.o
    0x080043f8   0x080043f8   0x00000014   Code   RO         3465    i.UART_DMAAbortOnError  stm32f1xx_hal_uart.o
    0x0800440c   0x0800440c   0x0000006c   Code   RO         3475    i.UART_EndRxTransfer  stm32f1xx_hal_uart.o
    0x08004478   0x08004478   0x00000020   Code   RO         3476    i.UART_EndTransmit_IT  stm32f1xx_hal_uart.o
    0x08004498   0x08004498   0x000000fc   Code   RO         3478    i.UART_Receive_IT   stm32f1xx_hal_uart.o
    0x08004594   0x08004594   0x000000fc   Code   RO         3479    i.UART_SetConfig    stm32f1xx_hal_uart.o
    0x08004690   0x08004690   0x00000060   Code   RO         3482    i.UART_Transmit_IT  stm32f1xx_hal_uart.o
    0x080046f0   0x080046f0   0x00000010   Code   RO          504    i.USART2_IRQHandler  stm32f1xx_it.o
    0x08004700   0x08004700   0x00000004   Code   RO          505    i.UsageFault_Handler  stm32f1xx_it.o
    0x08004704   0x08004704   0x00000034   Code   RO         7117    i.__0snprintf       mc_w.l(printfa.o)
    0x08004738   0x08004738   0x00000024   Code   RO         7122    i.__0vsprintf       mc_w.l(printfa.o)
    0x0800475c   0x0800475c   0x00000010   Code   RO         2432    i.__NVIC_GetPriorityGrouping  stm32f1xx_hal_cortex.o
    0x0800476c   0x0800476c   0x00000028   Code   RO         2433    i.__NVIC_SetPriority  stm32f1xx_hal_cortex.o
    0x08004794   0x08004794   0x00000006   Code   RO         4978    i.__get_IPSR        cmsis_os2.o
    0x0800479a   0x0800479a   0x0000000e   Code   RO         7250    i.__scatterload_copy  mc_w.l(handlers.o)
    0x080047a8   0x080047a8   0x00000002   Code   RO         7251    i.__scatterload_null  mc_w.l(handlers.o)
    0x080047aa   0x080047aa   0x0000000e   Code   RO         7252    i.__scatterload_zeroinit  mc_w.l(handlers.o)
    0x080047b8   0x080047b8   0x00000050   Code   RO         6728    i._alarm_step_10ms  bsp_led.o
    0x08004808   0x08004808   0x000000e0   Code   RO         6619    i._buzz_apply       bsp_buzz.o
    0x080048e8   0x080048e8   0x00000030   Code   RO         6474    i._cfg_channel      drv_soil_adc.o
    0x08004918   0x08004918   0x00000016   Code   RO         6332    i._clamp_u8         drv_rain_adc.o
    0x0800492e   0x0800492e   0x00000016   Code   RO         6475    i._clamp_u8         drv_soil_adc.o
    0x08004944   0x08004944   0x0000003a   Code   RO         6398    i._crc8_sht3x       drv_sht30.o
    0x0800497e   0x0800497e   0x00000002   PAD
    0x08004980   0x08004980   0x00000184   Code   RO         7123    i._fp_digits        mc_w.l(printfa.o)
    0x08004b04   0x08004b04   0x0000003c   Code   RO         6620    i._get_pat          bsp_buzz.o
    0x08004b40   0x08004b40   0x00000024   Code   RO         6729    i._hw_write         bsp_led.o
    0x08004b64   0x08004b64   0x00000028   Code   RO         5867    i._i2c_rd2          drv_bh1750.o
    0x08004b8c   0x08004b8c   0x00000028   Code   RO         6399    i._i2c_rd6          drv_sht30.o
    0x08004bb4   0x08004bb4   0x00000028   Code   RO         5868    i._i2c_wr           drv_bh1750.o
    0x08004bdc   0x08004bdc   0x00000034   Code   RO         6400    i._i2c_wr2          drv_sht30.o
    0x08004c10   0x08004c10   0x0000003c   Code   RO         6730    i._net_step_10ms    bsp_led.o
    0x08004c4c   0x08004c4c   0x000006b4   Code   RO         7124    i._printf_core      mc_w.l(printfa.o)
    0x08005300   0x08005300   0x00000024   Code   RO         7125    i._printf_post_padding  mc_w.l(printfa.o)
    0x08005324   0x08005324   0x0000002e   Code   RO         7126    i._printf_pre_padding  mc_w.l(printfa.o)
    0x08005352   0x08005352   0x0000001e   Code   RO         6401    i._raw_to_hum_x10   drv_sht30.o
    0x08005370   0x08005370   0x00000010   Code   RO         5869    i._raw_to_lux       drv_bh1750.o
    0x08005380   0x08005380   0x0000003e   Code   RO         6333    i._raw_to_pct       drv_rain_adc.o
    0x080053be   0x080053be   0x00000008   Code   RO         6674    i._raw_to_press     bsp_key.o
    0x080053c6   0x080053c6   0x0000001a   Code   RO         6402    i._raw_to_temp_x10  drv_sht30.o
    0x080053e0   0x080053e0   0x0000004e   Code   RO         6476    i._read_avg_5       drv_soil_adc.o
    0x0800542e   0x0800542e   0x00000002   PAD
    0x08005430   0x08005430   0x00000050   Code   RO         6477    i._read_once_u12    drv_soil_adc.o
    0x08005480   0x08005480   0x00000048   Code   RO         6675    i._read_raw_pack    bsp_key.o
    0x080054c8   0x080054c8   0x00000038   Code   RO         6334    i._select_channel_in9  drv_rain_adc.o
    0x08005500   0x08005500   0x00000016   Code   RO         7127    i._snputc           mc_w.l(printfa.o)
    0x08005516   0x08005516   0x0000000a   Code   RO         7128    i._sputc            mc_w.l(printfa.o)
    0x08005520   0x08005520   0x00000044   Code   RO         6548    i.alarm_word        svc_ui.o
    0x08005564   0x08005564   0x0000000e   Code   RO         6549    i.app_abs_i         svc_ui.o
    0x08005572   0x08005572   0x00000002   PAD
    0x08005574   0x08005574   0x00000014   Code   RO         5705    i.app_ctrl_init_once  app_task_ctrl.o
    0x08005588   0x08005588   0x0000000c   Code   RO         5706    i.app_ctrl_request_buzz_ack  app_task_ctrl.o
    0x08005594   0x08005594   0x00000024   Code   RO         5638    i.app_data_get_snapshot  app_data.o
    0x080055b8   0x080055b8   0x00000024   Code   RO         5639    i.app_data_init     app_data.o
    0x080055dc   0x080055dc   0x0000001c   Code   RO         5640    i.app_data_lock     app_data.o
    0x080055f8   0x080055f8   0x0000002c   Code   RO         5641    i.app_data_set_alarm  app_data.o
    0x08005624   0x08005624   0x0000002c   Code   RO         5642    i.app_data_set_env  app_data.o
    0x08005650   0x08005650   0x00000030   Code   RO         5643    i.app_data_set_net  app_data.o
    0x08005680   0x08005680   0x00000020   Code   RO         5644    i.app_data_set_ui_mode  app_data.o
    0x080056a0   0x080056a0   0x00000020   Code   RO         5645    i.app_data_set_uptime  app_data.o
    0x080056c0   0x080056c0   0x00000018   Code   RO         5646    i.app_data_unlock   app_data.o
    0x080056d8   0x080056d8   0x00000028   Code   RO         5785    i.app_sensor_init_once  app_task_sensor.o
    0x08005700   0x08005700   0x0000000c   Code   RO         5829    i.app_ui_mode_next  app_task_ui.o
    0x0800570c   0x0800570c   0x0000004c   Code   RO         6621    i.bsp_buzz_init     bsp_buzz.o
    0x08005758   0x08005758   0x0000003c   Code   RO         6623    i.bsp_buzz_set_mode  bsp_buzz.o
    0x08005794   0x08005794   0x000000a8   Code   RO         6624    i.bsp_buzz_step_10ms  bsp_buzz.o
    0x0800583c   0x0800583c   0x00000040   Code   RO         6677    i.bsp_key_init      bsp_key.o
    0x0800587c   0x0800587c   0x0000007c   Code   RO         6678    i.bsp_key_scan_10ms  bsp_key.o
    0x080058f8   0x080058f8   0x00000010   Code   RO         6679    i.bsp_key_trg_get   bsp_key.o
    0x08005908   0x08005908   0x0000004c   Code   RO         6731    i.bsp_led_init      bsp_led.o
    0x08005954   0x08005954   0x0000003c   Code   RO         6734    i.bsp_led_set_alarm  bsp_led.o
    0x08005990   0x08005990   0x0000002c   Code   RO         6735    i.bsp_led_set_net_ok  bsp_led.o
    0x080059bc   0x080059bc   0x0000000c   Code   RO         6736    i.bsp_led_step_10ms  bsp_led.o
    0x080059c8   0x080059c8   0x00000034   Code   RO         6737    i.bsp_led_toggle    bsp_led.o
    0x080059fc   0x080059fc   0x000001b8   Code   RO         5707    i.ctrlTaskStart     app_task_ctrl.o
    0x08005bb4   0x08005bb4   0x00000064   Code   RO         6550    i.draw_info         svc_ui.o
    0x08005c18   0x08005c18   0x000000a0   Code   RO         6551    i.draw_monitor      svc_ui.o
    0x08005cb8   0x08005cb8   0x000000b4   Code   RO         6552    i.draw_status       svc_ui.o
    0x08005d6c   0x08005d6c   0x0000001c   Code   RO         6553    i.draw_title        svc_ui.o
    0x08005d88   0x08005d88   0x00000014   Code   RO         5871    i.drv_bh1750_get    drv_bh1750.o
    0x08005d9c   0x08005d9c   0x0000006c   Code   RO         5872    i.drv_bh1750_init   drv_bh1750.o
    0x08005e08   0x08005e08   0x000000bc   Code   RO         5873    i.drv_bh1750_sample  drv_bh1750.o
    0x08005ec4   0x08005ec4   0x00000014   Code   RO         6335    i.drv_rain_get      drv_rain_adc.o
    0x08005ed8   0x08005ed8   0x00000048   Code   RO         6336    i.drv_rain_init     drv_rain_adc.o
    0x08005f20   0x08005f20   0x00000100   Code   RO         6338    i.drv_rain_sample   drv_rain_adc.o
    0x08006020   0x08006020   0x00000014   Code   RO         6404    i.drv_sht30_get     drv_sht30.o
    0x08006034   0x08006034   0x00000050   Code   RO         6405    i.drv_sht30_init    drv_sht30.o
    0x08006084   0x08006084   0x00000108   Code   RO         6406    i.drv_sht30_sample  drv_sht30.o
    0x0800618c   0x0800618c   0x00000018   Code   RO         6478    i.drv_soil_get_pct  drv_soil_adc.o
    0x080061a4   0x080061a4   0x00000018   Code   RO         6479    i.drv_soil_get_raw  drv_soil_adc.o
    0x080061bc   0x080061bc   0x00000044   Code   RO         6481    i.drv_soil_init     drv_soil_adc.o
    0x08006200   0x08006200   0x00000098   Code   RO         6482    i.drv_soil_sample   drv_soil_adc.o
    0x08006298   0x08006298   0x00000014   Code   RO         5708    i.hyst_high_on_low_off  app_task_ctrl.o
    0x080062ac   0x080062ac   0x00000014   Code   RO         5709    i.hyst_low_on_high_off  app_task_ctrl.o
    0x080062c0   0x080062c0   0x00000038   Code   RO           16    i.main              main.o
    0x080062f8   0x080062f8   0x00000026   Code   RO         5767    i.netTaskStart      app_task_net.o
    0x0800631e   0x0800631e   0x00000034   Code   RO         4980    i.osDelayUntil      cmsis_os2.o
    0x08006352   0x08006352   0x0000001a   Code   RO         4991    i.osKernelGetTickCount  cmsis_os2.o
    0x0800636c   0x0800636c   0x0000002c   Code   RO         4993    i.osKernelInitialize  cmsis_os2.o
    0x08006398   0x08006398   0x00000060   Code   RO         4996    i.osKernelStart     cmsis_os2.o
    0x080063f8   0x080063f8   0x00000062   Code   RO         5016    i.osMutexAcquire    cmsis_os2.o
    0x0800645a   0x0800645a   0x000000b2   Code   RO         5019    i.osMutexNew        cmsis_os2.o
    0x0800650c   0x0800650c   0x0000004e   Code   RO         5020    i.osMutexRelease    cmsis_os2.o
    0x0800655a   0x0800655a   0x000000b8   Code   RO         5038    i.osThreadNew       cmsis_os2.o
    0x08006612   0x08006612   0x00000002   PAD
    0x08006614   0x08006614   0x0000007c   Code   RO         4413    i.prvAddCurrentTaskToDelayedList  tasks.o
    0x08006690   0x08006690   0x000000b8   Code   RO         4414    i.prvAddNewTaskToReadyList  tasks.o
    0x08006748   0x08006748   0x00000074   Code   RO         4789    i.prvCheckForValidListAndQueue  timers.o
    0x080067bc   0x080067bc   0x00000048   Code   RO         4415    i.prvCheckTasksWaitingTermination  tasks.o
    0x08006804   0x08006804   0x0000002a   Code   RO         4000    i.prvCopyDataFromQueue  queue.o
    0x0800682e   0x0800682e   0x0000007e   Code   RO         4001    i.prvCopyDataToQueue  queue.o
    0x080068ac   0x080068ac   0x00000050   Code   RO         4416    i.prvDeleteTCB      tasks.o
    0x080068fc   0x080068fc   0x00000014   Code   RO         4002    i.prvGetDisinheritPriorityAfterTimeout  queue.o
    0x08006910   0x08006910   0x00000028   Code   RO         4790    i.prvGetNextExpireTime  timers.o
    0x08006938   0x08006938   0x0000007c   Code   RO         5506    i.prvHeapInit       heap_4.o
    0x080069b4   0x080069b4   0x00000028   Code   RO         4417    i.prvIdleTask       tasks.o
    0x080069dc   0x080069dc   0x0000001e   Code   RO         4003    i.prvInitialiseMutex  queue.o
    0x080069fa   0x080069fa   0x0000002a   Code   RO         4004    i.prvInitialiseNewQueue  queue.o
    0x08006a24   0x08006a24   0x000000be   Code   RO         4418    i.prvInitialiseNewTask  tasks.o
    0x08006ae2   0x08006ae2   0x00000002   PAD
    0x08006ae4   0x08006ae4   0x00000068   Code   RO         4419    i.prvInitialiseTaskLists  tasks.o
    0x08006b4c   0x08006b4c   0x00000068   Code   RO         5507    i.prvInsertBlockIntoFreeList  heap_4.o
    0x08006bb4   0x08006bb4   0x00000058   Code   RO         4792    i.prvInsertTimerInActiveList  timers.o
    0x08006c0c   0x08006c0c   0x0000001a   Code   RO         4005    i.prvIsQueueEmpty   queue.o
    0x08006c26   0x08006c26   0x0000001e   Code   RO         4006    i.prvIsQueueFull    queue.o
    0x08006c44   0x08006c44   0x00000074   Code   RO         4793    i.prvProcessExpiredTimer  timers.o
    0x08006cb8   0x08006cb8   0x00000164   Code   RO         4794    i.prvProcessReceivedCommands  timers.o
    0x08006e1c   0x08006e1c   0x00000074   Code   RO         4795    i.prvProcessTimerOrBlockTask  timers.o
    0x08006e90   0x08006e90   0x00000034   Code   RO         4421    i.prvResetNextTaskUnblockTime  tasks.o
    0x08006ec4   0x08006ec4   0x0000002c   Code   RO         4796    i.prvSampleTimeNow  timers.o
    0x08006ef0   0x08006ef0   0x000000a4   Code   RO         4797    i.prvSwitchTimerLists  timers.o
    0x08006f94   0x08006f94   0x00000040   Code   RO         5562    i.prvTaskExitError  port.o
    0x08006fd4   0x08006fd4   0x0000001a   Code   RO         4798    i.prvTimerTask      timers.o
    0x08006fee   0x08006fee   0x0000007e   Code   RO         4007    i.prvUnlockQueue    queue.o
    0x0800706c   0x0800706c   0x00000154   Code   RO         5508    i.pvPortMalloc      heap_4.o
    0x080071c0   0x080071c0   0x00000020   Code   RO         4424    i.pvTaskIncrementMutexHeldCount  tasks.o
    0x080071e0   0x080071e0   0x00000024   Code   RO         5563    i.pxPortInitialiseStack  port.o
    0x08007204   0x08007204   0x000000e4   Code   RO         5786    i.sensorTaskStart   app_task_sensor.o
    0x080072e8   0x080072e8   0x0000000c   Code   RO         6554    i.svc_ui_force_refresh  svc_ui.o
    0x080072f4   0x080072f4   0x00000034   Code   RO         6555    i.svc_ui_init       svc_ui.o
    0x08007328   0x08007328   0x00000050   Code   RO         6556    i.svc_ui_render     svc_ui.o
    0x08007378   0x08007378   0x0000007a   Code   RO         5830    i.uiTaskStart       app_task_ui.o
    0x080073f2   0x080073f2   0x00000028   Code   RO         3960    i.uxListRemove      list.o
    0x0800741a   0x0800741a   0x00000002   PAD
    0x0800741c   0x0800741c   0x00000018   Code   RO         5050    i.vApplicationGetIdleTaskMemory  cmsis_os2.o
    0x08007434   0x08007434   0x00000018   Code   RO         5051    i.vApplicationGetTimerTaskMemory  cmsis_os2.o
    0x0800744c   0x0800744c   0x00000002   Code   RO          239    i.vApplicationMallocFailedHook  freertos.o
    0x0800744e   0x0800744e   0x00000002   Code   RO          240    i.vApplicationStackOverflowHook  freertos.o
    0x08007450   0x08007450   0x0000001a   Code   RO         3961    i.vListInitialise   list.o
    0x0800746a   0x0800746a   0x00000006   Code   RO         3962    i.vListInitialiseItem  list.o
    0x08007470   0x08007470   0x00000034   Code   RO         3963    i.vListInsert       list.o
    0x080074a4   0x080074a4   0x00000018   Code   RO         3964    i.vListInsertEnd    list.o
    0x080074bc   0x080074bc   0x00000054   Code   RO         5565    i.vPortEnterCritical  port.o
    0x08007510   0x08007510   0x0000003c   Code   RO         5566    i.vPortExitCritical  port.o
    0x0800754c   0x0800754c   0x000000a4   Code   RO         5509    i.vPortFree         heap_4.o
    0x080075f0   0x080075f0   0x00000028   Code   RO         5567    i.vPortSetupTimerInterrupt  port.o
    0x08007618   0x08007618   0x00000078   Code   RO         5568    i.vPortValidateInterruptPriority  port.o
    0x08007690   0x08007690   0x0000002c   Code   RO         4013    i.vQueueAddToRegistry  queue.o
    0x080076bc   0x080076bc   0x0000004a   Code   RO         4017    i.vQueueWaitForMessageRestricted  queue.o
    0x08007706   0x08007706   0x00000002   PAD
    0x08007708   0x08007708   0x000000d4   Code   RO         4435    i.vTaskDelayUntil   tasks.o
    0x080077dc   0x080077dc   0x00000018   Code   RO         4439    i.vTaskInternalSetTimeOutState  tasks.o
    0x080077f4   0x080077f4   0x0000000c   Code   RO         4440    i.vTaskMissedYield  tasks.o
    0x08007800   0x08007800   0x00000038   Code   RO         4442    i.vTaskPlaceOnEventList  tasks.o
    0x08007838   0x08007838   0x00000040   Code   RO         4443    i.vTaskPlaceOnEventListRestricted  tasks.o
    0x08007878   0x08007878   0x000000d0   Code   RO         4445    i.vTaskPriorityDisinheritAfterTimeout  tasks.o
    0x08007948   0x08007948   0x000000b8   Code   RO         4451    i.vTaskStartScheduler  tasks.o
    0x08007a00   0x08007a00   0x00000010   Code   RO         4453    i.vTaskSuspendAll   tasks.o
    0x08007a10   0x08007a10   0x000000c8   Code   RO         4454    i.vTaskSwitchContext  tasks.o
    0x08007ad8   0x08007ad8   0x0000003c   Code   RO         6557    i.x10_to_str        svc_ui.o
    0x08007b14   0x08007b14   0x000000f8   Code   RO         5569    i.xPortStartScheduler  port.o
    0x08007c0c   0x08007c0c   0x00000034   Code   RO         5570    i.xPortSysTickHandler  port.o
    0x08007c40   0x08007c40   0x00000022   Code   RO         4020    i.xQueueCreateMutex  queue.o
    0x08007c62   0x08007c62   0x0000002a   Code   RO         4021    i.xQueueCreateMutexStatic  queue.o
    0x08007c8c   0x08007c8c   0x0000005a   Code   RO         4022    i.xQueueGenericCreate  queue.o
    0x08007ce6   0x08007ce6   0x000000e0   Code   RO         4023    i.xQueueGenericCreateStatic  queue.o
    0x08007dc6   0x08007dc6   0x00000002   PAD
    0x08007dc8   0x08007dc8   0x00000098   Code   RO         4024    i.xQueueGenericReset  queue.o
    0x08007e60   0x08007e60   0x000001a8   Code   RO         4025    i.xQueueGenericSend  queue.o
    0x08008008   0x08008008   0x000000fc   Code   RO         4026    i.xQueueGenericSendFromISR  queue.o
    0x08008104   0x08008104   0x00000048   Code   RO         4030    i.xQueueGiveMutexRecursive  queue.o
    0x0800814c   0x0800814c   0x00000168   Code   RO         4035    i.xQueueReceive     queue.o
    0x080082b4   0x080082b4   0x000001b8   Code   RO         4037    i.xQueueSemaphoreTake  queue.o
    0x0800846c   0x0800846c   0x0000004e   Code   RO         4038    i.xQueueTakeMutexRecursive  queue.o
    0x080084ba   0x080084ba   0x00000002   PAD
    0x080084bc   0x080084bc   0x0000008c   Code   RO         4456    i.xTaskCheckForTimeOut  tasks.o
    0x08008548   0x08008548   0x00000064   Code   RO         4457    i.xTaskCreate       tasks.o
    0x080085ac   0x080085ac   0x000000ba   Code   RO         4458    i.xTaskCreateStatic  tasks.o
    0x08008666   0x08008666   0x00000002   PAD
    0x08008668   0x08008668   0x0000000c   Code   RO         4461    i.xTaskGetCurrentTaskHandle  tasks.o
    0x08008674   0x08008674   0x00000020   Code   RO         4462    i.xTaskGetSchedulerState  tasks.o
    0x08008694   0x08008694   0x0000000c   Code   RO         4463    i.xTaskGetTickCount  tasks.o
    0x080086a0   0x080086a0   0x00000014   Code   RO         4464    i.xTaskGetTickCountFromISR  tasks.o
    0x080086b4   0x080086b4   0x00000144   Code   RO         4465    i.xTaskIncrementTick  tasks.o
    0x080087f8   0x080087f8   0x000000a4   Code   RO         4468    i.xTaskPriorityDisinherit  tasks.o
    0x0800889c   0x0800889c   0x000000a4   Code   RO         4469    i.xTaskPriorityInherit  tasks.o
    0x08008940   0x08008940   0x00000098   Code   RO         4470    i.xTaskRemoveFromEventList  tasks.o
    0x080089d8   0x080089d8   0x00000104   Code   RO         4471    i.xTaskResumeAll    tasks.o
    0x08008adc   0x08008adc   0x00000078   Code   RO         4807    i.xTimerCreateTimerTask  timers.o
    0x08008b54   0x08008b54   0x00000084   Code   RO         4808    i.xTimerGenericCommand  timers.o
    0x08008bd8   0x08008bd8   0x00000090   Data   RO          241    .constdata          freertos.o
    0x08008c68   0x08008c68   0x00000012   Data   RO         2126    .constdata          stm32f1xx_hal_rcc.o
    0x08008c7a   0x08008c7a   0x00000012   Data   RO         2222    .constdata          stm32f1xx_hal_rcc_ex.o
    0x08008c8c   0x08008c8c   0x00000018   Data   RO         3797    .constdata          system_stm32f1xx.o
    0x08008ca4   0x08008ca4   0x0000142f   Data   RO         6317    .constdata          drv_oled_data.o
    0x0800a0d3   0x0800a0d3   0x00000001   PAD
    0x0800a0d4   0x0800a0d4   0x0000000c   Data   RO         6483    .constdata          drv_soil_adc.o
    0x0800a0e0   0x0800a0e0   0x00000048   Data   RO         6625    .constdata          bsp_buzz.o
    0x0800a128   0x0800a128   0x00000018   Data   RO         6738    .constdata          bsp_led.o
    0x0800a140   0x0800a140   0x00000028   Data   RO          242    .conststring        freertos.o
    0x0800a168   0x0800a168   0x00000020   Data   RO         7248    Region$$Table       anon$$obj.o


    Execution Region RW_IRAM1 (Exec base: 0x20000000, Load base: 0x0800a188, Size: 0x00003878, Max: 0x00005000, ABSOLUTE)

    Exec Addr    Load Addr    Size         Type   Attr      Idx    E Section Name        Object

    0x20000000   0x0800a188   0x00000010   Data   RW          243    .data               freertos.o
    0x20000010   0x0800a198   0x00000009   Data   RW         1962    .data               stm32f1xx_hal.o
    0x20000019   0x0800a1a1   0x00000003   PAD
    0x2000001c   0x0800a1a4   0x00000004   Data   RW         3798    .data               system_stm32f1xx.o
    0x20000020   0x0800a1a8   0x0000003c   Data   RW         4474    .data               tasks.o
    0x2000005c   0x0800a1e4   0x00000014   Data   RW         4816    .data               timers.o
    0x20000070   0x0800a1f8   0x00000004   Data   RW         5055    .data               cmsis_os2.o
    0x20000074   0x0800a1fc   0x00000020   Data   RW         5515    .data               heap_4.o
    0x20000094   0x0800a21c   0x0000000c   Data   RW         5571    .data               port.o
    0x200000a0   0x0800a228   0x00000004   Data   RW         5648    .data               app_data.o
    0x200000a4   0x0800a22c   0x00000001   Data   RW         5710    .data               app_task_ctrl.o
    0x200000a5   0x0800a22d   0x00000003   PAD
    0x200000a8   0x0800a230   0x0000000c   Data   RW         5876    .data               drv_bh1750.o
    0x200000b4   0x0800a23c   0x0000000d   Data   RW         6341    .data               drv_rain_adc.o
    0x200000c1   0x0800a249   0x00000003   PAD
    0x200000c4   0x0800a24c   0x0000000c   Data   RW         6409    .data               drv_sht30.o
    0x200000d0   0x0800a258   0x0000000e   Data   RW         6484    .data               drv_soil_adc.o
    0x200000de   0x0800a266   0x00000001   Data   RW         6558    .data               svc_ui.o
    0x200000df   0x0800a267   0x00000001   PAD
    0x200000e0   0x0800a268   0x0000000c   Data   RW         6626    .data               bsp_buzz.o
    0x200000ec   0x0800a274   0x00000005   Data   RW         6680    .data               bsp_key.o
    0x200000f1   0x0800a279   0x00000001   PAD
    0x200000f2   0x0800a27a   0x00000007   Data   RW         6739    .data               bsp_led.o
    0x200000f9   0x0800a281   0x00000003   PAD
    0x200000fc        -       0x00000030   Zero   RW          295    .bss                adc.o
    0x2000012c        -       0x00000054   Zero   RW          361    .bss                i2c.o
    0x20000180        -       0x00000048   Zero   RW          404    .bss                tim.o
    0x200001c8        -       0x00000118   Zero   RW          452    .bss                usart.o
    0x200002e0        -       0x00000048   Zero   RW          605    .bss                stm32f1xx_hal_timebase_tim.o
    0x20000328        -       0x00000040   Zero   RW         4039    .bss                queue.o
    0x20000368        -       0x000004c4   Zero   RW         4473    .bss                tasks.o
    0x2000082c        -       0x00000118   Zero   RW         4815    .bss                timers.o
    0x20000944        -       0x000006b8   Zero   RW         5054    .bss                cmsis_os2.o
    0x20000ffc        -       0x00002000   Zero   RW         5514    .bss                heap_4.o
    0x20002ffc        -       0x00000040   Zero   RW         5647    .bss                app_data.o
    0x2000303c        -       0x00000018   Zero   RW         5875    .bss                drv_bh1750.o
    0x20003054        -       0x00000400   Zero   RW         6101    .bss                drv_oled.o
    0x20003454        -       0x0000000c   Zero   RW         6340    .bss                drv_rain_adc.o
    0x20003460        -       0x00000016   Zero   RW         6408    .bss                drv_sht30.o
    0x20003476   0x0800a281   0x00000002   PAD
    0x20003478        -       0x00000400   Zero   RW            1    STACK               startup_stm32f103xb.o


==============================================================================

Image component sizes


      Code (inc. data)   RO Data    RW Data    ZI Data      Debug   Object Name

       244         24          0          0         48       1757   adc.o
       324         50          0          4         64       5156   app_data.o
       512         14          0          1          0       5100   app_task_ctrl.o
        38          0          0          0          0        559   app_task_net.o
       268          8          0          0          0       3370   app_task_sensor.o
       134          0          0          0          0       1170   app_task_ui.o
       588         74         72         12          0       3933   bsp_buzz.o
       284         52          0          5          0       2837   bsp_key.o
       420         80         24          7          0       4885   bsp_led.o
       832         38          0          4       1720      47442   cmsis_os2.o
        68          4          0          0          0        778   dma.o
       412         64          0         12         24       4247   drv_bh1750.o
      1360         48          0          0       1024      11689   drv_oled.o
         0          0       5167          0          0       1186   drv_oled_data.o
       488         44          0         13         12       4353   drv_rain_adc.o
       570         64          0         12         22       5648   drv_sht30.o
       496         74         12         14          0       5696   drv_soil_adc.o
         0          0          0          0          0      19608   event_groups.o
       112         48        184         16          0       2602   freertos.o
       232         12          0          0          0       1007   gpio.o
       732         72          0         32       8192       4855   heap_4.o
       176         24          0          0         84       1657   i2c.o
       148          0          0          0          0       3494   list.o
       218          6          0          0          0     473044   main.o
       854         78          0         12          0      11073   port.o
      2728         26          0          0         64      24208   queue.o
        36          8        236          0       1024        816   startup_stm32f103xb.o
       116         24          0          9          0       5346   stm32f1xx_hal.o
      1672         62          0          0          0       7199   stm32f1xx_hal_adc.o
       284          6          0          0          0       1490   stm32f1xx_hal_adc_ex.o
       252         22          0          0          0      28750   stm32f1xx_hal_cortex.o
       778         12          0          0          0       3379   stm32f1xx_hal_dma.o
       828         34          0          0          0       3367   stm32f1xx_hal_gpio.o
      3064         54          0          0          0      12097   stm32f1xx_hal_i2c.o
        96         10          0          0          0        922   stm32f1xx_hal_msp.o
      1816        108         18          0          0       6705   stm32f1xx_hal_rcc.o
       556         34         18          0          0       2413   stm32f1xx_hal_rcc_ex.o
      1712         60          0          0          0      12377   stm32f1xx_hal_tim.o
       136         14          0          0          0       2481   stm32f1xx_hal_tim_ex.o
       180         22          0          0         72       1503   stm32f1xx_hal_timebase_tim.o
      1626          8          0          0          0       9316   stm32f1xx_hal_uart.o
        86         24          0          0          0       4625   stm32f1xx_it.o
         0          0          0          0          0       9512   stream_buffer.o
       754        242          0          1          0       6057   svc_ui.o
         2          0         24          4          0       1155   system_stm32f1xx.o
      3420        392          0         60       1220      31287   tasks.o
       260         32          0          0         72       2303   tim.o
      1318        124          0         20        280      32883   timers.o
       488         50          0          0        280       2545   usart.o

    ----------------------------------------------------------------------
     31760       2246       5788        252      14204     839882   Object Totals
         0          0         32          0          0          0   (incl. Generated)
        42          0          1         14          2          0   (incl. Padding)

    ----------------------------------------------------------------------

      Code (inc. data)   RO Data    RW Data    ZI Data      Debug   Library Member Name

         0          0          0          0          0          0   entry.o
         0          0          0          0          0          0   entry10a.o
         0          0          0          0          0          0   entry11a.o
         4          0          0          0          0          0   entry12b.o
         8          4          0          0          0          0   entry2.o
         4          0          0          0          0          0   entry5.o
         0          0          0          0          0          0   entry7b.o
         0          0          0          0          0          0   entry8b.o
         8          4          0          0          0          0   entry9a.o
        30          0          0          0          0          0   handlers.o
        36          8          0          0          0         68   init.o
         0          0          0          0          0          0   iusefp.o
        30          0          0          0          0         68   llshl.o
        36          0          0          0          0         68   llsshr.o
        32          0          0          0          0         68   llushr.o
        36          0          0          0          0         68   memcpya.o
        36          0          0          0          0        108   memseta.o
      2306         90          0          0          0        684   printfa.o
        28          0          0          0          0         76   strcmp.o
        44          0          0          0          0         80   uidiv.o
        98          0          0          0          0         92   uldiv.o
        48          0          0          0          0         68   cdrcmple.o
       334          0          0          0          0        148   dadd.o
       222          0          0          0          0        100   ddiv.o
       186          0          0          0          0        176   depilogue.o
        48          0          0          0          0         68   dfixul.o
       228          0          0          0          0         96   dmul.o

    ----------------------------------------------------------------------
      3804        106          0          0          0       2036   Library Totals
         2          0          0          0          0          0   (incl. Padding)

    ----------------------------------------------------------------------

      Code (inc. data)   RO Data    RW Data    ZI Data      Debug   Library Name

      2736        106          0          0          0       1380   mc_w.l
      1066          0          0          0          0        656   mf_w.l

    ----------------------------------------------------------------------
      3804        106          0          0          0       2036   Library Totals

    ----------------------------------------------------------------------

==============================================================================


      Code (inc. data)   RO Data    RW Data    ZI Data      Debug   

     35564       2352       5788        252      14204     825846   Grand Totals
     35564       2352       5788        252      14204     825846   ELF Image Totals
     35564       2352       5788        252          0          0   ROM Totals

==============================================================================

    Total RO  Size (Code + RO Data)                41352 (  40.38kB)
    Total RW  Size (RW Data + ZI Data)             14456 (  14.12kB)
    Total ROM Size (Code + RO Data + RW Data)      41604 (  40.63kB)

==============================================================================

